Archive member included to satisfy reference by file (symbol)

/usr/lib/gcc/arm-none-eabi/13.1.0/thumb/v6-m/nofp/libgcc.a(_dvmd_tls.o)
                              CMakeFiles/DC_Motor.dir/home/connor/pico/pico-sdk/src/rp2_common/pico_divider/divider.S.obj (__aeabi_idiv0)
/usr/lib/gcc/arm-none-eabi/13.1.0/../../../../arm-none-eabi/lib/thumb/v6-m/nofp/libg.a(libc_a-atexit.o)
                              /usr/lib/gcc/arm-none-eabi/13.1.0/../../../../arm-none-eabi/lib/thumb/v6-m/nofp/crt0.o (atexit)
/usr/lib/gcc/arm-none-eabi/13.1.0/../../../../arm-none-eabi/lib/thumb/v6-m/nofp/libg.a(libc_a-calloc.o)
                              CMakeFiles/DC_Motor.dir/home/connor/pico/pico-sdk/src/rp2_common/pico_malloc/pico_malloc.c.obj (calloc)
/usr/lib/gcc/arm-none-eabi/13.1.0/../../../../arm-none-eabi/lib/thumb/v6-m/nofp/libg.a(libc_a-callocr.o)
                              /usr/lib/gcc/arm-none-eabi/13.1.0/../../../../arm-none-eabi/lib/thumb/v6-m/nofp/libg.a(libc_a-calloc.o) (_calloc_r)
/usr/lib/gcc/arm-none-eabi/13.1.0/../../../../arm-none-eabi/lib/thumb/v6-m/nofp/libg.a(libc_a-malloc.o)
                              CMakeFiles/DC_Motor.dir/home/connor/pico/pico-sdk/src/rp2_common/pico_malloc/pico_malloc.c.obj (malloc)
/usr/lib/gcc/arm-none-eabi/13.1.0/../../../../arm-none-eabi/lib/thumb/v6-m/nofp/libg.a(libc_a-mallocr.o)
                              /usr/lib/gcc/arm-none-eabi/13.1.0/../../../../arm-none-eabi/lib/thumb/v6-m/nofp/libg.a(libc_a-callocr.o) (_malloc_r)
/usr/lib/gcc/arm-none-eabi/13.1.0/../../../../arm-none-eabi/lib/thumb/v6-m/nofp/libg.a(libc_a-mlock.o)
                              /usr/lib/gcc/arm-none-eabi/13.1.0/../../../../arm-none-eabi/lib/thumb/v6-m/nofp/libg.a(libc_a-mallocr.o) (__malloc_lock)
/usr/lib/gcc/arm-none-eabi/13.1.0/../../../../arm-none-eabi/lib/thumb/v6-m/nofp/libg.a(libc_a-realloc.o)
                              CMakeFiles/DC_Motor.dir/home/connor/pico/pico-sdk/src/rp2_common/pico_malloc/pico_malloc.c.obj (realloc)
/usr/lib/gcc/arm-none-eabi/13.1.0/../../../../arm-none-eabi/lib/thumb/v6-m/nofp/libg.a(libc_a-reallocr.o)
                              /usr/lib/gcc/arm-none-eabi/13.1.0/../../../../arm-none-eabi/lib/thumb/v6-m/nofp/libg.a(libc_a-realloc.o) (_realloc_r)
/usr/lib/gcc/arm-none-eabi/13.1.0/../../../../arm-none-eabi/lib/thumb/v6-m/nofp/libg.a(libc_a-memmove.o)
                              /usr/lib/gcc/arm-none-eabi/13.1.0/../../../../arm-none-eabi/lib/thumb/v6-m/nofp/libg.a(libc_a-reallocr.o) (memmove)
/usr/lib/gcc/arm-none-eabi/13.1.0/../../../../arm-none-eabi/lib/thumb/v6-m/nofp/libg.a(libc_a-impure.o)
                              /usr/lib/gcc/arm-none-eabi/13.1.0/../../../../arm-none-eabi/lib/thumb/v6-m/nofp/libg.a(libc_a-calloc.o) (_impure_ptr)
/usr/lib/gcc/arm-none-eabi/13.1.0/../../../../arm-none-eabi/lib/thumb/v6-m/nofp/libg.a(libc_a-sbrkr.o)
                              /usr/lib/gcc/arm-none-eabi/13.1.0/../../../../arm-none-eabi/lib/thumb/v6-m/nofp/libg.a(libc_a-mallocr.o) (_sbrk_r)
/usr/lib/gcc/arm-none-eabi/13.1.0/../../../../arm-none-eabi/lib/thumb/v6-m/nofp/libg.a(libc_a-errno.o)
                              /usr/lib/gcc/arm-none-eabi/13.1.0/../../../../arm-none-eabi/lib/thumb/v6-m/nofp/libg.a(libc_a-callocr.o) (__errno)
/usr/lib/gcc/arm-none-eabi/13.1.0/../../../../arm-none-eabi/lib/thumb/v6-m/nofp/libg.a(libc_a-init.o)
                              /usr/lib/gcc/arm-none-eabi/13.1.0/../../../../arm-none-eabi/lib/thumb/v6-m/nofp/crt0.o (__libc_init_array)
/usr/lib/gcc/arm-none-eabi/13.1.0/../../../../arm-none-eabi/lib/thumb/v6-m/nofp/libg.a(libc_a-fini.o)
                              /usr/lib/gcc/arm-none-eabi/13.1.0/../../../../arm-none-eabi/lib/thumb/v6-m/nofp/crt0.o (__libc_fini_array)
/usr/lib/gcc/arm-none-eabi/13.1.0/../../../../arm-none-eabi/lib/thumb/v6-m/nofp/libg.a(libc_a-lock.o)
                              /usr/lib/gcc/arm-none-eabi/13.1.0/../../../../arm-none-eabi/lib/thumb/v6-m/nofp/libg.a(libc_a-mlock.o) (__retarget_lock_acquire_recursive)
/usr/lib/gcc/arm-none-eabi/13.1.0/../../../../arm-none-eabi/lib/thumb/v6-m/nofp/libg.a(libc_a-sysconf.o)
                              /usr/lib/gcc/arm-none-eabi/13.1.0/../../../../arm-none-eabi/lib/thumb/v6-m/nofp/libg.a(libc_a-mallocr.o) (sysconf)
/usr/lib/gcc/arm-none-eabi/13.1.0/../../../../arm-none-eabi/lib/thumb/v6-m/nofp/libg.a(libc_a-strlen-stub.o)
                              CMakeFiles/DC_Motor.dir/home/connor/pico/pico-sdk/src/rp2_common/pico_stdio/stdio.c.obj (strlen)
/usr/lib/gcc/arm-none-eabi/13.1.0/../../../../arm-none-eabi/lib/thumb/v6-m/nofp/libg.a(libc_a-__atexit.o)
                              /usr/lib/gcc/arm-none-eabi/13.1.0/../../../../arm-none-eabi/lib/thumb/v6-m/nofp/libg.a(libc_a-atexit.o) (__register_exitproc)
/usr/lib/gcc/arm-none-eabi/13.1.0/../../../../arm-none-eabi/lib/thumb/v6-m/nofp/libg.a(libc_a-__call_atexit.o)
                              /usr/lib/gcc/arm-none-eabi/13.1.0/../../../../arm-none-eabi/lib/thumb/v6-m/nofp/libg.a(libc_a-__atexit.o) (__atexit_recursive_mutex)
[...]
Memory Configuration

Name             Origin             Length             Attributes
FLASH            0x10000000         0x00200000         xr
RAM              0x20000000         0x00040000         xrw
SCRATCH_X        0x20040000         0x00001000         xrw
SCRATCH_Y        0x20041000         0x00001000         xrw
*default*        0x00000000         0xffffffff

Linker script and memory map

LOAD /usr/lib/gcc/arm-none-eabi/13.1.0/thumb/v6-m/nofp/crti.o
LOAD /usr/lib/gcc/arm-none-eabi/13.1.0/thumb/v6-m/nofp/crtbegin.o
LOAD /usr/lib/gcc/arm-none-eabi/13.1.0/../../../../arm-none-eabi/lib/thumb/v6-m/nofp/crt0.o

.flash_begin    0x10000000        0x0
                0x10000000                        __flash_binary_start = .

.boot2          0x10000000      0x100
                0x10000000                        __boot2_start__ = .
 *(.boot2)
 .boot2         0x10000000      0x100 /tmp/cciCVdRW.o
                0x10000100                        __boot2_end__ = .
                0x00000001                        ASSERT (((__boot2_end__ - __boot2_start__) == 0x100), ERROR: Pico second stage bootloader must be 256 bytes in size)

.text           0x10000100     0x3970
                0x10000100                        __logical_binary_start = .
 *(.vectors)
 .vectors       0x10000100       0xd4 CMakeFiles/DC_Motor.dir/home/connor/pico/pico-sdk/src/rp2_common/pico_standard_link/crt0.S.obj
                0x10000100                __vectors
                0x10000100                __VECTOR_TABLE
                0x100001c0                isr_invalid
                0x100001c0                __default_isrs_start
                0x100001c2                isr_nmi
                0x100001c4                isr_hardfault
                0x100001c6                isr_svcall
                0x100001c8                isr_pendsv
                0x100001ca                isr_systick
                0x100001cc                isr_irq30
                0x100001cc                __unhandled_user_irq
                0x100001cc                isr_irq13
                0x100001cc                isr_irq27
                0x100001cc                isr_irq31
                0x100001cc                isr_irq5
                0x100001cc                isr_irq11
                0x100001cc                isr_irq23
                0x100001cc                isr_irq18
                0x100001cc                isr_irq28
                0x100001cc                isr_irq19
                0x100001cc                isr_irq0
                0x100001cc                isr_irq6
                0x100001cc                isr_irq22
                0x100001cc                isr_irq17
                0x100001cc                isr_irq14
                0x100001cc                isr_irq2
                0x100001cc                isr_irq10
                0x100001cc                isr_irq8
                0x100001cc                isr_irq24
                0x100001cc                isr_irq1
                0x100001cc                isr_irq7
                0x100001cc                isr_irq21
                0x100001cc                isr_irq20
                0x100001cc                isr_irq15
                0x100001cc                isr_irq25
                0x100001cc                isr_irq4
                0x100001cc                isr_irq16
                0x100001cc                isr_irq29
                0x100001cc                isr_irq26
                0x100001cc                __default_isrs_end
                0x100001cc                isr_irq3
                0x100001cc                isr_irq12
                0x100001cc                isr_irq9
                0x100001d2                unhandled_user_irq_num_in_r0
 *(.binary_info_header)
 .binary_info_header
                0x100001d4       0x14 CMakeFiles/DC_Motor.dir/home/connor/pico/pico-sdk/src/rp2_common/pico_standard_link/crt0.S.obj
                0x100001e8                        __binary_info_header_end = .
 *(.reset)
 .reset         0x100001e8       0xa0 CMakeFiles/DC_Motor.dir/home/connor/pico/pico-sdk/src/rp2_common/pico_standard_link/crt0.S.obj
                0x100001e8                _entry_point
 .reset         0x10000288       0x30 CMakeFiles/DC_Motor.dir/home/connor/pico/pico-sdk/src/rp2_common/pico_standard_link/binary_info.c.obj
 *(.init)
 .init          0x100002b8        0x4 /usr/lib/gcc/arm-none-eabi/13.1.0/thumb/v6-m/nofp/crti.o
                0x100002b8                _init
 *(EXCLUDE_FILE(*libm.a: *libc.a:*lib_a-mem*.o *libgcc.a:) .text*)
 .text          0x100002bc       0x98 /usr/lib/gcc/arm-none-eabi/13.1.0/thumb/v6-m/nofp/crtbegin.o
 .text.main     0x10000354        0x4 CMakeFiles/DC_Motor.dir/DC_Motor.c.obj
                0x10000354                main
 .text.running_on_fpga
                0x10000358       0x14 CMakeFiles/DC_Motor.dir/home/connor/pico/pico-sdk/src/rp2_common/pico_platform/platform.c.obj
                0x10000358                running_on_fpga
 .text.hw_claim_lock
                0x1000036c       0x18 CMakeFiles/DC_Motor.dir/home/connor/pico/pico-sdk/src/rp2_common/hardware_claim/claim.c.obj
                0x1000036c                hw_claim_lock
 .text.hw_claim_unlock
                0x10000384       0x14 CMakeFiles/DC_Motor.dir/home/connor/pico/pico-sdk/src/rp2_common/hardware_claim/claim.c.obj
                0x10000384                hw_claim_unlock
 .text.hw_claim_or_assert
                0x10000398       0x32 CMakeFiles/DC_Motor.dir/home/connor/pico/pico-sdk/src/rp2_common/hardware_claim/claim.c.obj
                0x10000398                hw_claim_or_assert
 *fill*         0x100003ca        0x2 
 .text.spin_locks_reset
                0x100003cc       0x20 CMakeFiles/DC_Motor.dir/home/connor/pico/pico-sdk/src/rp2_common/hardware_sync/sync.c.obj
                0x100003cc                spin_locks_reset
 .text.next_striped_spin_lock_num
                0x100003ec       0x1c CMakeFiles/DC_Motor.dir/home/connor/pico/pico-sdk/src/rp2_common/hardware_sync/sync.c.obj
                0x100003ec                next_striped_spin_lock_num
 .text.set_raw_irq_handler_and_unlock
                0x10000408       0x28 CMakeFiles/DC_Motor.dir/home/connor/pico/pico-sdk/src/rp2_common/hardware_irq/irq.c.obj
 .text.resolve_branch
                0x10000430       0x30 CMakeFiles/DC_Motor.dir/home/connor/pico/pico-sdk/src/rp2_common/hardware_irq/irq.c.obj
 .text.make_branch
                0x10000460       0x48 CMakeFiles/DC_Motor.dir/home/connor/pico/pico-sdk/src/rp2_common/hardware_irq/irq.c.obj
 .text.insert_branch_and_link
                0x100004a8       0x40 CMakeFiles/DC_Motor.dir/home/connor/pico/pico-sdk/src/rp2_common/hardware_irq/irq.c.obj
 .text.irq_is_enabled
                0x100004e8       0x18 CMakeFiles/DC_Motor.dir/home/connor/pico/pico-sdk/src/rp2_common/hardware_irq/irq.c.obj
                0x100004e8                irq_is_enabled
 .text.irq_set_mask_enabled
                0x10000500       0x20 CMakeFiles/DC_Motor.dir/home/connor/pico/pico-sdk/src/rp2_common/hardware_irq/irq.c.obj
                0x10000500                irq_set_mask_enabled
 .text.irq_set_enabled
                0x10000520        0xe CMakeFiles/DC_Motor.dir/home/connor/pico/pico-sdk/src/rp2_common/hardware_irq/irq.c.obj
                0x10000520                irq_set_enabled
 *fill*         0x1000052e        0x2 
 .text.irq_get_vtable_handler
                0x10000530       0x10 CMakeFiles/DC_Motor.dir/home/connor/pico/pico-sdk/src/rp2_common/hardware_irq/irq.c.obj
                0x10000530                irq_get_vtable_handler
 .text.irq_set_exclusive_handler
                0x10000540       0x54 CMakeFiles/DC_Motor.dir/home/connor/pico/pico-sdk/src/rp2_common/hardware_irq/irq.c.obj
                0x10000540                irq_set_exclusive_handler
 .text.irq_remove_handler
                0x10000594      0x188 CMakeFiles/DC_Motor.dir/home/connor/pico/pico-sdk/src/rp2_common/hardware_irq/irq.c.obj
                0x10000594                irq_remove_handler
 .text.irq_add_tail_to_free_list
                0x1000071c       0xf0 CMakeFiles/DC_Motor.dir/home/connor/pico/pico-sdk/src/rp2_common/hardware_irq/irq.c.obj
                0x1000071c                irq_add_tail_to_free_list
 .text.irq_init_priorities
                0x1000080c       0x1c CMakeFiles/DC_Motor.dir/home/connor/pico/pico-sdk/src/rp2_common/hardware_irq/irq.c.obj
                0x1000080c                irq_init_priorities
 .text.lock_init
                0x10000828       0x10 CMakeFiles/DC_Motor.dir/home/connor/pico/pico-sdk/src/common/pico_sync/lock_core.c.obj
                0x10000828                lock_init
 .text.mutex_init
                0x10000838       0x1a CMakeFiles/DC_Motor.dir/home/connor/pico/pico-sdk/src/common/pico_sync/mutex.c.obj
                0x10000838                mutex_init
 .text.recursive_mutex_init
                0x10000852       0x1e CMakeFiles/DC_Motor.dir/home/connor/pico/pico-sdk/src/common/pico_sync/mutex.c.obj
                0x10000852                recursive_mutex_init
 .text.time_reached
                0x10000870       0x28 CMakeFiles/DC_Motor.dir/home/connor/pico/pico-sdk/src/common/pico_time/time.c.obj
 .text.get_entry
                0x10000898       0x38 CMakeFiles/DC_Motor.dir/home/connor/pico/pico-sdk/src/common/pico_time/time.c.obj
 .text.timer_pool_entry_comparator
                0x100008d0       0x2e CMakeFiles/DC_Motor.dir/home/connor/pico/pico-sdk/src/common/pico_time/time.c.obj
                0x100008d0                timer_pool_entry_comparator
 *fill*         0x100008fe        0x2 
 .text.update_us_since_boot
                0x10000900       0x24 CMakeFiles/DC_Motor.dir/home/connor/pico/pico-sdk/src/common/pico_time/time.c.obj
 .text.delayed_by_us
                0x10000924       0x34 CMakeFiles/DC_Motor.dir/home/connor/pico/pico-sdk/src/common/pico_time/time.c.obj
 .text.ph_get_node
                0x10000958       0x30 CMakeFiles/DC_Motor.dir/home/connor/pico/pico-sdk/src/common/pico_time/time.c.obj
 .text.ph_contains_node
                0x10000988       0x1e CMakeFiles/DC_Motor.dir/home/connor/pico/pico-sdk/src/common/pico_time/time.c.obj
 .text.ph_new_node
                0x100009a6       0x28 CMakeFiles/DC_Motor.dir/home/connor/pico/pico-sdk/src/common/pico_time/time.c.obj
 *fill*         0x100009ce        0x2 
 .text.ph_add_child_node
                0x100009d0       0x6c CMakeFiles/DC_Motor.dir/home/connor/pico/pico-sdk/src/common/pico_time/time.c.obj
 .text.ph_merge_nodes
                0x10000a3c       0x3e CMakeFiles/DC_Motor.dir/home/connor/pico/pico-sdk/src/common/pico_time/time.c.obj
 *fill*         0x10000a7a        0x2 
 .text.ph_insert_node
                0x10000a7c       0x3c CMakeFiles/DC_Motor.dir/home/connor/pico/pico-sdk/src/common/pico_time/time.c.obj
 .text.ph_free_node
                0x10000ab8       0x5c CMakeFiles/DC_Motor.dir/home/connor/pico/pico-sdk/src/common/pico_time/time.c.obj
 .text.get_entry_id_high
                0x10000b14       0x30 CMakeFiles/DC_Motor.dir/home/connor/pico/pico-sdk/src/common/pico_time/time.c.obj
 .text.alarm_pool_post_alloc_init
                0x10000b44       0x40 CMakeFiles/DC_Motor.dir/home/connor/pico/pico-sdk/src/common/pico_time/time.c.obj
 .text.sleep_until_callback
                0x10000b84       0x30 CMakeFiles/DC_Motor.dir/home/connor/pico/pico-sdk/src/common/pico_time/time.c.obj
 .text.get_absolute_time
                0x10000bb4       0x22 CMakeFiles/DC_Motor.dir/home/connor/pico/pico-sdk/src/common/pico_time/time.c.obj
 *fill*         0x10000bd6        0x2 
 .text.add_alarm_under_lock
                0x10000bd8       0x94 CMakeFiles/DC_Motor.dir/home/connor/pico/pico-sdk/src/common/pico_time/time.c.obj
 .text.alarm_pool_alarm_callback
                0x10000c6c      0x210 CMakeFiles/DC_Motor.dir/home/connor/pico/pico-sdk/src/common/pico_time/time.c.obj
 .text.alarm_pool_init_default
                0x10000e7c       0x40 CMakeFiles/DC_Motor.dir/home/connor/pico/pico-sdk/src/common/pico_time/time.c.obj
                0x10000e7c                alarm_pool_init_default
 .text.alarm_pool_get_default
                0x10000ebc       0x2c CMakeFiles/DC_Motor.dir/home/connor/pico/pico-sdk/src/common/pico_time/time.c.obj
                0x10000ebc                alarm_pool_get_default
 .text.alarm_pool_add_alarm_at
                0x10000ee8      0x10e CMakeFiles/DC_Motor.dir/home/connor/pico/pico-sdk/src/common/pico_time/time.c.obj
                0x10000ee8                alarm_pool_add_alarm_at
 .text.add_alarm_at
                0x10000ff6       0x2e CMakeFiles/DC_Motor.dir/home/connor/pico/pico-sdk/src/common/pico_time/time.c.obj
 .text.alarm_pool_cancel_alarm
                0x10001024       0xa8 CMakeFiles/DC_Motor.dir/home/connor/pico/pico-sdk/src/common/pico_time/time.c.obj
                0x10001024                alarm_pool_cancel_alarm
 .text.cancel_alarm
                0x100010cc       0x10 CMakeFiles/DC_Motor.dir/home/connor/pico/pico-sdk/src/common/pico_time/time.c.obj
 .text.best_effort_wfe_or_timeout
                0x100010dc       0x44 CMakeFiles/DC_Motor.dir/home/connor/pico/pico-sdk/src/common/pico_time/time.c.obj
                0x100010dc                best_effort_wfe_or_timeout
 .text.hardware_alarm_irq_handler
                0x10001120       0x8c CMakeFiles/DC_Motor.dir/home/connor/pico/pico-sdk/src/rp2_common/hardware_timer/timer.c.obj
 .text.hardware_alarm_claim
                0x100011ac       0x18 CMakeFiles/DC_Motor.dir/home/connor/pico/pico-sdk/src/rp2_common/hardware_timer/timer.c.obj
                0x100011ac                hardware_alarm_claim
 .text.time_us_64
                0x100011c4       0x18 CMakeFiles/DC_Motor.dir/home/connor/pico/pico-sdk/src/rp2_common/hardware_timer/timer.c.obj
                0x100011c4                time_us_64
 .text.hardware_alarm_set_callback
                0x100011dc       0x90 CMakeFiles/DC_Motor.dir/home/connor/pico/pico-sdk/src/rp2_common/hardware_timer/timer.c.obj
                0x100011dc                hardware_alarm_set_callback
 .text.hardware_alarm_set_target
                0x1000126c       0xe8 CMakeFiles/DC_Motor.dir/home/connor/pico/pico-sdk/src/rp2_common/hardware_timer/timer.c.obj
                0x1000126c                hardware_alarm_set_target
 .text.hardware_alarm_cancel
                0x10001354       0x40 CMakeFiles/DC_Motor.dir/home/connor/pico/pico-sdk/src/rp2_common/hardware_timer/timer.c.obj
                0x10001354                hardware_alarm_cancel
 .text.ph_get_node
                0x10001394       0x30 CMakeFiles/DC_Motor.dir/home/connor/pico/pico-sdk/src/common/pico_util/pheap.c.obj
 .text.ph_add_child_node
                0x100013c4       0x6c CMakeFiles/DC_Motor.dir/home/connor/pico/pico-sdk/src/common/pico_util/pheap.c.obj
 .text.ph_merge_nodes
                0x10001430       0x3e CMakeFiles/DC_Motor.dir/home/connor/pico/pico-sdk/src/common/pico_util/pheap.c.obj
 .text.ph_clear
                0x1000146e       0x34 CMakeFiles/DC_Motor.dir/home/connor/pico/pico-sdk/src/common/pico_util/pheap.c.obj
                0x1000146e                ph_clear
 .text.ph_post_alloc_init
                0x100014a2        0xe CMakeFiles/DC_Motor.dir/home/connor/pico/pico-sdk/src/common/pico_util/pheap.c.obj
                0x100014a2                ph_post_alloc_init
 .text.ph_merge_two_pass
                0x100014b0       0x5c CMakeFiles/DC_Motor.dir/home/connor/pico/pico-sdk/src/common/pico_util/pheap.c.obj
                0x100014b0                ph_merge_two_pass
 .text.ph_remove_any_head
                0x1000150c       0xc0 CMakeFiles/DC_Motor.dir/home/connor/pico/pico-sdk/src/common/pico_util/pheap.c.obj
 .text.ph_remove_head
                0x100015cc       0x14 CMakeFiles/DC_Motor.dir/home/connor/pico/pico-sdk/src/common/pico_util/pheap.c.obj
                0x100015cc                ph_remove_head
 .text.ph_remove_and_free_node
                0x100015e0       0xa0 CMakeFiles/DC_Motor.dir/home/connor/pico/pico-sdk/src/common/pico_util/pheap.c.obj
                0x100015e0                ph_remove_and_free_node
 .text.clock_configure
                0x10001680      0x108 CMakeFiles/DC_Motor.dir/home/connor/pico/pico-sdk/src/rp2_common/hardware_clocks/clocks.c.obj
                0x10001680                clock_configure
 .text.clocks_init
                0x10001788      0x100 CMakeFiles/DC_Motor.dir/home/connor/pico/pico-sdk/src/rp2_common/hardware_clocks/clocks.c.obj
                0x10001788                clocks_init
 .text.pll_init
                0x10001888      0x120 CMakeFiles/DC_Motor.dir/home/connor/pico/pico-sdk/src/rp2_common/hardware_pll/pll.c.obj
                0x10001888                pll_init
 .text.watchdog_start_tick
                0x100019a8       0x10 CMakeFiles/DC_Motor.dir/home/connor/pico/pico-sdk/src/rp2_common/hardware_watchdog/watchdog.c.obj
                0x100019a8                watchdog_start_tick
 .text.xosc_init
                0x100019b8       0x28 CMakeFiles/DC_Motor.dir/home/connor/pico/pico-sdk/src/rp2_common/hardware_xosc/xosc.c.obj
                0x100019b8                xosc_init
 .text._exit    0x100019e0        0x4 CMakeFiles/DC_Motor.dir/home/connor/pico/pico-sdk/src/rp2_common/pico_runtime/runtime.c.obj
                0x100019e0                _exit
 .text.exit     0x100019e4        0x6 CMakeFiles/DC_Motor.dir/home/connor/pico/pico-sdk/src/rp2_common/pico_runtime/runtime.c.obj
                0x100019e4                exit
 *fill*         0x100019ea        0x2 
 .text.__assert_func
                0x100019ec       0x38 CMakeFiles/DC_Motor.dir/home/connor/pico/pico-sdk/src/rp2_common/pico_runtime/runtime.c.obj
                0x100019ec                __assert_func
 .text.runtime_init
                0x10001a24       0xf8 CMakeFiles/DC_Motor.dir/home/connor/pico/pico-sdk/src/rp2_common/pico_runtime/runtime.c.obj
                0x10001a24                runtime_init
 .text.panic    0x10001b1c       0x30 CMakeFiles/DC_Motor.dir/home/connor/pico/pico-sdk/src/rp2_common/pico_runtime/runtime.c.obj
                0x10001b1c                panic
 .text._out_null
                0x10001b4c        0x2 CMakeFiles/DC_Motor.dir/home/connor/pico/pico-sdk/src/rp2_common/pico_printf/printf.c.obj
 .text._out_fct
                0x10001b4e        0xe CMakeFiles/DC_Motor.dir/home/connor/pico/pico-sdk/src/rp2_common/pico_printf/printf.c.obj
 .text._atoi    0x10001b5c       0x24 CMakeFiles/DC_Motor.dir/home/connor/pico/pico-sdk/src/rp2_common/pico_printf/printf.c.obj
 .text._out_rev
                0x10001b80       0xae CMakeFiles/DC_Motor.dir/home/connor/pico/pico-sdk/src/rp2_common/pico_printf/printf.c.obj
 .text._ntoa_format
                0x10001c2e      0x110 CMakeFiles/DC_Motor.dir/home/connor/pico/pico-sdk/src/rp2_common/pico_printf/printf.c.obj
 .text._ntoa_long
                0x10001d3e       0xbc CMakeFiles/DC_Motor.dir/home/connor/pico/pico-sdk/src/rp2_common/pico_printf/printf.c.obj
 .text._ntoa_long_long
                0x10001dfa      0x10e CMakeFiles/DC_Motor.dir/home/connor/pico/pico-sdk/src/rp2_common/pico_printf/printf.c.obj
 .text._etoa    0x10001f08      0x420 CMakeFiles/DC_Motor.dir/home/connor/pico/pico-sdk/src/rp2_common/pico_printf/printf.c.obj
 .text._ftoa    0x10002328      0x354 CMakeFiles/DC_Motor.dir/home/connor/pico/pico-sdk/src/rp2_common/pico_printf/printf.c.obj
 .text._vsnprintf
                0x1000267c      0x668 CMakeFiles/DC_Motor.dir/home/connor/pico/pico-sdk/src/rp2_common/pico_printf/printf.c.obj
 .text.vfctprintf
                0x10002ce4       0x20 CMakeFiles/DC_Motor.dir/home/connor/pico/pico-sdk/src/rp2_common/pico_printf/printf.c.obj
                0x10002ce4                vfctprintf
 .text          0x10002d04       0x10 CMakeFiles/DC_Motor.dir/home/connor/pico/pico-sdk/src/rp2_common/pico_bit_ops/bit_ops_aeabi.S.obj
 .text.rom_func_lookup
                0x10002d14       0x10 CMakeFiles/DC_Motor.dir/home/connor/pico/pico-sdk/src/rp2_common/pico_bootrom/bootrom.c.obj
                0x10002d14                rom_func_lookup
 .text.rom_data_lookup
                0x10002d24       0x10 CMakeFiles/DC_Motor.dir/home/connor/pico/pico-sdk/src/rp2_common/pico_bootrom/bootrom.c.obj
                0x10002d24                rom_data_lookup
 .text.rom_funcs_lookup
                0x10002d34       0x36 CMakeFiles/DC_Motor.dir/home/connor/pico/pico-sdk/src/rp2_common/pico_bootrom/bootrom.c.obj
                0x10002d34                rom_funcs_lookup
 *fill*         0x10002d6a        0x2 
 .text.__wrap___aeabi_idiv
                0x10002d6c       0x50 CMakeFiles/DC_Motor.dir/home/connor/pico/pico-sdk/src/rp2_common/pico_divider/divider.S.obj
                0x10002d6c                __wrap___aeabi_idivmod
                0x10002d6c                divmod_s32s32
                0x10002d6c                div_s32s32
                0x10002d6c                __wrap___aeabi_idiv
                0x10002d74                divmod_s32s32_unsafe
                0x10002da0                divmod_s32s32_savestate
 .text.__wrap___aeabi_uidiv
                0x10002dbc       0x4c CMakeFiles/DC_Motor.dir/home/connor/pico/pico-sdk/src/rp2_common/pico_divider/divider.S.obj
                0x10002dbc                __wrap___aeabi_uidiv
                0x10002dbc                __wrap___aeabi_uidivmod
                0x10002dbc                div_u32u32
                0x10002dbc                divmod_u32u32
                0x10002dc4                divmod_u32u32_unsafe
                0x10002dec                divmod_u32u32_savestate
 .text.__wrap___aeabi_ldiv
                0x10002e08      0x424 CMakeFiles/DC_Motor.dir/home/connor/pico/pico-sdk/src/rp2_common/pico_divider/divider.S.obj
                0x10002e08                div_s64s64
                0x10002e08                divmod_s64s64
                0x10002e08                __wrap___aeabi_ldivmod
                0x10002e38                div_u64u64
                0x10002e38                divmod_u64u64
                0x10002e38                __wrap___aeabi_uldivmod
                0x10002e48                divmod_u64u64_savestate
                0x10002e68                divmod_s64s64_unsafe
                0x10002ef0                divmod_u64u64_unsafe
 .text.__wrap___aeabi_darithmetic
                0x1000322c       0x60 CMakeFiles/DC_Motor.dir/home/connor/pico/pico-sdk/src/rp2_common/pico_double/double_aeabi.S.obj
                0x1000322c                __wrap___aeabi_drsub
                0x10003232                __wrap___aeabi_dsub
                0x1000323c                __wrap___aeabi_dadd
                0x10003246                __wrap___aeabi_ddiv
                0x1000327a                __wrap___aeabi_dmul
 .text.__wrap___aeabi_cdcmple
                0x1000328c       0x6c CMakeFiles/DC_Motor.dir/home/connor/pico/pico-sdk/src/rp2_common/pico_double/double_aeabi.S.obj
                0x1000328c                __wrap___aeabi_cdrcmple
                0x1000329c                __wrap___aeabi_cdcmple
                0x1000329c                __wrap___aeabi_cdcmpeq
 .text.__wrap___aeabi_dcmplt
                0x100032f8        0xc CMakeFiles/DC_Motor.dir/home/connor/pico/pico-sdk/src/rp2_common/pico_double/double_aeabi.S.obj
                0x100032f8                __wrap___aeabi_dcmplt
 .text.__wrap___aeabi_dcmple
                0x10003304       0x10 CMakeFiles/DC_Motor.dir/home/connor/pico/pico-sdk/src/rp2_common/pico_double/double_aeabi.S.obj
                0x10003304                __wrap___aeabi_dcmple
 .text.__wrap___aeabi_dcmpge
                0x10003314       0x10 CMakeFiles/DC_Motor.dir/home/connor/pico/pico-sdk/src/rp2_common/pico_double/double_aeabi.S.obj
                0x10003314                __wrap___aeabi_dcmpge
 .text.__wrap___aeabi_dcmpgt
                0x10003324        0xa CMakeFiles/DC_Motor.dir/home/connor/pico/pico-sdk/src/rp2_common/pico_double/double_aeabi.S.obj
                0x10003324                __wrap___aeabi_dcmpgt
 .text.__wrap___aeabi_dcmpun
                0x1000332e       0x1c CMakeFiles/DC_Motor.dir/home/connor/pico/pico-sdk/src/rp2_common/pico_double/double_aeabi.S.obj
                0x1000332e                __wrap___aeabi_dcmpun
 *fill*         0x1000334a        0x2 
 .text.__wrap___aeabi_i2d
                0x1000334c       0x38 CMakeFiles/DC_Motor.dir/home/connor/pico/pico-sdk/src/rp2_common/pico_double/double_aeabi.S.obj
                0x1000334c                __wrap___aeabi_ui2d
                0x10003354                __wrap___aeabi_i2d
 .text.__wrap___aeabi_d2iz
                0x10003384       0x48 CMakeFiles/DC_Motor.dir/home/connor/pico/pico-sdk/src/rp2_common/pico_double/double_aeabi.S.obj
                0x10003384                __wrap___aeabi_d2iz
                0x10003384                double2int_z
 .text.__wrap___aeabi_d2uiz
                0x100033cc       0x10 CMakeFiles/DC_Motor.dir/home/connor/pico/pico-sdk/src/rp2_common/pico_double/double_aeabi.S.obj
                0x100033cc                double2uint
                0x100033cc                __wrap___aeabi_d2uiz
 .text.missing_double_func_shim
                0x100033dc        0xc CMakeFiles/DC_Motor.dir/home/connor/pico/pico-sdk/src/rp2_common/pico_double/double_init_rom.c.obj
 .text.__aeabi_double_init
                0x100033e8       0xd0 CMakeFiles/DC_Motor.dir/home/connor/pico/pico-sdk/src/rp2_common/pico_double/double_init_rom.c.obj
                0x100033e8                __aeabi_double_init
 .text.double_table_shim_on_use_helper
                0x100034b8       0x34 CMakeFiles/DC_Motor.dir/home/connor/pico/pico-sdk/src/rp2_common/pico_double/double_v1_rom_shim.S.obj
                0x100034b8                double_table_shim_on_use_helper
 .text.__aeabi_lmul
                0x100034ec       0x32 CMakeFiles/DC_Motor.dir/home/connor/pico/pico-sdk/src/rp2_common/pico_int64_ops/pico_int64_ops_aeabi.S.obj
                0x100034ec                __wrap___aeabi_lmul
 *fill*         0x1000351e        0x2 
 .text.missing_float_func_shim
                0x10003520        0xc CMakeFiles/DC_Motor.dir/home/connor/pico/pico-sdk/src/rp2_common/pico_float/float_init_rom.c.obj
 .text.__aeabi_float_init
                0x1000352c       0x88 CMakeFiles/DC_Motor.dir/home/connor/pico/pico-sdk/src/rp2_common/pico_float/float_init_rom.c.obj
                0x1000352c                __aeabi_float_init
 .text          0x100035b4       0x10 CMakeFiles/DC_Motor.dir/home/connor/pico/pico-sdk/src/rp2_common/pico_mem_ops/mem_ops_aeabi.S.obj
                0x100035b4                __aeabi_mem_init
 .text.memcpy   0x100035c4        0xc CMakeFiles/DC_Motor.dir/home/connor/pico/pico-sdk/src/rp2_common/pico_mem_ops/mem_ops_aeabi.S.obj
                0x100035c4                __wrap___aeabi_memcpy
                0x100035c4                __wrap_memcpy
 .text.stdio_out_chars_no_crlf
                0x100035d0        0xe CMakeFiles/DC_Motor.dir/home/connor/pico/pico-sdk/src/rp2_common/pico_stdio/stdio.c.obj
 *fill*         0x100035de        0x2 
 .text.stdio_out_chars_crlf
                0x100035e0       0x80 CMakeFiles/DC_Motor.dir/home/connor/pico/pico-sdk/src/rp2_common/pico_stdio/stdio.c.obj
 .text.stdio_stack_buffer_flush
                0x10003660       0x44 CMakeFiles/DC_Motor.dir/home/connor/pico/pico-sdk/src/rp2_common/pico_stdio/stdio.c.obj
 .text.stdio_buffered_printer
                0x100036a4       0x20 CMakeFiles/DC_Motor.dir/home/connor/pico/pico-sdk/src/rp2_common/pico_stdio/stdio.c.obj
 .text.update_us_since_boot
                0x100036c4       0x24 CMakeFiles/DC_Motor.dir/home/connor/pico/pico-sdk/src/rp2_common/pico_stdio/stdio.c.obj
 .text.get_absolute_time
                0x100036e8       0x22 CMakeFiles/DC_Motor.dir/home/connor/pico/pico-sdk/src/rp2_common/pico_stdio/stdio.c.obj
 *fill*         0x1000370a        0x2 
 .text.delayed_by_ms
                0x1000370c       0x44 CMakeFiles/DC_Motor.dir/home/connor/pico/pico-sdk/src/rp2_common/pico_stdio/stdio.c.obj
 .text.make_timeout_time_ms
                0x10003750       0x20 CMakeFiles/DC_Motor.dir/home/connor/pico/pico-sdk/src/rp2_common/pico_stdio/stdio.c.obj
 .text.stdout_serialize_begin
                0x10003770       0x20 CMakeFiles/DC_Motor.dir/home/connor/pico/pico-sdk/src/rp2_common/pico_stdio/stdio.c.obj
                0x10003770                stdout_serialize_begin
 .text.stdout_serialize_end
                0x10003790       0x10 CMakeFiles/DC_Motor.dir/home/connor/pico/pico-sdk/src/rp2_common/pico_stdio/stdio.c.obj
                0x10003790                stdout_serialize_end
 .text.stdio_put_string
                0x100037a0       0x98 CMakeFiles/DC_Motor.dir/home/connor/pico/pico-sdk/src/rp2_common/pico_stdio/stdio.c.obj
 .text.stdio_flush
                0x10003838       0x20 CMakeFiles/DC_Motor.dir/home/connor/pico/pico-sdk/src/rp2_common/pico_stdio/stdio.c.obj
                0x10003838                stdio_flush
 .text.__wrap_puts
                0x10003858       0x1e CMakeFiles/DC_Motor.dir/home/connor/pico/pico-sdk/src/rp2_common/pico_stdio/stdio.c.obj
                0x10003858                __wrap_puts
 *fill*         0x10003876        0x2 
 .text.__wrap_vprintf
                0x10003878       0x40 CMakeFiles/DC_Motor.dir/home/connor/pico/pico-sdk/src/rp2_common/pico_stdio/stdio.c.obj
                0x10003878                __wrap_vprintf
 .text.__wrap_printf
                0x100038b8       0x18 CMakeFiles/DC_Motor.dir/home/connor/pico/pico-sdk/src/rp2_common/pico_stdio/stdio.c.obj
                0x100038b8                __wrap_printf
 .text.atexit   0x100038d0       0x10 /usr/lib/gcc/arm-none-eabi/13.1.0/../../../../arm-none-eabi/lib/thumb/v6-m/nofp/libg.a(libc_a-atexit.o)
                0x100038d0                atexit
 .text.__libc_fini_array
                0x100038e0       0x28 /usr/lib/gcc/arm-none-eabi/13.1.0/../../../../arm-none-eabi/lib/thumb/v6-m/nofp/libg.a(libc_a-fini.o)
                0x100038e0                __libc_fini_array
 .text.__retarget_lock_acquire_recursive
                0x10003908        0x4 /usr/lib/gcc/arm-none-eabi/13.1.0/../../../../arm-none-eabi/lib/thumb/v6-m/nofp/libg.a(libc_a-lock.o)
                0x10003908                __retarget_lock_acquire_recursive
 .text.__retarget_lock_release_recursive
                0x1000390c        0x4 /usr/lib/gcc/arm-none-eabi/13.1.0/../../../../arm-none-eabi/lib/thumb/v6-m/nofp/libg.a(libc_a-lock.o)
                0x1000390c                __retarget_lock_release_recursive
 .text.strlen   0x10003910       0x5c /usr/lib/gcc/arm-none-eabi/13.1.0/../../../../arm-none-eabi/lib/thumb/v6-m/nofp/libg.a(libc_a-strlen-stub.o)
                0x10003910                strlen
 .text.__register_exitproc
                0x1000396c       0xa8 /usr/lib/gcc/arm-none-eabi/13.1.0/../../../../arm-none-eabi/lib/thumb/v6-m/nofp/libg.a(libc_a-__atexit.o)
                0x1000396c                __register_exitproc
 .text.startup.register_fini
                0x10003a14       0x18 /usr/lib/gcc/arm-none-eabi/13.1.0/../../../../arm-none-eabi/lib/thumb/v6-m/nofp/libg.a(libc_a-__call_atexit.o)
 *(.fini)
 .fini          0x10003a2c        0x4 /usr/lib/gcc/arm-none-eabi/13.1.0/thumb/v6-m/nofp/crti.o
                0x10003a2c                _fini
 .fini.__stub   0x10003a30       0x40 linker stubs
 *crtbegin.o(.ctors)
 *crtbegin?.o(.ctors)
 *(EXCLUDE_FILE(*crtend.o *crtend?.o) .ctors)
 *(SORT_BY_NAME(.ctors.*))
 *(.ctors)
 *crtbegin.o(.dtors)
 *crtbegin?.o(.dtors)
 *(EXCLUDE_FILE(*crtend.o *crtend?.o) .dtors)
 *(SORT_BY_NAME(.dtors.*))
 *(.dtors)
 *(.eh_frame*)
 .eh_frame      0x10003a70        0x0 /usr/lib/gcc/arm-none-eabi/13.1.0/thumb/v6-m/nofp/crtbegin.o
                0x10003a70                        . = ALIGN (0x4)

.glue_7         0x10003a70        0x0
 .glue_7        0x10003a70        0x0 linker stubs

.glue_7t        0x10003a70        0x0
 .glue_7t       0x10003a70        0x0 linker stubs

.vfp11_veneer   0x10003a70        0x0
 .vfp11_veneer  0x10003a70        0x0 linker stubs

.v4_bx          0x10003a70        0x0
 .v4_bx         0x10003a70        0x0 linker stubs

.iplt           0x10003a70        0x0
 .iplt          0x10003a70        0x0 /usr/lib/gcc/arm-none-eabi/13.1.0/thumb/v6-m/nofp/crtbegin.o

.rodata         0x10003a70      0xda8
 *(EXCLUDE_FILE(*libm.a: *libc.a:*lib_a-mem*.o *libgcc.a:) .rodata*)
 .rodata.resolve_branch.str1.4
                0x10003a70       0x55 CMakeFiles/DC_Motor.dir/home/connor/pico/pico-sdk/src/rp2_common/hardware_irq/irq.c.obj
 *fill*         0x10003ac5        0x3 
 .rodata.make_branch.str1.4
                0x10003ac8       0x30 CMakeFiles/DC_Motor.dir/home/connor/pico/pico-sdk/src/rp2_common/hardware_irq/irq.c.obj
 .rodata.insert_branch_and_link.str1.4
                0x10003af8       0x10 CMakeFiles/DC_Motor.dir/home/connor/pico/pico-sdk/src/rp2_common/hardware_irq/irq.c.obj
 .rodata.irq_set_exclusive_handler.str1.4
                0x10003b08       0x36 CMakeFiles/DC_Motor.dir/home/connor/pico/pico-sdk/src/rp2_common/hardware_irq/irq.c.obj
 *fill*         0x10003b3e        0x2 
 .rodata.irq_remove_handler.str1.4
                0x10003b40       0x3a CMakeFiles/DC_Motor.dir/home/connor/pico/pico-sdk/src/rp2_common/hardware_irq/irq.c.obj
 *fill*         0x10003b7a        0x2 
 .rodata.irq_add_tail_to_free_list.str1.4
                0x10003b7c       0x3a CMakeFiles/DC_Motor.dir/home/connor/pico/pico-sdk/src/rp2_common/hardware_irq/irq.c.obj
 *fill*         0x10003bb6        0x2 
 .rodata.__func__.0
                0x10003bb8       0x1a CMakeFiles/DC_Motor.dir/home/connor/pico/pico-sdk/src/rp2_common/hardware_irq/irq.c.obj
 *fill*         0x10003bd2        0x2 
 .rodata.__func__.1
                0x10003bd4       0x17 CMakeFiles/DC_Motor.dir/home/connor/pico/pico-sdk/src/rp2_common/hardware_irq/irq.c.obj
 *fill*         0x10003beb        0x1 
 .rodata.__func__.2
                0x10003bec       0x13 CMakeFiles/DC_Motor.dir/home/connor/pico/pico-sdk/src/rp2_common/hardware_irq/irq.c.obj
 *fill*         0x10003bff        0x1 
 .rodata.__func__.3
                0x10003c00        0xc CMakeFiles/DC_Motor.dir/home/connor/pico/pico-sdk/src/rp2_common/hardware_irq/irq.c.obj
 .rodata.__func__.4
                0x10003c0c        0xf CMakeFiles/DC_Motor.dir/home/connor/pico/pico-sdk/src/rp2_common/hardware_irq/irq.c.obj
 *fill*         0x10003c1b        0x1 
 .rodata.__func__.6
                0x10003c1c       0x1a CMakeFiles/DC_Motor.dir/home/connor/pico/pico-sdk/src/rp2_common/hardware_irq/irq.c.obj
 *fill*         0x10003c36        0x2 
 .rodata.str1.4
                0x10003c38       0x89 CMakeFiles/DC_Motor.dir/home/connor/pico/pico-sdk/src/common/pico_sync/mutex.c.obj
 *fill*         0x10003cc1        0x3 
 .rodata.__func__.1
                0x10003cc4        0xb CMakeFiles/DC_Motor.dir/home/connor/pico/pico-sdk/src/common/pico_sync/mutex.c.obj
 *fill*         0x10003ccf        0x1 
 .rodata.__func__.3
                0x10003cd0       0x18 CMakeFiles/DC_Motor.dir/home/connor/pico/pico-sdk/src/common/pico_sync/mutex.c.obj
 .rodata.get_entry.str1.4
                0x10003ce8       0x5b CMakeFiles/DC_Motor.dir/home/connor/pico/pico-sdk/src/common/pico_time/time.c.obj
 *fill*         0x10003d43        0x1 
 .rodata.update_us_since_boot.str1.4
                0x10003d44       0x61 CMakeFiles/DC_Motor.dir/home/connor/pico/pico-sdk/src/common/pico_time/time.c.obj
 *fill*         0x10003da5        0x3 
 .rodata.ph_get_node.str1.4
                0x10003da8       0x66 CMakeFiles/DC_Motor.dir/home/connor/pico/pico-sdk/src/common/pico_time/time.c.obj
 *fill*         0x10003e0e        0x2 
 .rodata.ph_add_child_node.str1.4
                0x10003e10       0x2e CMakeFiles/DC_Motor.dir/home/connor/pico/pico-sdk/src/common/pico_time/time.c.obj
 *fill*         0x10003e3e        0x2 
 .rodata.ph_insert_node.str1.4
                0x10003e40        0x3 CMakeFiles/DC_Motor.dir/home/connor/pico/pico-sdk/src/common/pico_time/time.c.obj
 *fill*         0x10003e43        0x1 
 .rodata.ph_free_node.str1.4
                0x10003e44       0x38 CMakeFiles/DC_Motor.dir/home/connor/pico/pico-sdk/src/common/pico_time/time.c.obj
 .rodata.add_alarm_under_lock.str1.4
                0x10003e7c       0x28 CMakeFiles/DC_Motor.dir/home/connor/pico/pico-sdk/src/common/pico_time/time.c.obj
 .rodata.alarm_pool_alarm_callback.str1.4
                0x10003ea4       0x60 CMakeFiles/DC_Motor.dir/home/connor/pico/pico-sdk/src/common/pico_time/time.c.obj
 .rodata.alarm_pool_get_default.str1.4
                0x10003f04       0x21 CMakeFiles/DC_Motor.dir/home/connor/pico/pico-sdk/src/common/pico_time/time.c.obj
 *fill*         0x10003f25        0x3 
 .rodata.alarm_pool_cancel_alarm.str1.4
                0x10003f28       0x27 CMakeFiles/DC_Motor.dir/home/connor/pico/pico-sdk/src/common/pico_time/time.c.obj
 *fill*         0x10003f4f        0x1 
 .rodata.__func__.1
                0x10003f50       0x18 CMakeFiles/DC_Motor.dir/home/connor/pico/pico-sdk/src/common/pico_time/time.c.obj
 .rodata.__func__.3
                0x10003f68       0x17 CMakeFiles/DC_Motor.dir/home/connor/pico/pico-sdk/src/common/pico_time/time.c.obj
 *fill*         0x10003f7f        0x1 
 .rodata.__func__.4
                0x10003f80       0x12 CMakeFiles/DC_Motor.dir/home/connor/pico/pico-sdk/src/common/pico_time/time.c.obj
 *fill*         0x10003f92        0x2 
 .rodata.__func__.5
                0x10003f94        0xd CMakeFiles/DC_Motor.dir/home/connor/pico/pico-sdk/src/common/pico_time/time.c.obj
 *fill*         0x10003fa1        0x3 
 .rodata.__func__.6
                0x10003fa4       0x12 CMakeFiles/DC_Motor.dir/home/connor/pico/pico-sdk/src/common/pico_time/time.c.obj
 *fill*         0x10003fb6        0x2 
 .rodata.__func__.7
                0x10003fb8        0xf CMakeFiles/DC_Motor.dir/home/connor/pico/pico-sdk/src/common/pico_time/time.c.obj
 *fill*         0x10003fc7        0x1 
 .rodata.__func__.8
                0x10003fc8        0xc CMakeFiles/DC_Motor.dir/home/connor/pico/pico-sdk/src/common/pico_time/time.c.obj
 .rodata.__func__.9
                0x10003fd4       0x15 CMakeFiles/DC_Motor.dir/home/connor/pico/pico-sdk/src/common/pico_time/time.c.obj
 *fill*         0x10003fe9        0x3 
 .rodata.__func__.10
                0x10003fec       0x15 CMakeFiles/DC_Motor.dir/home/connor/pico/pico-sdk/src/common/pico_time/time.c.obj
 *fill*         0x10004001        0x3 
 .rodata.__func__.11
                0x10004004       0x1a CMakeFiles/DC_Motor.dir/home/connor/pico/pico-sdk/src/common/pico_time/time.c.obj
 *fill*         0x1000401e        0x2 
 .rodata.__func__.12
                0x10004020        0xa CMakeFiles/DC_Motor.dir/home/connor/pico/pico-sdk/src/common/pico_time/time.c.obj
 *fill*         0x1000402a        0x2 
 .rodata.hardware_alarm_claim.str1.4
                0x1000402c       0x22 CMakeFiles/DC_Motor.dir/home/connor/pico/pico-sdk/src/rp2_common/hardware_timer/timer.c.obj
 *fill*         0x1000404e        0x2 
 .rodata.hardware_alarm_set_target.str1.4
                0x10004050       0x65 CMakeFiles/DC_Motor.dir/home/connor/pico/pico-sdk/src/rp2_common/hardware_timer/timer.c.obj
 *fill*         0x100040b5        0x3 
 .rodata.__func__.0
                0x100040b8       0x1a CMakeFiles/DC_Motor.dir/home/connor/pico/pico-sdk/src/rp2_common/hardware_timer/timer.c.obj
 .rodata.ph_get_node.str1.4
                0x100040d2       0x66 CMakeFiles/DC_Motor.dir/home/connor/pico/pico-sdk/src/common/pico_util/pheap.c.obj
 .rodata.ph_add_child_node.str1.4
                0x100040d2       0x2e CMakeFiles/DC_Motor.dir/home/connor/pico/pico-sdk/src/common/pico_util/pheap.c.obj
 *fill*         0x100040d2        0x2 
 .rodata.ph_remove_any_head.str1.4
                0x100040d4       0x8c CMakeFiles/DC_Motor.dir/home/connor/pico/pico-sdk/src/common/pico_util/pheap.c.obj
                                 0xa0 (size before relaxing)
 .rodata.ph_remove_and_free_node.str1.4
                0x10004160       0x1e CMakeFiles/DC_Motor.dir/home/connor/pico/pico-sdk/src/common/pico_util/pheap.c.obj
                                 0x26 (size before relaxing)
 *fill*         0x1000417e        0x2 
 .rodata.__func__.0
                0x10004180       0x18 CMakeFiles/DC_Motor.dir/home/connor/pico/pico-sdk/src/common/pico_util/pheap.c.obj
 .rodata.__func__.1
                0x10004198       0x13 CMakeFiles/DC_Motor.dir/home/connor/pico/pico-sdk/src/common/pico_util/pheap.c.obj
 *fill*         0x100041ab        0x1 
 .rodata.__func__.2
                0x100041ac       0x12 CMakeFiles/DC_Motor.dir/home/connor/pico/pico-sdk/src/common/pico_util/pheap.c.obj
 *fill*         0x100041be        0x2 
 .rodata.__func__.3
                0x100041c0        0xc CMakeFiles/DC_Motor.dir/home/connor/pico/pico-sdk/src/common/pico_util/pheap.c.obj
 .rodata.clock_configure.str1.4
                0x100041cc       0x57 CMakeFiles/DC_Motor.dir/home/connor/pico/pico-sdk/src/rp2_common/hardware_clocks/clocks.c.obj
 *fill*         0x10004223        0x1 
 .rodata.__func__.1
                0x10004224       0x10 CMakeFiles/DC_Motor.dir/home/connor/pico/pico-sdk/src/rp2_common/hardware_clocks/clocks.c.obj
 .rodata.pll_init.str1.4
                0x10004234      0x124 CMakeFiles/DC_Motor.dir/home/connor/pico/pico-sdk/src/rp2_common/hardware_pll/pll.c.obj
 .rodata.__func__.0
                0x10004358        0x9 CMakeFiles/DC_Motor.dir/home/connor/pico/pico-sdk/src/rp2_common/hardware_pll/pll.c.obj
 *fill*         0x10004361        0x3 
 .rodata.__assert_func.str1.4
                0x10004364       0x3f CMakeFiles/DC_Motor.dir/home/connor/pico/pico-sdk/src/rp2_common/pico_runtime/runtime.c.obj
                                 0x43 (size before relaxing)
 *fill*         0x100043a3        0x1 
 .rodata.runtime_init.str1.4
                0x100043a4       0x61 CMakeFiles/DC_Motor.dir/home/connor/pico/pico-sdk/src/rp2_common/pico_runtime/runtime.c.obj
 *fill*         0x10004405        0x3 
 .rodata.panic.str1.4
                0x10004408       0x12 CMakeFiles/DC_Motor.dir/home/connor/pico/pico-sdk/src/rp2_common/pico_runtime/runtime.c.obj
 *fill*         0x1000441a        0x2 
 .rodata.__func__.2
                0x1000441c        0xd CMakeFiles/DC_Motor.dir/home/connor/pico/pico-sdk/src/rp2_common/pico_runtime/runtime.c.obj
 *fill*         0x10004429        0x3 
 .rodata._ftoa.str1.4
                0x1000442c       0x15 CMakeFiles/DC_Motor.dir/home/connor/pico/pico-sdk/src/rp2_common/pico_printf/printf.c.obj
 *fill*         0x10004441        0x3 
 .rodata._vsnprintf
                0x10004444      0x19c CMakeFiles/DC_Motor.dir/home/connor/pico/pico-sdk/src/rp2_common/pico_printf/printf.c.obj
 .rodata.pow10.0
                0x100045e0       0x50 CMakeFiles/DC_Motor.dir/home/connor/pico/pico-sdk/src/rp2_common/pico_printf/printf.c.obj
 .rodata.missing_double_func_shim.str1.4
                0x10004630       0x18 CMakeFiles/DC_Motor.dir/home/connor/pico/pico-sdk/src/rp2_common/pico_double/double_init_rom.c.obj
 .rodata.__aeabi_double_init.str1.4
                0x10004648       0x9c CMakeFiles/DC_Motor.dir/home/connor/pico/pico-sdk/src/rp2_common/pico_double/double_init_rom.c.obj
 .rodata.__func__.0
                0x100046e4       0x14 CMakeFiles/DC_Motor.dir/home/connor/pico/pico-sdk/src/rp2_common/pico_double/double_init_rom.c.obj
 .rodata.missing_float_func_shim.str1.4
                0x100046f8        0x1 CMakeFiles/DC_Motor.dir/home/connor/pico/pico-sdk/src/rp2_common/pico_float/float_init_rom.c.obj
 .rodata.__aeabi_float_init.str1.4
                0x100046f8       0x7a CMakeFiles/DC_Motor.dir/home/connor/pico/pico-sdk/src/rp2_common/pico_float/float_init_rom.c.obj
 *fill*         0x10004772        0x2 
 .rodata.__func__.0
                0x10004774       0x13 CMakeFiles/DC_Motor.dir/home/connor/pico/pico-sdk/src/rp2_common/pico_float/float_init_rom.c.obj
 *fill*         0x10004787        0x1 
 .rodata.str1.4
                0x10004788       0x44 CMakeFiles/DC_Motor.dir/home/connor/pico/pico-sdk/src/rp2_common/pico_standard_link/binary_info.c.obj
 .rodata.__bi_81
                0x100047cc        0xc CMakeFiles/DC_Motor.dir/home/connor/pico/pico-sdk/src/rp2_common/pico_standard_link/binary_info.c.obj
 .rodata.__bi_75
                0x100047d8        0xc CMakeFiles/DC_Motor.dir/home/connor/pico/pico-sdk/src/rp2_common/pico_standard_link/binary_info.c.obj
 .rodata.__bi_56
                0x100047e4        0xc CMakeFiles/DC_Motor.dir/home/connor/pico/pico-sdk/src/rp2_common/pico_standard_link/binary_info.c.obj
 .rodata.__bi_44
                0x100047f0        0xc CMakeFiles/DC_Motor.dir/home/connor/pico/pico-sdk/src/rp2_common/pico_standard_link/binary_info.c.obj
 .rodata.update_us_since_boot.str1.4
                0x100047fc       0x61 CMakeFiles/DC_Motor.dir/home/connor/pico/pico-sdk/src/rp2_common/pico_stdio/stdio.c.obj
 .rodata.crlf_str.2
                0x100047fc        0x2 CMakeFiles/DC_Motor.dir/home/connor/pico/pico-sdk/src/rp2_common/pico_stdio/stdio.c.obj
 *fill*         0x100047fe        0x2 
 .rodata.__func__.3
                0x10004800       0x15 CMakeFiles/DC_Motor.dir/home/connor/pico/pico-sdk/src/rp2_common/pico_stdio/stdio.c.obj
                0x10004818                        . = ALIGN (0x4)
 *fill*         0x10004815        0x3 
 *(SORT_BY_ALIGNMENT(SORT_BY_NAME(.flashdata*)))
                0x10004818                        . = ALIGN (0x4)

.ARM.extab
 *(.ARM.extab* .gnu.linkonce.armextab.*)
                0x10004818                        __exidx_start = .

.ARM.exidx
 *(.ARM.exidx* .gnu.linkonce.armexidx.*)
                0x10004818                        __exidx_end = .
                0x10004818                        . = ALIGN (0x4)
                0x10004818                        __binary_info_start = .

.binary_info    0x10004818       0x20
 *(.binary_info.keep.*)
 .binary_info.keep.__bi_ptr81
                0x10004818        0x4 CMakeFiles/DC_Motor.dir/home/connor/pico/pico-sdk/src/rp2_common/pico_standard_link/binary_info.c.obj
 .binary_info.keep.__bi_ptr75
                0x1000481c        0x4 CMakeFiles/DC_Motor.dir/home/connor/pico/pico-sdk/src/rp2_common/pico_standard_link/binary_info.c.obj
 .binary_info.keep.__bi_ptr56
                0x10004820        0x4 CMakeFiles/DC_Motor.dir/home/connor/pico/pico-sdk/src/rp2_common/pico_standard_link/binary_info.c.obj
 .binary_info.keep.__bi_ptr50
                0x10004824        0x4 CMakeFiles/DC_Motor.dir/home/connor/pico/pico-sdk/src/rp2_common/pico_standard_link/binary_info.c.obj
 .binary_info.keep.__bi_ptr44
                0x10004828        0x4 CMakeFiles/DC_Motor.dir/home/connor/pico/pico-sdk/src/rp2_common/pico_standard_link/binary_info.c.obj
 .binary_info.keep.__bi_ptr38
                0x1000482c        0x4 CMakeFiles/DC_Motor.dir/home/connor/pico/pico-sdk/src/rp2_common/pico_standard_link/binary_info.c.obj
 .binary_info.keep.__bi_ptr30
                0x10004830        0x4 CMakeFiles/DC_Motor.dir/home/connor/pico/pico-sdk/src/rp2_common/pico_standard_link/binary_info.c.obj
 .binary_info.keep.__bi_ptr22
                0x10004834        0x4 CMakeFiles/DC_Motor.dir/home/connor/pico/pico-sdk/src/rp2_common/pico_standard_link/binary_info.c.obj
 *(.binary_info.*)
                0x10004838                        __binary_info_end = .

.rel.dyn        0x10004838        0x0
 .rel.iplt      0x10004838        0x0 /usr/lib/gcc/arm-none-eabi/13.1.0/thumb/v6-m/nofp/crtbegin.o
                0x10004838                        . = ALIGN (0x4)

.ram_vector_table
                0x20000000       0xc0
 *(.ram_vector_table)
 .ram_vector_table
                0x20000000       0xc0 CMakeFiles/DC_Motor.dir/home/connor/pico/pico-sdk/src/rp2_common/pico_runtime/runtime.c.obj
                0x20000000                ram_vector_table

.data           0x200000c0      0x234 load address 0x10004838
                0x200000c0                        __data_start__ = .
 *(vtable)
 *(.time_critical*)
 .time_critical.mutex_try_enter
                0x200000c0       0x46 CMakeFiles/DC_Motor.dir/home/connor/pico/pico-sdk/src/common/pico_sync/mutex.c.obj
                0x200000c0                mutex_try_enter
 *fill*         0x20000106        0x2 
 .time_critical.mutex_enter_block_until
                0x20000108       0x8c CMakeFiles/DC_Motor.dir/home/connor/pico/pico-sdk/src/common/pico_sync/mutex.c.obj
                0x20000108                mutex_enter_block_until
 .time_critical.mutex_try_enter_block_until
                0x20000194       0x34 CMakeFiles/DC_Motor.dir/home/connor/pico/pico-sdk/src/common/pico_sync/mutex.c.obj
                0x20000194                mutex_try_enter_block_until
 .time_critical.mutex_exit
                0x200001c8       0x4c CMakeFiles/DC_Motor.dir/home/connor/pico/pico-sdk/src/common/pico_sync/mutex.c.obj
                0x200001c8                mutex_exit
 *(.text*)
 .text          0x20000214        0x4 /usr/lib/gcc/arm-none-eabi/13.1.0/thumb/v6-m/nofp/libgcc.a(_dvmd_tls.o)
                0x20000214                __aeabi_ldiv0
                0x20000214                __aeabi_idiv0
 .text.__stub   0x20000218       0x20 linker stubs
                0x20000238                        . = ALIGN (0x4)
 *(.rodata*)
                0x20000238                        . = ALIGN (0x4)
 *(.data*)
 .data.striped_spin_lock_num
                0x20000238        0x1 CMakeFiles/DC_Motor.dir/home/connor/pico/pico-sdk/src/rp2_common/hardware_sync/sync.c.obj
 *fill*         0x20000239        0x3 
 .data          0x2000023c       0x48 CMakeFiles/DC_Motor.dir/home/connor/pico/pico-sdk/src/rp2_common/hardware_irq/irq_handler_chain.S.obj
                0x2000023c                irq_handler_chain_slots
                0x2000026c                irq_handler_chain_first_slot
                0x20000276                irq_handler_chain_remove_tail
 .data.default_alarm_pool
                0x20000284       0x18 CMakeFiles/DC_Motor.dir/home/connor/pico/pico-sdk/src/common/pico_time/time.c.obj
 .data.default_alarm_pool_heap
                0x2000029c       0x10 CMakeFiles/DC_Motor.dir/home/connor/pico/pico-sdk/src/common/pico_time/time.c.obj
 *fill*         0x200002ac        0x4 
 .data.aeabi_bits_funcs
                0x200002b0       0x10 CMakeFiles/DC_Motor.dir/home/connor/pico/pico-sdk/src/rp2_common/pico_bit_ops/bit_ops_aeabi.S.obj
                0x200002b0                aeabi_bits_funcs
                0x200002c0                aeabi_bits_funcs_end
 .data.aeabi_mem_funcs
                0x200002c0       0x10 CMakeFiles/DC_Motor.dir/home/connor/pico/pico-sdk/src/rp2_common/pico_mem_ops/mem_ops_aeabi.S.obj
                0x200002c0                aeabi_mem_funcs
                0x200002d0                aeabi_mem_funcs_end
 .data.__atexit_recursive_mutex
                0x200002d0        0x4 /usr/lib/gcc/arm-none-eabi/13.1.0/../../../../arm-none-eabi/lib/thumb/v6-m/nofp/libg.a(libc_a-__call_atexit.o)
                0x200002d0                __atexit_recursive_mutex
                0x200002d4                        . = ALIGN (0x4)
 *(.after_data.*)
                0x200002d4                        . = ALIGN (0x4)
                0x200002d4                        PROVIDE (__mutex_array_start = .)
 *(SORT_BY_NAME(.mutex_array.*))
 *(.mutex_array)
 .mutex_array   0x200002d4        0x8 CMakeFiles/DC_Motor.dir/home/connor/pico/pico-sdk/src/rp2_common/pico_stdio/stdio.c.obj
                0x200002dc                        PROVIDE (__mutex_array_end = .)
                0x200002dc                        . = ALIGN (0x4)
                0x200002dc                        PROVIDE (__preinit_array_start = .)
 *(SORT_BY_NAME(.preinit_array.*))
 .preinit_array.00001
                0x200002dc        0x4 CMakeFiles/DC_Motor.dir/home/connor/pico/pico-sdk/src/rp2_common/pico_mem_ops/mem_ops_aeabi.S.obj
 .preinit_array.00010
                0x200002e0        0x4 CMakeFiles/DC_Motor.dir/home/connor/pico/pico-sdk/src/rp2_common/pico_bit_ops/bit_ops_aeabi.S.obj
 .preinit_array.00020
                0x200002e4        0x4 CMakeFiles/DC_Motor.dir/home/connor/pico/pico-sdk/src/rp2_common/pico_double/double_aeabi.S.obj
 .preinit_array.00020
                0x200002e8        0x4 CMakeFiles/DC_Motor.dir/home/connor/pico/pico-sdk/src/rp2_common/pico_float/float_aeabi.S.obj
 *(.preinit_array)
                0x200002ec                        PROVIDE (__preinit_array_end = .)
                0x200002ec                        . = ALIGN (0x4)
                0x200002ec                        PROVIDE (__init_array_start = .)
 *(SORT_BY_NAME(.init_array.*))
 .init_array.00000
                0x200002ec        0x4 /usr/lib/gcc/arm-none-eabi/13.1.0/../../../../arm-none-eabi/lib/thumb/v6-m/nofp/libg.a(libc_a-__call_atexit.o)
 *(.init_array)
 .init_array    0x200002f0        0x4 /usr/lib/gcc/arm-none-eabi/13.1.0/thumb/v6-m/nofp/crtbegin.o
                0x200002f4                        PROVIDE (__init_array_end = .)
                0x200002f4                        . = ALIGN (0x4)
                0x200002f4                        PROVIDE (__fini_array_start = .)
 *(SORT_BY_NAME(.fini_array.*))
 *(.fini_array)
                0x200002f4                        PROVIDE (__fini_array_end = .)
 *(.jcr)
                0x200002f4                        . = ALIGN (0x4)
                0x200002f4                        __data_end__ = .
                0x10004838                        __etext = LOADADDR (.data)

.tm_clone_table
                0x200002f4        0x0 load address 0x10004a6c
 .tm_clone_table
                0x200002f4        0x0 /usr/lib/gcc/arm-none-eabi/13.1.0/thumb/v6-m/nofp/crtbegin.o
 .tm_clone_table
                0x200002f4        0x0 /usr/lib/gcc/arm-none-eabi/13.1.0/thumb/v6-m/nofp/crtend.o

.igot.plt       0x200002f4        0x0 load address 0x10004a6c
 .igot.plt      0x200002f4        0x0 /usr/lib/gcc/arm-none-eabi/13.1.0/thumb/v6-m/nofp/crtbegin.o

.uninitialized_data
                0x200002f4        0x0 load address 0x10004a6c
                0x200002f4                        . = ALIGN (0x4)
 *(.uninitialized_data*)

.scratch_x      0x20040000        0x0 load address 0x10004a6c
                0x20040000                        __scratch_x_start__ = .
 *(.scratch_x.*)
                0x20040000                        . = ALIGN (0x4)
                0x20040000                        __scratch_x_end__ = .
                0x10004a6c                        __scratch_x_source__ = LOADADDR (.scratch_x)

.scratch_y      0x20041000        0x0 load address 0x10004a6c
                0x20041000                        __scratch_y_start__ = .
 *(.scratch_y.*)
                0x20041000                        . = ALIGN (0x4)
                0x20041000                        __scratch_y_end__ = .
                0x10004a6c                        __scratch_y_source__ = LOADADDR (.scratch_y)

.bss            0x200002f8      0x560
                0x200002f8                        . = ALIGN (0x4)
                0x200002f8                        __bss_start__ = .
 *(SORT_BY_ALIGNMENT(SORT_BY_NAME(.bss*)))
 .bss.default_alarm_pool_entries
                0x200002f8      0x100 CMakeFiles/DC_Motor.dir/home/connor/pico/pico-sdk/src/common/pico_time/time.c.obj
 .bss           0x200003f8       0x1c /usr/lib/gcc/arm-none-eabi/13.1.0/thumb/v6-m/nofp/crtbegin.o
 .bss.__atexit  0x20000414        0x4 /usr/lib/gcc/arm-none-eabi/13.1.0/../../../../arm-none-eabi/lib/thumb/v6-m/nofp/libg.a(libc_a-__call_atexit.o)
                0x20000414                __atexit
 .bss.__atexit0
                0x20000418      0x190 /usr/lib/gcc/arm-none-eabi/13.1.0/../../../../arm-none-eabi/lib/thumb/v6-m/nofp/libg.a(libc_a-__atexit.o)
                0x20000418                __atexit0
 .bss.__lock___atexit_recursive_mutex
                0x200005a8        0x1 /usr/lib/gcc/arm-none-eabi/13.1.0/../../../../arm-none-eabi/lib/thumb/v6-m/nofp/libg.a(libc_a-lock.o)
                0x200005a8                __lock___atexit_recursive_mutex
 *fill*         0x200005a9        0x3 
 .bss.alarm_callbacks
                0x200005ac       0x10 CMakeFiles/DC_Motor.dir/home/connor/pico/pico-sdk/src/rp2_common/hardware_timer/timer.c.obj
 .bss.configured_freq
                0x200005bc       0x28 CMakeFiles/DC_Motor.dir/home/connor/pico/pico-sdk/src/rp2_common/hardware_clocks/clocks.c.obj
 .bss.default_alarm_pool_entry_ids_high
                0x200005e4       0x10 CMakeFiles/DC_Motor.dir/home/connor/pico/pico-sdk/src/common/pico_time/time.c.obj
 .bss.default_alarm_pool_heap_nodes
                0x200005f4       0x30 CMakeFiles/DC_Motor.dir/home/connor/pico/pico-sdk/src/common/pico_time/time.c.obj
 .bss.drivers   0x20000624        0x4 CMakeFiles/DC_Motor.dir/home/connor/pico/pico-sdk/src/rp2_common/pico_stdio/stdio.c.obj
 .bss.filter    0x20000628        0x4 CMakeFiles/DC_Motor.dir/home/connor/pico/pico-sdk/src/rp2_common/pico_stdio/stdio.c.obj
 .bss.pools     0x2000062c       0x10 CMakeFiles/DC_Motor.dir/home/connor/pico/pico-sdk/src/common/pico_time/time.c.obj
 .bss.sd_table  0x2000063c      0x100 CMakeFiles/DC_Motor.dir/home/connor/pico/pico-sdk/src/rp2_common/pico_double/double_init_rom.c.obj
                0x2000063c                sd_table
 .bss.sf_clz_func
                0x2000073c        0x4 CMakeFiles/DC_Motor.dir/home/connor/pico/pico-sdk/src/rp2_common/pico_double/double_init_rom.c.obj
                0x2000073c                sf_clz_func
 .bss.sf_table  0x20000740      0x100 CMakeFiles/DC_Motor.dir/home/connor/pico/pico-sdk/src/rp2_common/pico_float/float_init_rom.c.obj
                0x20000740                sf_table
 .bss.sleep_notifier
                0x20000840        0x4 CMakeFiles/DC_Motor.dir/home/connor/pico/pico-sdk/src/common/pico_time/time.c.obj
 .bss.target_hi
                0x20000844       0x10 CMakeFiles/DC_Motor.dir/home/connor/pico/pico-sdk/src/rp2_common/hardware_timer/timer.c.obj
 .bss.claimed   0x20000854        0x1 CMakeFiles/DC_Motor.dir/home/connor/pico/pico-sdk/src/rp2_common/hardware_timer/timer.c.obj
 .bss.irq_hander_chain_free_slot_head
                0x20000855        0x1 CMakeFiles/DC_Motor.dir/home/connor/pico/pico-sdk/src/rp2_common/hardware_irq/irq.c.obj
 .bss.timer_callbacks_pending
                0x20000856        0x1 CMakeFiles/DC_Motor.dir/home/connor/pico/pico-sdk/src/rp2_common/hardware_timer/timer.c.obj
 *(COMMON)
                0x20000858                        . = ALIGN (0x4)
 *fill*         0x20000857        0x1 
                0x20000858                        __bss_end__ = .

.heap           0x20000858      0x800
                0x20000858                        __end__ = .
                0x20000858                        end = __end__
 *(.heap*)
 .heap          0x20000858      0x800 CMakeFiles/DC_Motor.dir/home/connor/pico/pico-sdk/src/rp2_common/pico_standard_link/crt0.S.obj
                0x20001058                        __HeapLimit = .

.stack1_dummy
 *(.stack1*)

.stack_dummy    0x20041000      0x800
 *(.stack*)
 .stack         0x20041000      0x800 CMakeFiles/DC_Motor.dir/home/connor/pico/pico-sdk/src/rp2_common/pico_standard_link/crt0.S.obj

.flash_end      0x10004a6c        0x0
                0x10004a6c                        PROVIDE (__flash_binary_end = .)
                0x20040000                        __StackLimit = (ORIGIN (RAM) + LENGTH (RAM))
                0x20041000                        __StackOneTop = (ORIGIN (SCRATCH_X) + LENGTH (SCRATCH_X))
                0x20042000                        __StackTop = (ORIGIN (SCRATCH_Y) + LENGTH (SCRATCH_Y))
                0x20041000                        __StackOneBottom = (__StackOneTop - SIZEOF (.stack1_dummy))
                0x20041800                        __StackBottom = (__StackTop - SIZEOF (.stack_dummy))
                0x20042000                        PROVIDE (__stack = __StackTop)
                0x00000001                        ASSERT ((__StackLimit >= __HeapLimit), region RAM overflowed)
                0x00000001                        ASSERT (((__binary_info_header_end - __logical_binary_start) <= 0x100), Binary info must be in first 256 bytes of the binary)
LOAD CMakeFiles/DC_Motor.dir/DC_Motor.c.obj
LOAD CMakeFiles/DC_Motor.dir/home/connor/pico/pico-sdk/src/rp2_common/pico_stdlib/stdlib.c.obj
LOAD CMakeFiles/DC_Motor.dir/home/connor/pico/pico-sdk/src/rp2_common/hardware_gpio/gpio.c.obj
LOAD CMakeFiles/DC_Motor.dir/home/connor/pico/pico-sdk/src/rp2_common/pico_platform/platform.c.obj
LOAD CMakeFiles/DC_Motor.dir/home/connor/pico/pico-sdk/src/rp2_common/hardware_claim/claim.c.obj
LOAD CMakeFiles/DC_Motor.dir/home/connor/pico/pico-sdk/src/rp2_common/hardware_sync/sync.c.obj
LOAD CMakeFiles/DC_Motor.dir/home/connor/pico/pico-sdk/src/rp2_common/hardware_irq/irq.c.obj
LOAD CMakeFiles/DC_Motor.dir/home/connor/pico/pico-sdk/src/rp2_common/hardware_irq/irq_handler_chain.S.obj
LOAD CMakeFiles/DC_Motor.dir/home/connor/pico/pico-sdk/src/common/pico_sync/sem.c.obj
LOAD CMakeFiles/DC_Motor.dir/home/connor/pico/pico-sdk/src/common/pico_sync/lock_core.c.obj
LOAD CMakeFiles/DC_Motor.dir/home/connor/pico/pico-sdk/src/common/pico_sync/mutex.c.obj
LOAD CMakeFiles/DC_Motor.dir/home/connor/pico/pico-sdk/src/common/pico_sync/critical_section.c.obj
LOAD CMakeFiles/DC_Motor.dir/home/connor/pico/pico-sdk/src/common/pico_time/time.c.obj
LOAD CMakeFiles/DC_Motor.dir/home/connor/pico/pico-sdk/src/common/pico_time/timeout_helper.c.obj
LOAD CMakeFiles/DC_Motor.dir/home/connor/pico/pico-sdk/src/rp2_common/hardware_timer/timer.c.obj
LOAD CMakeFiles/DC_Motor.dir/home/connor/pico/pico-sdk/src/common/pico_util/datetime.c.obj
LOAD CMakeFiles/DC_Motor.dir/home/connor/pico/pico-sdk/src/common/pico_util/pheap.c.obj
LOAD CMakeFiles/DC_Motor.dir/home/connor/pico/pico-sdk/src/common/pico_util/queue.c.obj
LOAD CMakeFiles/DC_Motor.dir/home/connor/pico/pico-sdk/src/rp2_common/hardware_uart/uart.c.obj
LOAD CMakeFiles/DC_Motor.dir/home/connor/pico/pico-sdk/src/rp2_common/hardware_clocks/clocks.c.obj
LOAD CMakeFiles/DC_Motor.dir/home/connor/pico/pico-sdk/src/rp2_common/hardware_pll/pll.c.obj
LOAD CMakeFiles/DC_Motor.dir/home/connor/pico/pico-sdk/src/rp2_common/hardware_vreg/vreg.c.obj
LOAD CMakeFiles/DC_Motor.dir/home/connor/pico/pico-sdk/src/rp2_common/hardware_watchdog/watchdog.c.obj
LOAD CMakeFiles/DC_Motor.dir/home/connor/pico/pico-sdk/src/rp2_common/hardware_xosc/xosc.c.obj
LOAD CMakeFiles/DC_Motor.dir/home/connor/pico/pico-sdk/src/rp2_common/hardware_divider/divider.S.obj
LOAD CMakeFiles/DC_Motor.dir/home/connor/pico/pico-sdk/src/rp2_common/pico_runtime/runtime.c.obj
LOAD CMakeFiles/DC_Motor.dir/home/connor/pico/pico-sdk/src/rp2_common/pico_printf/printf.c.obj
LOAD CMakeFiles/DC_Motor.dir/home/connor/pico/pico-sdk/src/rp2_common/pico_bit_ops/bit_ops_aeabi.S.obj
LOAD CMakeFiles/DC_Motor.dir/home/connor/pico/pico-sdk/src/rp2_common/pico_bootrom/bootrom.c.obj
LOAD CMakeFiles/DC_Motor.dir/home/connor/pico/pico-sdk/src/rp2_common/pico_divider/divider.S.obj
LOAD CMakeFiles/DC_Motor.dir/home/connor/pico/pico-sdk/src/rp2_common/pico_double/double_aeabi.S.obj
LOAD CMakeFiles/DC_Motor.dir/home/connor/pico/pico-sdk/src/rp2_common/pico_double/double_init_rom.c.obj
LOAD CMakeFiles/DC_Motor.dir/home/connor/pico/pico-sdk/src/rp2_common/pico_double/double_math.c.obj
LOAD CMakeFiles/DC_Motor.dir/home/connor/pico/pico-sdk/src/rp2_common/pico_double/double_v1_rom_shim.S.obj
LOAD CMakeFiles/DC_Motor.dir/home/connor/pico/pico-sdk/src/rp2_common/pico_int64_ops/pico_int64_ops_aeabi.S.obj
LOAD CMakeFiles/DC_Motor.dir/home/connor/pico/pico-sdk/src/rp2_common/pico_float/float_aeabi.S.obj
LOAD CMakeFiles/DC_Motor.dir/home/connor/pico/pico-sdk/src/rp2_common/pico_float/float_init_rom.c.obj
LOAD CMakeFiles/DC_Motor.dir/home/connor/pico/pico-sdk/src/rp2_common/pico_float/float_math.c.obj
LOAD CMakeFiles/DC_Motor.dir/home/connor/pico/pico-sdk/src/rp2_common/pico_float/float_v1_rom_shim.S.obj
LOAD CMakeFiles/DC_Motor.dir/home/connor/pico/pico-sdk/src/rp2_common/pico_malloc/pico_malloc.c.obj
LOAD CMakeFiles/DC_Motor.dir/home/connor/pico/pico-sdk/src/rp2_common/pico_mem_ops/mem_ops_aeabi.S.obj
LOAD CMakeFiles/DC_Motor.dir/home/connor/pico/pico-sdk/src/rp2_common/pico_standard_link/crt0.S.obj
LOAD CMakeFiles/DC_Motor.dir/home/connor/pico/pico-sdk/src/rp2_common/pico_standard_link/new_delete.cpp.obj
LOAD CMakeFiles/DC_Motor.dir/home/connor/pico/pico-sdk/src/rp2_common/pico_standard_link/binary_info.c.obj
LOAD CMakeFiles/DC_Motor.dir/home/connor/pico/pico-sdk/src/rp2_common/pico_stdio/stdio.c.obj
LOAD CMakeFiles/DC_Motor.dir/home/connor/pico/pico-sdk/src/rp2_common/pico_stdio_uart/stdio_uart.c.obj
LOAD /tmp/cciCVdRW.o
LOAD /usr/lib/gcc/arm-none-eabi/13.1.0/../../../../arm-none-eabi/lib/thumb/v6-m/nofp/libstdc++.a
LOAD /usr/lib/gcc/arm-none-eabi/13.1.0/../../../../arm-none-eabi/lib/thumb/v6-m/nofp/libm.a
START GROUP
LOAD /usr/lib/gcc/arm-none-eabi/13.1.0/thumb/v6-m/nofp/libgcc.a
LOAD /usr/lib/gcc/arm-none-eabi/13.1.0/../../../../arm-none-eabi/lib/thumb/v6-m/nofp/libg.a
LOAD /usr/lib/gcc/arm-none-eabi/13.1.0/../../../../arm-none-eabi/lib/thumb/v6-m/nofp/libc.a
END GROUP
START GROUP
LOAD /usr/lib/gcc/arm-none-eabi/13.1.0/thumb/v6-m/nofp/libgcc.a
LOAD /usr/lib/gcc/arm-none-eabi/13.1.0/../../../../arm-none-eabi/lib/thumb/v6-m/nofp/libc.a
LOAD /usr/lib/gcc/arm-none-eabi/13.1.0/../../../../arm-none-eabi/lib/thumb/v6-m/nofp/libnosys.a
END GROUP
LOAD /usr/lib/gcc/arm-none-eabi/13.1.0/thumb/v6-m/nofp/crtend.o
LOAD /usr/lib/gcc/arm-none-eabi/13.1.0/thumb/v6-m/nofp/crtn.o
OUTPUT(DC_Motor.elf elf32-littlearm)
LOAD linker stubs

.ARM.attributes
                0x00000000       0x28
 .ARM.attributes
                0x00000000       0x1e /usr/lib/gcc/arm-none-eabi/13.1.0/thumb/v6-m/nofp/crti.o
 .ARM.attributes
                0x0000001e       0x2c /usr/lib/gcc/arm-none-eabi/13.1.0/thumb/v6-m/nofp/crtbegin.o
 .ARM.attributes
                0x0000004a       0x2c CMakeFiles/DC_Motor.dir/DC_Motor.c.obj
 .ARM.attributes
                0x00000076       0x2c CMakeFiles/DC_Motor.dir/home/connor/pico/pico-sdk/src/rp2_common/pico_platform/platform.c.obj
 .ARM.attributes
                0x000000a2       0x2c CMakeFiles/DC_Motor.dir/home/connor/pico/pico-sdk/src/rp2_common/hardware_claim/claim.c.obj
 .ARM.attributes
                0x000000ce       0x2c CMakeFiles/DC_Motor.dir/home/connor/pico/pico-sdk/src/rp2_common/hardware_sync/sync.c.obj
 .ARM.attributes
                0x000000fa       0x2c CMakeFiles/DC_Motor.dir/home/connor/pico/pico-sdk/src/rp2_common/hardware_irq/irq.c.obj
 .ARM.attributes
                0x00000126       0x22 CMakeFiles/DC_Motor.dir/home/connor/pico/pico-sdk/src/rp2_common/hardware_irq/irq_handler_chain.S.obj
 .ARM.attributes
                0x00000148       0x2c CMakeFiles/DC_Motor.dir/home/connor/pico/pico-sdk/src/common/pico_sync/lock_core.c.obj
 .ARM.attributes
                0x00000174       0x2c CMakeFiles/DC_Motor.dir/home/connor/pico/pico-sdk/src/common/pico_sync/mutex.c.obj
 .ARM.attributes
                0x000001a0       0x2c CMakeFiles/DC_Motor.dir/home/connor/pico/pico-sdk/src/common/pico_time/time.c.obj
 .ARM.attributes
                0x000001cc       0x2c CMakeFiles/DC_Motor.dir/home/connor/pico/pico-sdk/src/rp2_common/hardware_timer/timer.c.obj
 .ARM.attributes
                0x000001f8       0x2c CMakeFiles/DC_Motor.dir/home/connor/pico/pico-sdk/src/common/pico_util/pheap.c.obj
 .ARM.attributes
                0x00000224       0x2c CMakeFiles/DC_Motor.dir/home/connor/pico/pico-sdk/src/rp2_common/hardware_clocks/clocks.c.obj
 .ARM.attributes
                0x00000250       0x2c CMakeFiles/DC_Motor.dir/home/connor/pico/pico-sdk/src/rp2_common/hardware_pll/pll.c.obj
 .ARM.attributes
                0x0000027c       0x2c CMakeFiles/DC_Motor.dir/home/connor/pico/pico-sdk/src/rp2_common/hardware_watchdog/watchdog.c.obj
 .ARM.attributes
                0x000002a8       0x2c CMakeFiles/DC_Motor.dir/home/connor/pico/pico-sdk/src/rp2_common/hardware_xosc/xosc.c.obj
 .ARM.attributes
                0x000002d4       0x2c CMakeFiles/DC_Motor.dir/home/connor/pico/pico-sdk/src/rp2_common/pico_runtime/runtime.c.obj
 .ARM.attributes
                0x00000300       0x2c CMakeFiles/DC_Motor.dir/home/connor/pico/pico-sdk/src/rp2_common/pico_printf/printf.c.obj
 .ARM.attributes
                0x0000032c       0x22 CMakeFiles/DC_Motor.dir/home/connor/pico/pico-sdk/src/rp2_common/pico_bit_ops/bit_ops_aeabi.S.obj
 .ARM.attributes
                0x0000034e       0x2c CMakeFiles/DC_Motor.dir/home/connor/pico/pico-sdk/src/rp2_common/pico_bootrom/bootrom.c.obj
 .ARM.attributes
                0x0000037a       0x22 CMakeFiles/DC_Motor.dir/home/connor/pico/pico-sdk/src/rp2_common/pico_divider/divider.S.obj
 .ARM.attributes
                0x0000039c       0x22 CMakeFiles/DC_Motor.dir/home/connor/pico/pico-sdk/src/rp2_common/pico_double/double_aeabi.S.obj
 .ARM.attributes
                0x000003be       0x2c CMakeFiles/DC_Motor.dir/home/connor/pico/pico-sdk/src/rp2_common/pico_double/double_init_rom.c.obj
 .ARM.attributes
                0x000003ea       0x22 CMakeFiles/DC_Motor.dir/home/connor/pico/pico-sdk/src/rp2_common/pico_double/double_v1_rom_shim.S.obj
 .ARM.attributes
                0x0000040c       0x22 CMakeFiles/DC_Motor.dir/home/connor/pico/pico-sdk/src/rp2_common/pico_int64_ops/pico_int64_ops_aeabi.S.obj
 .ARM.attributes
                0x0000042e       0x22 CMakeFiles/DC_Motor.dir/home/connor/pico/pico-sdk/src/rp2_common/pico_float/float_aeabi.S.obj
 .ARM.attributes
                0x00000450       0x2c CMakeFiles/DC_Motor.dir/home/connor/pico/pico-sdk/src/rp2_common/pico_float/float_init_rom.c.obj
 .ARM.attributes
                0x0000047c       0x22 CMakeFiles/DC_Motor.dir/home/connor/pico/pico-sdk/src/rp2_common/pico_mem_ops/mem_ops_aeabi.S.obj
 .ARM.attributes
                0x0000049e       0x22 CMakeFiles/DC_Motor.dir/home/connor/pico/pico-sdk/src/rp2_common/pico_standard_link/crt0.S.obj
 .ARM.attributes
                0x000004c0       0x2c CMakeFiles/DC_Motor.dir/home/connor/pico/pico-sdk/src/rp2_common/pico_standard_link/binary_info.c.obj
 .ARM.attributes
                0x000004ec       0x2c CMakeFiles/DC_Motor.dir/home/connor/pico/pico-sdk/src/rp2_common/pico_stdio/stdio.c.obj
 .ARM.attributes
                0x00000518       0x22 /tmp/cciCVdRW.o
 .ARM.attributes
                0x0000053a       0x1e /usr/lib/gcc/arm-none-eabi/13.1.0/thumb/v6-m/nofp/libgcc.a(_dvmd_tls.o)
 .ARM.attributes
                0x00000558       0x2c /usr/lib/gcc/arm-none-eabi/13.1.0/../../../../arm-none-eabi/lib/thumb/v6-m/nofp/libg.a(libc_a-atexit.o)
 .ARM.attributes
                0x00000584       0x2c /usr/lib/gcc/arm-none-eabi/13.1.0/../../../../arm-none-eabi/lib/thumb/v6-m/nofp/libg.a(libc_a-fini.o)
 .ARM.attributes
                0x000005b0       0x2c /usr/lib/gcc/arm-none-eabi/13.1.0/../../../../arm-none-eabi/lib/thumb/v6-m/nofp/libg.a(libc_a-lock.o)
 .ARM.attributes
                0x000005dc       0x2c /usr/lib/gcc/arm-none-eabi/13.1.0/../../../../arm-none-eabi/lib/thumb/v6-m/nofp/libg.a(libc_a-strlen-stub.o)
 .ARM.attributes
                0x00000608       0x2c /usr/lib/gcc/arm-none-eabi/13.1.0/../../../../arm-none-eabi/lib/thumb/v6-m/nofp/libg.a(libc_a-__atexit.o)
 .ARM.attributes
                0x00000634       0x2c /usr/lib/gcc/arm-none-eabi/13.1.0/../../../../arm-none-eabi/lib/thumb/v6-m/nofp/libg.a(libc_a-__call_atexit.o)
 .ARM.attributes
                0x00000660       0x2c /usr/lib/gcc/arm-none-eabi/13.1.0/thumb/v6-m/nofp/crtend.o

.comment        0x00000000       0x46
 .comment       0x00000000       0x23 /usr/lib/gcc/arm-none-eabi/13.1.0/thumb/v6-m/nofp/crtbegin.o
                                 0x24 (size before relaxing)
 .comment       0x00000023       0x24 CMakeFiles/DC_Motor.dir/DC_Motor.c.obj
 .comment       0x00000023       0x24 CMakeFiles/DC_Motor.dir/home/connor/pico/pico-sdk/src/rp2_common/pico_platform/platform.c.obj
 .comment       0x00000023       0x24 CMakeFiles/DC_Motor.dir/home/connor/pico/pico-sdk/src/rp2_common/hardware_claim/claim.c.obj
 .comment       0x00000023       0x24 CMakeFiles/DC_Motor.dir/home/connor/pico/pico-sdk/src/rp2_common/hardware_sync/sync.c.obj
 .comment       0x00000023       0x24 CMakeFiles/DC_Motor.dir/home/connor/pico/pico-sdk/src/rp2_common/hardware_irq/irq.c.obj
 .comment       0x00000023       0x24 CMakeFiles/DC_Motor.dir/home/connor/pico/pico-sdk/src/common/pico_sync/lock_core.c.obj
 .comment       0x00000023       0x24 CMakeFiles/DC_Motor.dir/home/connor/pico/pico-sdk/src/common/pico_sync/mutex.c.obj
 .comment       0x00000023       0x24 CMakeFiles/DC_Motor.dir/home/connor/pico/pico-sdk/src/common/pico_time/time.c.obj
 .comment       0x00000023       0x24 CMakeFiles/DC_Motor.dir/home/connor/pico/pico-sdk/src/rp2_common/hardware_timer/timer.c.obj
 .comment       0x00000023       0x24 CMakeFiles/DC_Motor.dir/home/connor/pico/pico-sdk/src/common/pico_util/pheap.c.obj
 .comment       0x00000023       0x24 CMakeFiles/DC_Motor.dir/home/connor/pico/pico-sdk/src/rp2_common/hardware_clocks/clocks.c.obj
 .comment       0x00000023       0x24 CMakeFiles/DC_Motor.dir/home/connor/pico/pico-sdk/src/rp2_common/hardware_pll/pll.c.obj
 .comment       0x00000023       0x24 CMakeFiles/DC_Motor.dir/home/connor/pico/pico-sdk/src/rp2_common/hardware_watchdog/watchdog.c.obj
 .comment       0x00000023       0x24 CMakeFiles/DC_Motor.dir/home/connor/pico/pico-sdk/src/rp2_common/hardware_xosc/xosc.c.obj
 .comment       0x00000023       0x24 CMakeFiles/DC_Motor.dir/home/connor/pico/pico-sdk/src/rp2_common/pico_runtime/runtime.c.obj
 .comment       0x00000023       0x24 CMakeFiles/DC_Motor.dir/home/connor/pico/pico-sdk/src/rp2_common/pico_printf/printf.c.obj
 .comment       0x00000023       0x24 CMakeFiles/DC_Motor.dir/home/connor/pico/pico-sdk/src/rp2_common/pico_bootrom/bootrom.c.obj
 .comment       0x00000023       0x24 CMakeFiles/DC_Motor.dir/home/connor/pico/pico-sdk/src/rp2_common/pico_double/double_init_rom.c.obj
 .comment       0x00000023       0x24 CMakeFiles/DC_Motor.dir/home/connor/pico/pico-sdk/src/rp2_common/pico_float/float_init_rom.c.obj
 .comment       0x00000023       0x24 CMakeFiles/DC_Motor.dir/home/connor/pico/pico-sdk/src/rp2_common/pico_standard_link/binary_info.c.obj
 .comment       0x00000023       0x24 CMakeFiles/DC_Motor.dir/home/connor/pico/pico-sdk/src/rp2_common/pico_stdio/stdio.c.obj
 .comment       0x00000023       0x23 /usr/lib/gcc/arm-none-eabi/13.1.0/../../../../arm-none-eabi/lib/thumb/v6-m/nofp/libg.a(libc_a-atexit.o)
                                 0x24 (size before relaxing)
 .comment       0x00000046       0x24 /usr/lib/gcc/arm-none-eabi/13.1.0/../../../../arm-none-eabi/lib/thumb/v6-m/nofp/libg.a(libc_a-fini.o)
 .comment       0x00000046       0x24 /usr/lib/gcc/arm-none-eabi/13.1.0/../../../../arm-none-eabi/lib/thumb/v6-m/nofp/libg.a(libc_a-lock.o)
 .comment       0x00000046       0x24 /usr/lib/gcc/arm-none-eabi/13.1.0/../../../../arm-none-eabi/lib/thumb/v6-m/nofp/libg.a(libc_a-strlen-stub.o)
 .comment       0x00000046       0x24 /usr/lib/gcc/arm-none-eabi/13.1.0/../../../../arm-none-eabi/lib/thumb/v6-m/nofp/libg.a(libc_a-__atexit.o)
 .comment       0x00000046       0x24 /usr/lib/gcc/arm-none-eabi/13.1.0/../../../../arm-none-eabi/lib/thumb/v6-m/nofp/libg.a(libc_a-__call_atexit.o)
 .comment       0x00000046       0x24 /usr/lib/gcc/arm-none-eabi/13.1.0/thumb/v6-m/nofp/crtend.o

.debug_info     0x00000000    0x11bd6
 .debug_info    0x00000000      0x73a CMakeFiles/DC_Motor.dir/DC_Motor.c.obj
 .debug_info    0x0000073a      0x1fb CMakeFiles/DC_Motor.dir/home/connor/pico/pico-sdk/src/rp2_common/pico_platform/platform.c.obj
 .debug_info    0x00000935      0x69a CMakeFiles/DC_Motor.dir/home/connor/pico/pico-sdk/src/rp2_common/hardware_claim/claim.c.obj
 .debug_info    0x00000fcf      0x5fa CMakeFiles/DC_Motor.dir/home/connor/pico/pico-sdk/src/rp2_common/hardware_sync/sync.c.obj
 .debug_info    0x000015c9     0x1c43 CMakeFiles/DC_Motor.dir/home/connor/pico/pico-sdk/src/rp2_common/hardware_irq/irq.c.obj
 .debug_info    0x0000320c      0x1a3 CMakeFiles/DC_Motor.dir/home/connor/pico/pico-sdk/src/common/pico_sync/lock_core.c.obj
 .debug_info    0x000033af     0x1d29 CMakeFiles/DC_Motor.dir/home/connor/pico/pico-sdk/src/common/pico_sync/mutex.c.obj
 .debug_info    0x000050d8     0x33f9 CMakeFiles/DC_Motor.dir/home/connor/pico/pico-sdk/src/common/pico_time/time.c.obj
 .debug_info    0x000084d1     0x145b CMakeFiles/DC_Motor.dir/home/connor/pico/pico-sdk/src/rp2_common/hardware_timer/timer.c.obj
 .debug_info    0x0000992c      0xe82 CMakeFiles/DC_Motor.dir/home/connor/pico/pico-sdk/src/common/pico_util/pheap.c.obj
 .debug_info    0x0000a7ae      0xfe7 CMakeFiles/DC_Motor.dir/home/connor/pico/pico-sdk/src/rp2_common/hardware_clocks/clocks.c.obj
 .debug_info    0x0000b795      0x505 CMakeFiles/DC_Motor.dir/home/connor/pico/pico-sdk/src/rp2_common/hardware_pll/pll.c.obj
 .debug_info    0x0000bc9a      0x4d8 CMakeFiles/DC_Motor.dir/home/connor/pico/pico-sdk/src/rp2_common/hardware_watchdog/watchdog.c.obj
 .debug_info    0x0000c172      0x1c7 CMakeFiles/DC_Motor.dir/home/connor/pico/pico-sdk/src/rp2_common/hardware_xosc/xosc.c.obj
 .debug_info    0x0000c339      0xf23 CMakeFiles/DC_Motor.dir/home/connor/pico/pico-sdk/src/rp2_common/pico_runtime/runtime.c.obj
 .debug_info    0x0000d25c     0x19db CMakeFiles/DC_Motor.dir/home/connor/pico/pico-sdk/src/rp2_common/pico_printf/printf.c.obj
 .debug_info    0x0000ec37       0x23 CMakeFiles/DC_Motor.dir/home/connor/pico/pico-sdk/src/rp2_common/pico_bit_ops/bit_ops_aeabi.S.obj
 .debug_info    0x0000ec5a      0x331 CMakeFiles/DC_Motor.dir/home/connor/pico/pico-sdk/src/rp2_common/pico_bootrom/bootrom.c.obj
 .debug_info    0x0000ef8b       0x23 CMakeFiles/DC_Motor.dir/home/connor/pico/pico-sdk/src/rp2_common/pico_divider/divider.S.obj
 .debug_info    0x0000efae       0x23 CMakeFiles/DC_Motor.dir/home/connor/pico/pico-sdk/src/rp2_common/pico_double/double_aeabi.S.obj
 .debug_info    0x0000efd1      0x365 CMakeFiles/DC_Motor.dir/home/connor/pico/pico-sdk/src/rp2_common/pico_double/double_init_rom.c.obj
 .debug_info    0x0000f336       0x24 CMakeFiles/DC_Motor.dir/home/connor/pico/pico-sdk/src/rp2_common/pico_double/double_v1_rom_shim.S.obj
 .debug_info    0x0000f35a       0x24 CMakeFiles/DC_Motor.dir/home/connor/pico/pico-sdk/src/rp2_common/pico_int64_ops/pico_int64_ops_aeabi.S.obj
 .debug_info    0x0000f37e       0x23 CMakeFiles/DC_Motor.dir/home/connor/pico/pico-sdk/src/rp2_common/pico_float/float_aeabi.S.obj
 .debug_info    0x0000f3a1      0x33a CMakeFiles/DC_Motor.dir/home/connor/pico/pico-sdk/src/rp2_common/pico_float/float_init_rom.c.obj
 .debug_info    0x0000f6db       0x23 CMakeFiles/DC_Motor.dir/home/connor/pico/pico-sdk/src/rp2_common/pico_mem_ops/mem_ops_aeabi.S.obj
 .debug_info    0x0000f6fe       0x23 CMakeFiles/DC_Motor.dir/home/connor/pico/pico-sdk/src/rp2_common/pico_standard_link/crt0.S.obj
 .debug_info    0x0000f721      0x2e2 CMakeFiles/DC_Motor.dir/home/connor/pico/pico-sdk/src/rp2_common/pico_standard_link/binary_info.c.obj
 .debug_info    0x0000fa03     0x1743 CMakeFiles/DC_Motor.dir/home/connor/pico/pico-sdk/src/rp2_common/pico_stdio/stdio.c.obj
 .debug_info    0x00011146       0x3c /usr/lib/gcc/arm-none-eabi/13.1.0/thumb/v6-m/nofp/libgcc.a(_dvmd_tls.o)
 .debug_info    0x00011182      0x11e /usr/lib/gcc/arm-none-eabi/13.1.0/../../../../arm-none-eabi/lib/thumb/v6-m/nofp/libg.a(libc_a-atexit.o)
 .debug_info    0x000112a0       0xf7 /usr/lib/gcc/arm-none-eabi/13.1.0/../../../../arm-none-eabi/lib/thumb/v6-m/nofp/libg.a(libc_a-fini.o)
 .debug_info    0x00011397      0x218 /usr/lib/gcc/arm-none-eabi/13.1.0/../../../../arm-none-eabi/lib/thumb/v6-m/nofp/libg.a(libc_a-lock.o)
 .debug_info    0x000115af       0xeb /usr/lib/gcc/arm-none-eabi/13.1.0/../../../../arm-none-eabi/lib/thumb/v6-m/nofp/libg.a(libc_a-strlen-stub.o)
 .debug_info    0x0001169a      0x25f /usr/lib/gcc/arm-none-eabi/13.1.0/../../../../arm-none-eabi/lib/thumb/v6-m/nofp/libg.a(libc_a-__atexit.o)
 .debug_info    0x000118f9      0x2dd /usr/lib/gcc/arm-none-eabi/13.1.0/../../../../arm-none-eabi/lib/thumb/v6-m/nofp/libg.a(libc_a-__call_atexit.o)

.debug_abbrev   0x00000000     0x41f9
 .debug_abbrev  0x00000000      0x2a1 CMakeFiles/DC_Motor.dir/DC_Motor.c.obj
 .debug_abbrev  0x000002a1       0xf8 CMakeFiles/DC_Motor.dir/home/connor/pico/pico-sdk/src/rp2_common/pico_platform/platform.c.obj
 .debug_abbrev  0x00000399      0x2ce CMakeFiles/DC_Motor.dir/home/connor/pico/pico-sdk/src/rp2_common/hardware_claim/claim.c.obj
 .debug_abbrev  0x00000667      0x249 CMakeFiles/DC_Motor.dir/home/connor/pico/pico-sdk/src/rp2_common/hardware_sync/sync.c.obj
 .debug_abbrev  0x000008b0      0x500 CMakeFiles/DC_Motor.dir/home/connor/pico/pico-sdk/src/rp2_common/hardware_irq/irq.c.obj
 .debug_abbrev  0x00000db0      0x116 CMakeFiles/DC_Motor.dir/home/connor/pico/pico-sdk/src/common/pico_sync/lock_core.c.obj
 .debug_abbrev  0x00000ec6      0x3f1 CMakeFiles/DC_Motor.dir/home/connor/pico/pico-sdk/src/common/pico_sync/mutex.c.obj
 .debug_abbrev  0x000012b7      0x5c3 CMakeFiles/DC_Motor.dir/home/connor/pico/pico-sdk/src/common/pico_time/time.c.obj
 .debug_abbrev  0x0000187a      0x3d5 CMakeFiles/DC_Motor.dir/home/connor/pico/pico-sdk/src/rp2_common/hardware_timer/timer.c.obj
 .debug_abbrev  0x00001c4f      0x290 CMakeFiles/DC_Motor.dir/home/connor/pico/pico-sdk/src/common/pico_util/pheap.c.obj
 .debug_abbrev  0x00001edf      0x434 CMakeFiles/DC_Motor.dir/home/connor/pico/pico-sdk/src/rp2_common/hardware_clocks/clocks.c.obj
 .debug_abbrev  0x00002313      0x1e7 CMakeFiles/DC_Motor.dir/home/connor/pico/pico-sdk/src/rp2_common/hardware_pll/pll.c.obj
 .debug_abbrev  0x000024fa      0x1a8 CMakeFiles/DC_Motor.dir/home/connor/pico/pico-sdk/src/rp2_common/hardware_watchdog/watchdog.c.obj
 .debug_abbrev  0x000026a2      0x10c CMakeFiles/DC_Motor.dir/home/connor/pico/pico-sdk/src/rp2_common/hardware_xosc/xosc.c.obj
 .debug_abbrev  0x000027ae      0x530 CMakeFiles/DC_Motor.dir/home/connor/pico/pico-sdk/src/rp2_common/pico_runtime/runtime.c.obj
 .debug_abbrev  0x00002cde      0x371 CMakeFiles/DC_Motor.dir/home/connor/pico/pico-sdk/src/rp2_common/pico_printf/printf.c.obj
 .debug_abbrev  0x0000304f       0x12 CMakeFiles/DC_Motor.dir/home/connor/pico/pico-sdk/src/rp2_common/pico_bit_ops/bit_ops_aeabi.S.obj
 .debug_abbrev  0x00003061      0x167 CMakeFiles/DC_Motor.dir/home/connor/pico/pico-sdk/src/rp2_common/pico_bootrom/bootrom.c.obj
 .debug_abbrev  0x000031c8       0x12 CMakeFiles/DC_Motor.dir/home/connor/pico/pico-sdk/src/rp2_common/pico_divider/divider.S.obj
 .debug_abbrev  0x000031da       0x12 CMakeFiles/DC_Motor.dir/home/connor/pico/pico-sdk/src/rp2_common/pico_double/double_aeabi.S.obj
 .debug_abbrev  0x000031ec      0x1df CMakeFiles/DC_Motor.dir/home/connor/pico/pico-sdk/src/rp2_common/pico_double/double_init_rom.c.obj
 .debug_abbrev  0x000033cb       0x14 CMakeFiles/DC_Motor.dir/home/connor/pico/pico-sdk/src/rp2_common/pico_double/double_v1_rom_shim.S.obj
 .debug_abbrev  0x000033df       0x14 CMakeFiles/DC_Motor.dir/home/connor/pico/pico-sdk/src/rp2_common/pico_int64_ops/pico_int64_ops_aeabi.S.obj
 .debug_abbrev  0x000033f3       0x12 CMakeFiles/DC_Motor.dir/home/connor/pico/pico-sdk/src/rp2_common/pico_float/float_aeabi.S.obj
 .debug_abbrev  0x00003405      0x1c3 CMakeFiles/DC_Motor.dir/home/connor/pico/pico-sdk/src/rp2_common/pico_float/float_init_rom.c.obj
 .debug_abbrev  0x000035c8       0x12 CMakeFiles/DC_Motor.dir/home/connor/pico/pico-sdk/src/rp2_common/pico_mem_ops/mem_ops_aeabi.S.obj
 .debug_abbrev  0x000035da       0x12 CMakeFiles/DC_Motor.dir/home/connor/pico/pico-sdk/src/rp2_common/pico_standard_link/crt0.S.obj
 .debug_abbrev  0x000035ec       0xb8 CMakeFiles/DC_Motor.dir/home/connor/pico/pico-sdk/src/rp2_common/pico_standard_link/binary_info.c.obj
 .debug_abbrev  0x000036a4      0x47a CMakeFiles/DC_Motor.dir/home/connor/pico/pico-sdk/src/rp2_common/pico_stdio/stdio.c.obj
 .debug_abbrev  0x00003b1e       0x26 /usr/lib/gcc/arm-none-eabi/13.1.0/thumb/v6-m/nofp/libgcc.a(_dvmd_tls.o)
 .debug_abbrev  0x00003b44       0xbe /usr/lib/gcc/arm-none-eabi/13.1.0/../../../../arm-none-eabi/lib/thumb/v6-m/nofp/libg.a(libc_a-atexit.o)
 .debug_abbrev  0x00003c02       0xc9 /usr/lib/gcc/arm-none-eabi/13.1.0/../../../../arm-none-eabi/lib/thumb/v6-m/nofp/libg.a(libc_a-fini.o)
 .debug_abbrev  0x00003ccb      0x115 /usr/lib/gcc/arm-none-eabi/13.1.0/../../../../arm-none-eabi/lib/thumb/v6-m/nofp/libg.a(libc_a-lock.o)
 .debug_abbrev  0x00003de0       0x90 /usr/lib/gcc/arm-none-eabi/13.1.0/../../../../arm-none-eabi/lib/thumb/v6-m/nofp/libg.a(libc_a-strlen-stub.o)
 .debug_abbrev  0x00003e70      0x189 /usr/lib/gcc/arm-none-eabi/13.1.0/../../../../arm-none-eabi/lib/thumb/v6-m/nofp/libg.a(libc_a-__atexit.o)
 .debug_abbrev  0x00003ff9      0x200 /usr/lib/gcc/arm-none-eabi/13.1.0/../../../../arm-none-eabi/lib/thumb/v6-m/nofp/libg.a(libc_a-__call_atexit.o)

.debug_loclists
                0x00000000     0x7544
 .debug_loclists
                0x00000000      0x29c CMakeFiles/DC_Motor.dir/DC_Motor.c.obj
 .debug_loclists
                0x0000029c       0xad CMakeFiles/DC_Motor.dir/home/connor/pico/pico-sdk/src/rp2_common/pico_platform/platform.c.obj
 .debug_loclists
                0x00000349      0x2af CMakeFiles/DC_Motor.dir/home/connor/pico/pico-sdk/src/rp2_common/hardware_claim/claim.c.obj
 .debug_loclists
                0x000005f8      0x182 CMakeFiles/DC_Motor.dir/home/connor/pico/pico-sdk/src/rp2_common/hardware_sync/sync.c.obj
 .debug_loclists
                0x0000077a      0xdb7 CMakeFiles/DC_Motor.dir/home/connor/pico/pico-sdk/src/rp2_common/hardware_irq/irq.c.obj
 .debug_loclists
                0x00001531       0x50 CMakeFiles/DC_Motor.dir/home/connor/pico/pico-sdk/src/common/pico_sync/lock_core.c.obj
 .debug_loclists
                0x00001581      0xa5b CMakeFiles/DC_Motor.dir/home/connor/pico/pico-sdk/src/common/pico_sync/mutex.c.obj
 .debug_loclists
                0x00001fdc     0x146a CMakeFiles/DC_Motor.dir/home/connor/pico/pico-sdk/src/common/pico_time/time.c.obj
 .debug_loclists
                0x00003446      0x698 CMakeFiles/DC_Motor.dir/home/connor/pico/pico-sdk/src/rp2_common/hardware_timer/timer.c.obj
 .debug_loclists
                0x00003ade      0x7aa CMakeFiles/DC_Motor.dir/home/connor/pico/pico-sdk/src/common/pico_util/pheap.c.obj
 .debug_loclists
                0x00004288      0x5c2 CMakeFiles/DC_Motor.dir/home/connor/pico/pico-sdk/src/rp2_common/hardware_clocks/clocks.c.obj
 .debug_loclists
                0x0000484a      0x214 CMakeFiles/DC_Motor.dir/home/connor/pico/pico-sdk/src/rp2_common/hardware_pll/pll.c.obj
 .debug_loclists
                0x00004a5e      0x1fd CMakeFiles/DC_Motor.dir/home/connor/pico/pico-sdk/src/rp2_common/hardware_watchdog/watchdog.c.obj
 .debug_loclists
                0x00004c5b       0x48 CMakeFiles/DC_Motor.dir/home/connor/pico/pico-sdk/src/rp2_common/hardware_xosc/xosc.c.obj
 .debug_loclists
                0x00004ca3      0x3d9 CMakeFiles/DC_Motor.dir/home/connor/pico/pico-sdk/src/rp2_common/pico_runtime/runtime.c.obj
 .debug_loclists
                0x0000507c     0x16f9 CMakeFiles/DC_Motor.dir/home/connor/pico/pico-sdk/src/rp2_common/pico_printf/printf.c.obj
 .debug_loclists
                0x00006775      0x14d CMakeFiles/DC_Motor.dir/home/connor/pico/pico-sdk/src/rp2_common/pico_bootrom/bootrom.c.obj
 .debug_loclists
                0x000068c2       0x41 CMakeFiles/DC_Motor.dir/home/connor/pico/pico-sdk/src/rp2_common/pico_double/double_init_rom.c.obj
 .debug_loclists
                0x00006903       0x58 CMakeFiles/DC_Motor.dir/home/connor/pico/pico-sdk/src/rp2_common/pico_float/float_init_rom.c.obj
 .debug_loclists
                0x0000695b      0x8c3 CMakeFiles/DC_Motor.dir/home/connor/pico/pico-sdk/src/rp2_common/pico_stdio/stdio.c.obj
 .debug_loclists
                0x0000721e       0x30 /usr/lib/gcc/arm-none-eabi/13.1.0/../../../../arm-none-eabi/lib/thumb/v6-m/nofp/libg.a(libc_a-atexit.o)
 .debug_loclists
                0x0000724e       0x34 /usr/lib/gcc/arm-none-eabi/13.1.0/../../../../arm-none-eabi/lib/thumb/v6-m/nofp/libg.a(libc_a-fini.o)
 .debug_loclists
                0x00007282       0x29 /usr/lib/gcc/arm-none-eabi/13.1.0/../../../../arm-none-eabi/lib/thumb/v6-m/nofp/libg.a(libc_a-lock.o)
 .debug_loclists
                0x000072ab       0x64 /usr/lib/gcc/arm-none-eabi/13.1.0/../../../../arm-none-eabi/lib/thumb/v6-m/nofp/libg.a(libc_a-strlen-stub.o)
 .debug_loclists
                0x0000730f      0x122 /usr/lib/gcc/arm-none-eabi/13.1.0/../../../../arm-none-eabi/lib/thumb/v6-m/nofp/libg.a(libc_a-__atexit.o)
 .debug_loclists
                0x00007431      0x113 /usr/lib/gcc/arm-none-eabi/13.1.0/../../../../arm-none-eabi/lib/thumb/v6-m/nofp/libg.a(libc_a-__call_atexit.o)

.debug_aranges  0x00000000      0xe18
 .debug_aranges
                0x00000000       0x38 CMakeFiles/DC_Motor.dir/DC_Motor.c.obj
 .debug_aranges
                0x00000038       0x28 CMakeFiles/DC_Motor.dir/home/connor/pico/pico-sdk/src/rp2_common/pico_platform/platform.c.obj
 .debug_aranges
                0x00000060       0x48 CMakeFiles/DC_Motor.dir/home/connor/pico/pico-sdk/src/rp2_common/hardware_claim/claim.c.obj
 .debug_aranges
                0x000000a8       0x58 CMakeFiles/DC_Motor.dir/home/connor/pico/pico-sdk/src/rp2_common/hardware_sync/sync.c.obj
 .debug_aranges
                0x00000100       0xd0 CMakeFiles/DC_Motor.dir/home/connor/pico/pico-sdk/src/rp2_common/hardware_irq/irq.c.obj
 .debug_aranges
                0x000001d0       0x20 CMakeFiles/DC_Motor.dir/home/connor/pico/pico-sdk/src/common/pico_sync/lock_core.c.obj
 .debug_aranges
                0x000001f0       0xc0 CMakeFiles/DC_Motor.dir/home/connor/pico/pico-sdk/src/common/pico_sync/mutex.c.obj
 .debug_aranges
                0x000002b0      0x158 CMakeFiles/DC_Motor.dir/home/connor/pico/pico-sdk/src/common/pico_time/time.c.obj
 .debug_aranges
                0x00000408       0x90 CMakeFiles/DC_Motor.dir/home/connor/pico/pico-sdk/src/rp2_common/hardware_timer/timer.c.obj
 .debug_aranges
                0x00000498       0x80 CMakeFiles/DC_Motor.dir/home/connor/pico/pico-sdk/src/common/pico_util/pheap.c.obj
 .debug_aranges
                0x00000518       0x70 CMakeFiles/DC_Motor.dir/home/connor/pico/pico-sdk/src/rp2_common/hardware_clocks/clocks.c.obj
 .debug_aranges
                0x00000588       0x28 CMakeFiles/DC_Motor.dir/home/connor/pico/pico-sdk/src/rp2_common/hardware_pll/pll.c.obj
 .debug_aranges
                0x000005b0       0x58 CMakeFiles/DC_Motor.dir/home/connor/pico/pico-sdk/src/rp2_common/hardware_watchdog/watchdog.c.obj
 .debug_aranges
                0x00000608       0x30 CMakeFiles/DC_Motor.dir/home/connor/pico/pico-sdk/src/rp2_common/hardware_xosc/xosc.c.obj
 .debug_aranges
                0x00000638       0x98 CMakeFiles/DC_Motor.dir/home/connor/pico/pico-sdk/src/rp2_common/pico_runtime/runtime.c.obj
 .debug_aranges
                0x000006d0       0x90 CMakeFiles/DC_Motor.dir/home/connor/pico/pico-sdk/src/rp2_common/pico_printf/printf.c.obj
 .debug_aranges
                0x00000760       0x68 CMakeFiles/DC_Motor.dir/home/connor/pico/pico-sdk/src/rp2_common/pico_bit_ops/bit_ops_aeabi.S.obj
 .debug_aranges
                0x000007c8       0x30 CMakeFiles/DC_Motor.dir/home/connor/pico/pico-sdk/src/rp2_common/pico_bootrom/bootrom.c.obj
 .debug_aranges
                0x000007f8       0x40 CMakeFiles/DC_Motor.dir/home/connor/pico/pico-sdk/src/rp2_common/pico_divider/divider.S.obj
 .debug_aranges
                0x00000838      0x140 CMakeFiles/DC_Motor.dir/home/connor/pico/pico-sdk/src/rp2_common/pico_double/double_aeabi.S.obj
 .debug_aranges
                0x00000978       0x28 CMakeFiles/DC_Motor.dir/home/connor/pico/pico-sdk/src/rp2_common/pico_double/double_init_rom.c.obj
 .debug_aranges
                0x000009a0       0x20 CMakeFiles/DC_Motor.dir/home/connor/pico/pico-sdk/src/rp2_common/pico_double/double_v1_rom_shim.S.obj
 .debug_aranges
                0x000009c0       0x20 CMakeFiles/DC_Motor.dir/home/connor/pico/pico-sdk/src/rp2_common/pico_int64_ops/pico_int64_ops_aeabi.S.obj
 .debug_aranges
                0x000009e0      0x130 CMakeFiles/DC_Motor.dir/home/connor/pico/pico-sdk/src/rp2_common/pico_float/float_aeabi.S.obj
 .debug_aranges
                0x00000b10       0x28 CMakeFiles/DC_Motor.dir/home/connor/pico/pico-sdk/src/rp2_common/pico_float/float_init_rom.c.obj
 .debug_aranges
                0x00000b38       0x38 CMakeFiles/DC_Motor.dir/home/connor/pico/pico-sdk/src/rp2_common/pico_mem_ops/mem_ops_aeabi.S.obj
 .debug_aranges
                0x00000b70       0x28 CMakeFiles/DC_Motor.dir/home/connor/pico/pico-sdk/src/rp2_common/pico_standard_link/crt0.S.obj
 .debug_aranges
                0x00000b98       0x18 CMakeFiles/DC_Motor.dir/home/connor/pico/pico-sdk/src/rp2_common/pico_standard_link/binary_info.c.obj
 .debug_aranges
                0x00000bb0      0x138 CMakeFiles/DC_Motor.dir/home/connor/pico/pico-sdk/src/rp2_common/pico_stdio/stdio.c.obj
 .debug_aranges
                0x00000ce8       0x20 /usr/lib/gcc/arm-none-eabi/13.1.0/thumb/v6-m/nofp/libgcc.a(_dvmd_tls.o)
 .debug_aranges
                0x00000d08       0x20 /usr/lib/gcc/arm-none-eabi/13.1.0/../../../../arm-none-eabi/lib/thumb/v6-m/nofp/libg.a(libc_a-atexit.o)
 .debug_aranges
                0x00000d28       0x20 /usr/lib/gcc/arm-none-eabi/13.1.0/../../../../arm-none-eabi/lib/thumb/v6-m/nofp/libg.a(libc_a-fini.o)
 .debug_aranges
                0x00000d48       0x68 /usr/lib/gcc/arm-none-eabi/13.1.0/../../../../arm-none-eabi/lib/thumb/v6-m/nofp/libg.a(libc_a-lock.o)
 .debug_aranges
                0x00000db0       0x20 /usr/lib/gcc/arm-none-eabi/13.1.0/../../../../arm-none-eabi/lib/thumb/v6-m/nofp/libg.a(libc_a-strlen-stub.o)
 .debug_aranges
                0x00000dd0       0x20 /usr/lib/gcc/arm-none-eabi/13.1.0/../../../../arm-none-eabi/lib/thumb/v6-m/nofp/libg.a(libc_a-__atexit.o)
 .debug_aranges
                0x00000df0       0x28 /usr/lib/gcc/arm-none-eabi/13.1.0/../../../../arm-none-eabi/lib/thumb/v6-m/nofp/libg.a(libc_a-__call_atexit.o)

.debug_rnglists
                0x00000000      0xbf8
 .debug_rnglists
                0x00000000       0x26 CMakeFiles/DC_Motor.dir/DC_Motor.c.obj
 .debug_rnglists
                0x00000026       0x19 CMakeFiles/DC_Motor.dir/home/connor/pico/pico-sdk/src/rp2_common/pico_platform/platform.c.obj
 .debug_rnglists
                0x0000003f       0x31 CMakeFiles/DC_Motor.dir/home/connor/pico/pico-sdk/src/rp2_common/hardware_claim/claim.c.obj
 .debug_rnglists
                0x00000070       0x3d CMakeFiles/DC_Motor.dir/home/connor/pico/pico-sdk/src/rp2_common/hardware_sync/sync.c.obj
 .debug_rnglists
                0x000000ad       0xf0 CMakeFiles/DC_Motor.dir/home/connor/pico/pico-sdk/src/rp2_common/hardware_irq/irq.c.obj
 .debug_rnglists