Archive member included to satisfy reference by file (symbol)

/usr/lib/gcc/arm-none-eabi/13.1.0/thumb/v6-m/nofp/libgcc.a(_dvmd_tls.o)
                              CMakeFiles/blinky.dir/home/connor/pico/pico-sdk/src/rp2_common/pico_divider/divider.S.obj (__aeabi_idiv0)
/usr/lib/gcc/arm-none-eabi/13.1.0/../../../../arm-none-eabi/lib/thumb/v6-m/nofp/libg.a(libc_a-atexit.o)
                              /usr/lib/gcc/arm-none-eabi/13.1.0/../../../../arm-none-eabi/lib/thumb/v6-m/nofp/crt0.o (atexit)
/usr/lib/gcc/arm-none-eabi/13.1.0/../../../../arm-none-eabi/lib/thumb/v6-m/nofp/libg.a(libc_a-calloc.o)
                              CMakeFiles/blinky.dir/home/connor/pico/pico-sdk/src/rp2_common/pico_malloc/pico_malloc.c.obj (calloc)
/usr/lib/gcc/arm-none-eabi/13.1.0/../../../../arm-none-eabi/lib/thumb/v6-m/nofp/libg.a(libc_a-callocr.o)
                              /usr/lib/gcc/arm-none-eabi/13.1.0/../../../../arm-none-eabi/lib/thumb/v6-m/nofp/libg.a(libc_a-calloc.o) (_calloc_r)
/usr/lib/gcc/arm-none-eabi/13.1.0/../../../../arm-none-eabi/lib/thumb/v6-m/nofp/libg.a(libc_a-malloc.o)
                              CMakeFiles/blinky.dir/home/connor/pico/pico-sdk/src/rp2_common/pico_malloc/pico_malloc.c.obj (malloc)
/usr/lib/gcc/arm-none-eabi/13.1.0/../../../../arm-none-eabi/lib/thumb/v6-m/nofp/libg.a(libc_a-mallocr.o)
                              /usr/lib/gcc/arm-none-eabi/13.1.0/../../../../arm-none-eabi/lib/thumb/v6-m/nofp/libg.a(libc_a-callocr.o) (_malloc_r)
/usr/lib/gcc/arm-none-eabi/13.1.0/../../../../arm-none-eabi/lib/thumb/v6-m/nofp/libg.a(libc_a-mlock.o)
                              /usr/lib/gcc/arm-none-eabi/13.1.0/../../../../arm-none-eabi/lib/thumb/v6-m/nofp/libg.a(libc_a-mallocr.o) (__malloc_lock)
/usr/lib/gcc/arm-none-eabi/13.1.0/../../../../arm-none-eabi/lib/thumb/v6-m/nofp/libg.a(libc_a-realloc.o)
                              CMakeFiles/blinky.dir/home/connor/pico/pico-sdk/src/rp2_common/pico_malloc/pico_malloc.c.obj (realloc)
/usr/lib/gcc/arm-none-eabi/13.1.0/../../../../arm-none-eabi/lib/thumb/v6-m/nofp/libg.a(libc_a-reallocr.o)
                              /usr/lib/gcc/arm-none-eabi/13.1.0/../../../../arm-none-eabi/lib/thumb/v6-m/nofp/libg.a(libc_a-realloc.o) (_realloc_r)
/usr/lib/gcc/arm-none-eabi/13.1.0/../../../../arm-none-eabi/lib/thumb/v6-m/nofp/libg.a(libc_a-memmove.o)
                              /usr/lib/gcc/arm-none-eabi/13.1.0/../../../../arm-none-eabi/lib/thumb/v6-m/nofp/libg.a(libc_a-reallocr.o) (memmove)
/usr/lib/gcc/arm-none-eabi/13.1.0/../../../../arm-none-eabi/lib/thumb/v6-m/nofp/libg.a(libc_a-impure.o)
                              /usr/lib/gcc/arm-none-eabi/13.1.0/../../../../arm-none-eabi/lib/thumb/v6-m/nofp/libg.a(libc_a-calloc.o) (_impure_ptr)
/usr/lib/gcc/arm-none-eabi/13.1.0/../../../../arm-none-eabi/lib/thumb/v6-m/nofp/libg.a(libc_a-sbrkr.o)
                              /usr/lib/gcc/arm-none-eabi/13.1.0/../../../../arm-none-eabi/lib/thumb/v6-m/nofp/libg.a(libc_a-mallocr.o) (_sbrk_r)
/usr/lib/gcc/arm-none-eabi/13.1.0/../../../../arm-none-eabi/lib/thumb/v6-m/nofp/libg.a(libc_a-errno.o)
                              /usr/lib/gcc/arm-none-eabi/13.1.0/../../../../arm-none-eabi/lib/thumb/v6-m/nofp/libg.a(libc_a-callocr.o) (__errno)
/usr/lib/gcc/arm-none-eabi/13.1.0/../../../../arm-none-eabi/lib/thumb/v6-m/nofp/libg.a(libc_a-init.o)
                              /usr/lib/gcc/arm-none-eabi/13.1.0/../../../../arm-none-eabi/lib/thumb/v6-m/nofp/crt0.o (__libc_init_array)
/usr/lib/gcc/arm-none-eabi/13.1.0/../../../../arm-none-eabi/lib/thumb/v6-m/nofp/libg.a(libc_a-fini.o)
                              /usr/lib/gcc/arm-none-eabi/13.1.0/../../../../arm-none-eabi/lib/thumb/v6-m/nofp/crt0.o (__libc_fini_array)
/usr/lib/gcc/arm-none-eabi/13.1.0/../../../../arm-none-eabi/lib/thumb/v6-m/nofp/libg.a(libc_a-lock.o)
                              /usr/lib/gcc/arm-none-eabi/13.1.0/../../../../arm-none-eabi/lib/thumb/v6-m/nofp/libg.a(libc_a-mlock.o) (__retarget_lock_acquire_recursive)
/usr/lib/gcc/arm-none-eabi/13.1.0/../../../../arm-none-eabi/lib/thumb/v6-m/nofp/libg.a(libc_a-sysconf.o)
                              /usr/lib/gcc/arm-none-eabi/13.1.0/../../../../arm-none-eabi/lib/thumb/v6-m/nofp/libg.a(libc_a-mallocr.o) (sysconf)
/usr/lib/gcc/arm-none-eabi/13.1.0/../../../../arm-none-eabi/lib/thumb/v6-m/nofp/libg.a(libc_a-strlen-stub.o)
                              CMakeFiles/blinky.dir/home/connor/pico/pico-sdk/src/rp2_common/pico_stdio/stdio.c.obj (strlen)
/usr/lib/gcc/arm-none-eabi/13.1.0/../../../../arm-none-eabi/lib/thumb/v6-m/nofp/libg.a(libc_a-__atexit.o)
                              /usr/lib/gcc/arm-none-eabi/13.1.0/../../../../arm-none-eabi/lib/thumb/v6-m/nofp/libg.a(libc_a-atexit.o) (__register_exitproc)
/usr/lib/gcc/arm-none-eabi/13.1.0/../../../../arm-none-eabi/lib/thumb/v6-m/nofp/libg.a(libc_a-__call_atexit.o)
                              /usr/lib/gcc/arm-none-eabi/13.1.0/../../../../arm-none-eabi/lib/thumb/v6-m/nofp/libg.a(libc_a-__atexit.o) (__atexit_recursive_mutex)
[...]
Memory Configuration

Name             Origin             Length             Attributes
FLASH            0x10000000         0x00200000         xr
RAM              0x20000000         0x00040000         xrw
SCRATCH_X        0x20040000         0x00001000         xrw
SCRATCH_Y        0x20041000         0x00001000         xrw
*default*        0x00000000         0xffffffff

Linker script and memory map

LOAD /usr/lib/gcc/arm-none-eabi/13.1.0/thumb/v6-m/nofp/crti.o
LOAD /usr/lib/gcc/arm-none-eabi/13.1.0/thumb/v6-m/nofp/crtbegin.o
LOAD /usr/lib/gcc/arm-none-eabi/13.1.0/../../../../arm-none-eabi/lib/thumb/v6-m/nofp/crt0.o

.flash_begin    0x10000000        0x0
                0x10000000                        __flash_binary_start = .

.boot2          0x10000000      0x100
                0x10000000                        __boot2_start__ = .
 *(.boot2)
 .boot2         0x10000000      0x100 /tmp/ccuSYkod.o
                0x10000100                        __boot2_end__ = .
                0x00000001                        ASSERT (((__boot2_end__ - __boot2_start__) == 0x100), ERROR: Pico second stage bootloader must be 256 bytes in size)

.text           0x10000100     0x4110
                0x10000100                        __logical_binary_start = .
 *(.vectors)
 .vectors       0x10000100       0xd4 CMakeFiles/blinky.dir/home/connor/pico/pico-sdk/src/rp2_common/pico_standard_link/crt0.S.obj
                0x10000100                __vectors
                0x10000100                __VECTOR_TABLE
                0x100001c0                isr_invalid
                0x100001c0                __default_isrs_start
                0x100001c2                isr_nmi
                0x100001c4                isr_hardfault
                0x100001c6                isr_svcall
                0x100001c8                isr_pendsv
                0x100001ca                isr_systick
                0x100001cc                isr_irq30
                0x100001cc                __unhandled_user_irq
                0x100001cc                isr_irq13
                0x100001cc                isr_irq27
                0x100001cc                isr_irq31
                0x100001cc                isr_irq5
                0x100001cc                isr_irq11
                0x100001cc                isr_irq23
                0x100001cc                isr_irq18
                0x100001cc                isr_irq28
                0x100001cc                isr_irq19
                0x100001cc                isr_irq0
                0x100001cc                isr_irq6
                0x100001cc                isr_irq22
                0x100001cc                isr_irq17
                0x100001cc                isr_irq14
                0x100001cc                isr_irq2
                0x100001cc                isr_irq10
                0x100001cc                isr_irq8
                0x100001cc                isr_irq24
                0x100001cc                isr_irq1
                0x100001cc                isr_irq7
                0x100001cc                isr_irq21
                0x100001cc                isr_irq20
                0x100001cc                isr_irq15
                0x100001cc                isr_irq25
                0x100001cc                isr_irq4
                0x100001cc                isr_irq16
                0x100001cc                isr_irq29
                0x100001cc                isr_irq26
                0x100001cc                __default_isrs_end
                0x100001cc                isr_irq3
                0x100001cc                isr_irq12
                0x100001cc                isr_irq9
                0x100001d2                unhandled_user_irq_num_in_r0
 *(.binary_info_header)
 .binary_info_header
                0x100001d4       0x14 CMakeFiles/blinky.dir/home/connor/pico/pico-sdk/src/rp2_common/pico_standard_link/crt0.S.obj
                0x100001e8                        __binary_info_header_end = .
 *(.reset)
 .reset         0x100001e8       0xa0 CMakeFiles/blinky.dir/home/connor/pico/pico-sdk/src/rp2_common/pico_standard_link/crt0.S.obj
                0x100001e8                _entry_point
 .reset         0x10000288       0x30 CMakeFiles/blinky.dir/home/connor/pico/pico-sdk/src/rp2_common/pico_standard_link/binary_info.c.obj
 *(.init)
 .init          0x100002b8        0x4 /usr/lib/gcc/arm-none-eabi/13.1.0/thumb/v6-m/nofp/crti.o
                0x100002b8                _init
 *(EXCLUDE_FILE(*libm.a: *libc.a:*lib_a-mem*.o *libgcc.a:) .text*)
 .text          0x100002bc       0x98 /usr/lib/gcc/arm-none-eabi/13.1.0/thumb/v6-m/nofp/crtbegin.o
 .text.main     0x10000354       0x44 CMakeFiles/blinky.dir/blinky.c.obj
                0x10000354                main
 .text.gpio_set_function
                0x10000398       0x30 CMakeFiles/blinky.dir/home/connor/pico/pico-sdk/src/rp2_common/hardware_gpio/gpio.c.obj
                0x10000398                gpio_set_function
 .text.gpio_init
                0x100003c8       0x16 CMakeFiles/blinky.dir/home/connor/pico/pico-sdk/src/rp2_common/hardware_gpio/gpio.c.obj
                0x100003c8                gpio_init
 *fill*         0x100003de        0x2 
 .text.running_on_fpga
                0x100003e0       0x14 CMakeFiles/blinky.dir/home/connor/pico/pico-sdk/src/rp2_common/pico_platform/platform.c.obj
                0x100003e0                running_on_fpga
 .text.hw_claim_lock
                0x100003f4       0x18 CMakeFiles/blinky.dir/home/connor/pico/pico-sdk/src/rp2_common/hardware_claim/claim.c.obj
                0x100003f4                hw_claim_lock
 .text.hw_claim_unlock
                0x1000040c       0x14 CMakeFiles/blinky.dir/home/connor/pico/pico-sdk/src/rp2_common/hardware_claim/claim.c.obj
                0x1000040c                hw_claim_unlock
 .text.hw_claim_or_assert
                0x10000420       0x32 CMakeFiles/blinky.dir/home/connor/pico/pico-sdk/src/rp2_common/hardware_claim/claim.c.obj
                0x10000420                hw_claim_or_assert
 *fill*         0x10000452        0x2 
 .text.spin_locks_reset
                0x10000454       0x20 CMakeFiles/blinky.dir/home/connor/pico/pico-sdk/src/rp2_common/hardware_sync/sync.c.obj
                0x10000454                spin_locks_reset
 .text.next_striped_spin_lock_num
                0x10000474       0x1c CMakeFiles/blinky.dir/home/connor/pico/pico-sdk/src/rp2_common/hardware_sync/sync.c.obj
                0x10000474                next_striped_spin_lock_num
 .text.set_raw_irq_handler_and_unlock
                0x10000490       0x28 CMakeFiles/blinky.dir/home/connor/pico/pico-sdk/src/rp2_common/hardware_irq/irq.c.obj
 .text.resolve_branch
                0x100004b8       0x30 CMakeFiles/blinky.dir/home/connor/pico/pico-sdk/src/rp2_common/hardware_irq/irq.c.obj
 .text.make_branch
                0x100004e8       0x48 CMakeFiles/blinky.dir/home/connor/pico/pico-sdk/src/rp2_common/hardware_irq/irq.c.obj
 .text.insert_branch_and_link
                0x10000530       0x40 CMakeFiles/blinky.dir/home/connor/pico/pico-sdk/src/rp2_common/hardware_irq/irq.c.obj
 .text.irq_is_enabled
                0x10000570       0x18 CMakeFiles/blinky.dir/home/connor/pico/pico-sdk/src/rp2_common/hardware_irq/irq.c.obj
                0x10000570                irq_is_enabled
 .text.irq_set_mask_enabled
                0x10000588       0x20 CMakeFiles/blinky.dir/home/connor/pico/pico-sdk/src/rp2_common/hardware_irq/irq.c.obj
                0x10000588                irq_set_mask_enabled
 .text.irq_set_enabled
                0x100005a8        0xe CMakeFiles/blinky.dir/home/connor/pico/pico-sdk/src/rp2_common/hardware_irq/irq.c.obj
                0x100005a8                irq_set_enabled
 *fill*         0x100005b6        0x2 
 .text.irq_get_vtable_handler
                0x100005b8       0x10 CMakeFiles/blinky.dir/home/connor/pico/pico-sdk/src/rp2_common/hardware_irq/irq.c.obj
                0x100005b8                irq_get_vtable_handler
 .text.irq_set_exclusive_handler
                0x100005c8       0x54 CMakeFiles/blinky.dir/home/connor/pico/pico-sdk/src/rp2_common/hardware_irq/irq.c.obj
                0x100005c8                irq_set_exclusive_handler
 .text.irq_remove_handler
                0x1000061c      0x188 CMakeFiles/blinky.dir/home/connor/pico/pico-sdk/src/rp2_common/hardware_irq/irq.c.obj
                0x1000061c                irq_remove_handler
 .text.irq_add_tail_to_free_list
                0x100007a4       0xf0 CMakeFiles/blinky.dir/home/connor/pico/pico-sdk/src/rp2_common/hardware_irq/irq.c.obj
                0x100007a4                irq_add_tail_to_free_list
 .text.irq_init_priorities
                0x10000894       0x1c CMakeFiles/blinky.dir/home/connor/pico/pico-sdk/src/rp2_common/hardware_irq/irq.c.obj
                0x10000894                irq_init_priorities
 .text.lock_init
                0x100008b0       0x10 CMakeFiles/blinky.dir/home/connor/pico/pico-sdk/src/common/pico_sync/lock_core.c.obj
                0x100008b0                lock_init
 .text.mutex_init
                0x100008c0       0x1a CMakeFiles/blinky.dir/home/connor/pico/pico-sdk/src/common/pico_sync/mutex.c.obj
                0x100008c0                mutex_init
 .text.recursive_mutex_init
                0x100008da       0x1e CMakeFiles/blinky.dir/home/connor/pico/pico-sdk/src/common/pico_sync/mutex.c.obj
                0x100008da                recursive_mutex_init
 .text.time_reached
                0x100008f8       0x28 CMakeFiles/blinky.dir/home/connor/pico/pico-sdk/src/common/pico_time/time.c.obj
 .text.get_entry
                0x10000920       0x38 CMakeFiles/blinky.dir/home/connor/pico/pico-sdk/src/common/pico_time/time.c.obj
 .text.timer_pool_entry_comparator
                0x10000958       0x2e CMakeFiles/blinky.dir/home/connor/pico/pico-sdk/src/common/pico_time/time.c.obj
                0x10000958                timer_pool_entry_comparator
 *fill*         0x10000986        0x2 
 .text.update_us_since_boot
                0x10000988       0x24 CMakeFiles/blinky.dir/home/connor/pico/pico-sdk/src/common/pico_time/time.c.obj
 .text.delayed_by_us
                0x100009ac       0x34 CMakeFiles/blinky.dir/home/connor/pico/pico-sdk/src/common/pico_time/time.c.obj
 .text.ph_get_node
                0x100009e0       0x30 CMakeFiles/blinky.dir/home/connor/pico/pico-sdk/src/common/pico_time/time.c.obj
 .text.ph_contains_node
                0x10000a10       0x1e CMakeFiles/blinky.dir/home/connor/pico/pico-sdk/src/common/pico_time/time.c.obj
 .text.ph_new_node
                0x10000a2e       0x28 CMakeFiles/blinky.dir/home/connor/pico/pico-sdk/src/common/pico_time/time.c.obj
 *fill*         0x10000a56        0x2 
 .text.ph_add_child_node
                0x10000a58       0x6c CMakeFiles/blinky.dir/home/connor/pico/pico-sdk/src/common/pico_time/time.c.obj
 .text.ph_merge_nodes
                0x10000ac4       0x3e CMakeFiles/blinky.dir/home/connor/pico/pico-sdk/src/common/pico_time/time.c.obj
 *fill*         0x10000b02        0x2 
 .text.ph_insert_node
                0x10000b04       0x3c CMakeFiles/blinky.dir/home/connor/pico/pico-sdk/src/common/pico_time/time.c.obj
 .text.ph_free_node
                0x10000b40       0x5c CMakeFiles/blinky.dir/home/connor/pico/pico-sdk/src/common/pico_time/time.c.obj
 .text.get_entry_id_high
                0x10000b9c       0x30 CMakeFiles/blinky.dir/home/connor/pico/pico-sdk/src/common/pico_time/time.c.obj
 .text.alarm_pool_post_alloc_init
                0x10000bcc       0x40 CMakeFiles/blinky.dir/home/connor/pico/pico-sdk/src/common/pico_time/time.c.obj
 .text.sleep_until_callback
                0x10000c0c       0x30 CMakeFiles/blinky.dir/home/connor/pico/pico-sdk/src/common/pico_time/time.c.obj
 .text.get_absolute_time
                0x10000c3c       0x22 CMakeFiles/blinky.dir/home/connor/pico/pico-sdk/src/common/pico_time/time.c.obj
 .text.make_timeout_time_us
                0x10000c5e       0x24 CMakeFiles/blinky.dir/home/connor/pico/pico-sdk/src/common/pico_time/time.c.obj
 *fill*         0x10000c82        0x2 
 .text.add_alarm_under_lock
                0x10000c84       0x94 CMakeFiles/blinky.dir/home/connor/pico/pico-sdk/src/common/pico_time/time.c.obj
 .text.alarm_pool_alarm_callback
                0x10000d18      0x210 CMakeFiles/blinky.dir/home/connor/pico/pico-sdk/src/common/pico_time/time.c.obj
 .text.alarm_pool_init_default
                0x10000f28       0x40 CMakeFiles/blinky.dir/home/connor/pico/pico-sdk/src/common/pico_time/time.c.obj
                0x10000f28                alarm_pool_init_default
 .text.alarm_pool_get_default
                0x10000f68       0x2c CMakeFiles/blinky.dir/home/connor/pico/pico-sdk/src/common/pico_time/time.c.obj
                0x10000f68                alarm_pool_get_default
 .text.alarm_pool_add_alarm_at
                0x10000f94      0x10e CMakeFiles/blinky.dir/home/connor/pico/pico-sdk/src/common/pico_time/time.c.obj
                0x10000f94                alarm_pool_add_alarm_at
 .text.add_alarm_at
                0x100010a2       0x2e CMakeFiles/blinky.dir/home/connor/pico/pico-sdk/src/common/pico_time/time.c.obj
 .text.alarm_pool_cancel_alarm
                0x100010d0       0xa8 CMakeFiles/blinky.dir/home/connor/pico/pico-sdk/src/common/pico_time/time.c.obj
                0x100010d0                alarm_pool_cancel_alarm
 .text.cancel_alarm
                0x10001178       0x10 CMakeFiles/blinky.dir/home/connor/pico/pico-sdk/src/common/pico_time/time.c.obj
 .text.sleep_until
                0x10001188       0xb0 CMakeFiles/blinky.dir/home/connor/pico/pico-sdk/src/common/pico_time/time.c.obj
                0x10001188                sleep_until
 .text.sleep_us
                0x10001238       0x1a CMakeFiles/blinky.dir/home/connor/pico/pico-sdk/src/common/pico_time/time.c.obj
                0x10001238                sleep_us
 .text.sleep_ms
                0x10001252       0x14 CMakeFiles/blinky.dir/home/connor/pico/pico-sdk/src/common/pico_time/time.c.obj
                0x10001252                sleep_ms
 *fill*         0x10001266        0x2 
 .text.best_effort_wfe_or_timeout
                0x10001268       0x44 CMakeFiles/blinky.dir/home/connor/pico/pico-sdk/src/common/pico_time/time.c.obj
                0x10001268                best_effort_wfe_or_timeout
 .text.hardware_alarm_irq_handler
                0x100012ac       0x8c CMakeFiles/blinky.dir/home/connor/pico/pico-sdk/src/rp2_common/hardware_timer/timer.c.obj
 .text.hardware_alarm_claim
                0x10001338       0x18 CMakeFiles/blinky.dir/home/connor/pico/pico-sdk/src/rp2_common/hardware_timer/timer.c.obj
                0x10001338                hardware_alarm_claim
 .text.time_us_64
                0x10001350       0x18 CMakeFiles/blinky.dir/home/connor/pico/pico-sdk/src/rp2_common/hardware_timer/timer.c.obj
                0x10001350                time_us_64
 .text.busy_wait_until
                0x10001368       0x28 CMakeFiles/blinky.dir/home/connor/pico/pico-sdk/src/rp2_common/hardware_timer/timer.c.obj
                0x10001368                busy_wait_until
 .text.hardware_alarm_set_callback
                0x10001390       0x90 CMakeFiles/blinky.dir/home/connor/pico/pico-sdk/src/rp2_common/hardware_timer/timer.c.obj
                0x10001390                hardware_alarm_set_callback
 .text.hardware_alarm_set_target
                0x10001420       0xe8 CMakeFiles/blinky.dir/home/connor/pico/pico-sdk/src/rp2_common/hardware_timer/timer.c.obj
                0x10001420                hardware_alarm_set_target
 .text.hardware_alarm_cancel
                0x10001508       0x40 CMakeFiles/blinky.dir/home/connor/pico/pico-sdk/src/rp2_common/hardware_timer/timer.c.obj
                0x10001508                hardware_alarm_cancel
 .text.ph_get_node
                0x10001548       0x30 CMakeFiles/blinky.dir/home/connor/pico/pico-sdk/src/common/pico_util/pheap.c.obj
 .text.ph_add_child_node
                0x10001578       0x6c CMakeFiles/blinky.dir/home/connor/pico/pico-sdk/src/common/pico_util/pheap.c.obj
 .text.ph_merge_nodes
                0x100015e4       0x3e CMakeFiles/blinky.dir/home/connor/pico/pico-sdk/src/common/pico_util/pheap.c.obj
 .text.ph_clear
                0x10001622       0x34 CMakeFiles/blinky.dir/home/connor/pico/pico-sdk/src/common/pico_util/pheap.c.obj
                0x10001622                ph_clear
 .text.ph_post_alloc_init
                0x10001656        0xe CMakeFiles/blinky.dir/home/connor/pico/pico-sdk/src/common/pico_util/pheap.c.obj
                0x10001656                ph_post_alloc_init
 .text.ph_merge_two_pass
                0x10001664       0x5c CMakeFiles/blinky.dir/home/connor/pico/pico-sdk/src/common/pico_util/pheap.c.obj
                0x10001664                ph_merge_two_pass
 .text.ph_remove_any_head
                0x100016c0       0xc0 CMakeFiles/blinky.dir/home/connor/pico/pico-sdk/src/common/pico_util/pheap.c.obj
 .text.ph_remove_head
                0x10001780       0x14 CMakeFiles/blinky.dir/home/connor/pico/pico-sdk/src/common/pico_util/pheap.c.obj
                0x10001780                ph_remove_head
 .text.ph_remove_and_free_node
                0x10001794       0xa0 CMakeFiles/blinky.dir/home/connor/pico/pico-sdk/src/common/pico_util/pheap.c.obj
                0x10001794                ph_remove_and_free_node
 .text.clock_configure
                0x10001834      0x108 CMakeFiles/blinky.dir/home/connor/pico/pico-sdk/src/rp2_common/hardware_clocks/clocks.c.obj
                0x10001834                clock_configure
 .text.clocks_init
                0x1000193c      0x100 CMakeFiles/blinky.dir/home/connor/pico/pico-sdk/src/rp2_common/hardware_clocks/clocks.c.obj
                0x1000193c                clocks_init
 .text.pll_init
                0x10001a3c      0x120 CMakeFiles/blinky.dir/home/connor/pico/pico-sdk/src/rp2_common/hardware_pll/pll.c.obj
                0x10001a3c                pll_init
 .text.watchdog_start_tick
                0x10001b5c       0x10 CMakeFiles/blinky.dir/home/connor/pico/pico-sdk/src/rp2_common/hardware_watchdog/watchdog.c.obj
                0x10001b5c                watchdog_start_tick
 .text.xosc_init
                0x10001b6c       0x28 CMakeFiles/blinky.dir/home/connor/pico/pico-sdk/src/rp2_common/hardware_xosc/xosc.c.obj
                0x10001b6c                xosc_init
 .text._exit    0x10001b94        0x4 CMakeFiles/blinky.dir/home/connor/pico/pico-sdk/src/rp2_common/pico_runtime/runtime.c.obj
                0x10001b94                _exit
 .text.exit     0x10001b98        0x6 CMakeFiles/blinky.dir/home/connor/pico/pico-sdk/src/rp2_common/pico_runtime/runtime.c.obj
                0x10001b98                exit
 *fill*         0x10001b9e        0x2 
 .text.__assert_func
                0x10001ba0       0x38 CMakeFiles/blinky.dir/home/connor/pico/pico-sdk/src/rp2_common/pico_runtime/runtime.c.obj
                0x10001ba0                __assert_func
 .text.runtime_init
                0x10001bd8       0xf8 CMakeFiles/blinky.dir/home/connor/pico/pico-sdk/src/rp2_common/pico_runtime/runtime.c.obj
                0x10001bd8                runtime_init
 .text.panic    0x10001cd0       0x30 CMakeFiles/blinky.dir/home/connor/pico/pico-sdk/src/rp2_common/pico_runtime/runtime.c.obj
                0x10001cd0                panic
 .text._out_null
                0x10001d00        0x2 CMakeFiles/blinky.dir/home/connor/pico/pico-sdk/src/rp2_common/pico_printf/printf.c.obj
 .text._out_fct
                0x10001d02        0xe CMakeFiles/blinky.dir/home/connor/pico/pico-sdk/src/rp2_common/pico_printf/printf.c.obj
 .text._atoi    0x10001d10       0x24 CMakeFiles/blinky.dir/home/connor/pico/pico-sdk/src/rp2_common/pico_printf/printf.c.obj
 .text._out_rev
                0x10001d34       0xae CMakeFiles/blinky.dir/home/connor/pico/pico-sdk/src/rp2_common/pico_printf/printf.c.obj
 .text._ntoa_format
                0x10001de2      0x110 CMakeFiles/blinky.dir/home/connor/pico/pico-sdk/src/rp2_common/pico_printf/printf.c.obj
 .text._ntoa_long
                0x10001ef2       0xbc CMakeFiles/blinky.dir/home/connor/pico/pico-sdk/src/rp2_common/pico_printf/printf.c.obj
 .text._ntoa_long_long
                0x10001fae      0x10e CMakeFiles/blinky.dir/home/connor/pico/pico-sdk/src/rp2_common/pico_printf/printf.c.obj
 .text._etoa    0x100020bc      0x420 CMakeFiles/blinky.dir/home/connor/pico/pico-sdk/src/rp2_common/pico_printf/printf.c.obj
 .text._ftoa    0x100024dc      0x354 CMakeFiles/blinky.dir/home/connor/pico/pico-sdk/src/rp2_common/pico_printf/printf.c.obj
 .text._vsnprintf
                0x10002830      0x668 CMakeFiles/blinky.dir/home/connor/pico/pico-sdk/src/rp2_common/pico_printf/printf.c.obj
 .text.vfctprintf
                0x10002e98       0x20 CMakeFiles/blinky.dir/home/connor/pico/pico-sdk/src/rp2_common/pico_printf/printf.c.obj
                0x10002e98                vfctprintf
 .text          0x10002eb8       0x10 CMakeFiles/blinky.dir/home/connor/pico/pico-sdk/src/rp2_common/pico_bit_ops/bit_ops_aeabi.S.obj
 .text.rom_func_lookup
                0x10002ec8       0x10 CMakeFiles/blinky.dir/home/connor/pico/pico-sdk/src/rp2_common/pico_bootrom/bootrom.c.obj
                0x10002ec8                rom_func_lookup
 .text.rom_data_lookup
                0x10002ed8       0x10 CMakeFiles/blinky.dir/home/connor/pico/pico-sdk/src/rp2_common/pico_bootrom/bootrom.c.obj
                0x10002ed8                rom_data_lookup
 .text.rom_funcs_lookup
                0x10002ee8       0x36 CMakeFiles/blinky.dir/home/connor/pico/pico-sdk/src/rp2_common/pico_bootrom/bootrom.c.obj
                0x10002ee8                rom_funcs_lookup
 *fill*         0x10002f1e        0x2 
 .text.__wrap___aeabi_idiv
                0x10002f20       0x50 CMakeFiles/blinky.dir/home/connor/pico/pico-sdk/src/rp2_common/pico_divider/divider.S.obj
                0x10002f20                __wrap___aeabi_idivmod
                0x10002f20                divmod_s32s32
                0x10002f20                div_s32s32
                0x10002f20                __wrap___aeabi_idiv
                0x10002f28                divmod_s32s32_unsafe
                0x10002f54                divmod_s32s32_savestate
 .text.__wrap___aeabi_uidiv
                0x10002f70       0x4c CMakeFiles/blinky.dir/home/connor/pico/pico-sdk/src/rp2_common/pico_divider/divider.S.obj
                0x10002f70                __wrap___aeabi_uidiv
                0x10002f70                __wrap___aeabi_uidivmod
                0x10002f70                div_u32u32
                0x10002f70                divmod_u32u32
                0x10002f78                divmod_u32u32_unsafe
                0x10002fa0                divmod_u32u32_savestate
 .text.__wrap___aeabi_ldiv
                0x10002fbc      0x424 CMakeFiles/blinky.dir/home/connor/pico/pico-sdk/src/rp2_common/pico_divider/divider.S.obj
                0x10002fbc                div_s64s64
                0x10002fbc                divmod_s64s64
                0x10002fbc                __wrap___aeabi_ldivmod
                0x10002fec                div_u64u64
                0x10002fec                divmod_u64u64
                0x10002fec                __wrap___aeabi_uldivmod
                0x10002ffc                divmod_u64u64_savestate
                0x1000301c                divmod_s64s64_unsafe
                0x100030a4                divmod_u64u64_unsafe
 .text.__wrap___aeabi_darithmetic
                0x100033e0       0x80 CMakeFiles/blinky.dir/home/connor/pico/pico-sdk/src/rp2_common/pico_double/double_aeabi.S.obj
                0x100033e0                __wrap___aeabi_drsub
                0x100033e6                __wrap___aeabi_dsub
                0x100033f8                __wrap___aeabi_dadd
                0x1000340a                __wrap___aeabi_ddiv
                0x10003446                __wrap___aeabi_dmul
 .text.__wrap___aeabi_cdcmple
                0x10003460       0x6c CMakeFiles/blinky.dir/home/connor/pico/pico-sdk/src/rp2_common/pico_double/double_aeabi.S.obj
                0x10003460                __wrap___aeabi_cdrcmple
                0x10003470                __wrap___aeabi_cdcmple
                0x10003470                __wrap___aeabi_cdcmpeq
 .text.__wrap___aeabi_dcmplt
                0x100034cc        0xc CMakeFiles/blinky.dir/home/connor/pico/pico-sdk/src/rp2_common/pico_double/double_aeabi.S.obj
                0x100034cc                __wrap___aeabi_dcmplt
 .text.__wrap___aeabi_dcmple
                0x100034d8       0x10 CMakeFiles/blinky.dir/home/connor/pico/pico-sdk/src/rp2_common/pico_double/double_aeabi.S.obj
                0x100034d8                __wrap___aeabi_dcmple
 .text.__wrap___aeabi_dcmpge
                0x100034e8       0x10 CMakeFiles/blinky.dir/home/connor/pico/pico-sdk/src/rp2_common/pico_double/double_aeabi.S.obj
                0x100034e8                __wrap___aeabi_dcmpge
 .text.__wrap___aeabi_dcmpgt
                0x100034f8        0xa CMakeFiles/blinky.dir/home/connor/pico/pico-sdk/src/rp2_common/pico_double/double_aeabi.S.obj
                0x100034f8                __wrap___aeabi_dcmpgt
 .text.__wrap___aeabi_dcmpun
                0x10003502       0x1c CMakeFiles/blinky.dir/home/connor/pico/pico-sdk/src/rp2_common/pico_double/double_aeabi.S.obj
                0x10003502                __wrap___aeabi_dcmpun
 *fill*         0x1000351e        0x2 
 .text.__wrap___aeabi_i2d
                0x10003520       0x38 CMakeFiles/blinky.dir/home/connor/pico/pico-sdk/src/rp2_common/pico_double/double_aeabi.S.obj
                0x10003520                __wrap___aeabi_ui2d
                0x10003528                __wrap___aeabi_i2d
 .text.__wrap___aeabi_d2iz
                0x10003558       0x48 CMakeFiles/blinky.dir/home/connor/pico/pico-sdk/src/rp2_common/pico_double/double_aeabi.S.obj
                0x10003558                __wrap___aeabi_d2iz
                0x10003558                double2int_z
 .text.__wrap___aeabi_d2uiz
                0x100035a0       0x18 CMakeFiles/blinky.dir/home/connor/pico/pico-sdk/src/rp2_common/pico_double/double_aeabi.S.obj
                0x100035a0                double2uint
                0x100035a0                __wrap___aeabi_d2uiz
 .text.__aeabi_double_init
                0x100035b8       0xcc CMakeFiles/blinky.dir/home/connor/pico/pico-sdk/src/rp2_common/pico_double/double_init_rom.c.obj
                0x100035b8                __aeabi_double_init
 .text.double_table_shim_on_use_helper
                0x10003684       0x34 CMakeFiles/blinky.dir/home/connor/pico/pico-sdk/src/rp2_common/pico_double/double_v1_rom_shim.S.obj
                0x10003684                double_table_shim_on_use_helper
 .text.__wrap___aeabi_dsub
                0x100036b8       0x10 CMakeFiles/blinky.dir/home/connor/pico/pico-sdk/src/rp2_common/pico_double/double_v1_rom_shim.S.obj
                0x100036b8                drsub_shim
                0x100036be                dsub_shim
 .text.dadd_shim
                0x100036c8      0x15c CMakeFiles/blinky.dir/home/connor/pico/pico-sdk/src/rp2_common/pico_double/double_v1_rom_shim.S.obj
                0x100036c8                dadd_shim
 .text.dmul_shim
                0x10003824      0x15c CMakeFiles/blinky.dir/home/connor/pico/pico-sdk/src/rp2_common/pico_double/double_v1_rom_shim.S.obj
                0x10003824                dmul_shim
 .text.ddiv_shim
                0x10003980      0x1b0 CMakeFiles/blinky.dir/home/connor/pico/pico-sdk/src/rp2_common/pico_double/double_v1_rom_shim.S.obj
                0x10003980                ddiv_shim
 .text.double2uint_shim
                0x10003b30        0xe CMakeFiles/blinky.dir/home/connor/pico/pico-sdk/src/rp2_common/pico_double/double_v1_rom_shim.S.obj
                0x10003b30                double2uint_shim
                0x10003b32                double2ufix_shim
 *fill*         0x10003b3e        0x2 
 .text.double2uint64_shim
                0x10003b40       0x70 CMakeFiles/blinky.dir/home/connor/pico/pico-sdk/src/rp2_common/pico_double/double_v1_rom_shim.S.obj
                0x10003b40                double2uint64_shim
                0x10003b42                double2ufix64_shim
                0x10003b62                d2fix_a
 .text.dunpacks
                0x10003bb0       0x3c CMakeFiles/blinky.dir/home/connor/pico/pico-sdk/src/rp2_common/pico_double/double_v1_rom_shim.S.obj
                0x10003bb0                dunpacks
 .text.__aeabi_lmul
                0x10003bec       0x32 CMakeFiles/blinky.dir/home/connor/pico/pico-sdk/src/rp2_common/pico_int64_ops/pico_int64_ops_aeabi.S.obj
                0x10003bec                __wrap___aeabi_lmul
 *fill*         0x10003c1e        0x2 
 .text.__aeabi_float_init
                0x10003c20       0xfc CMakeFiles/blinky.dir/home/connor/pico/pico-sdk/src/rp2_common/pico_float/float_init_rom.c.obj
                0x10003c20                __aeabi_float_init
 .text.float_table_shim_on_use_helper
                0x10003d1c       0x34 CMakeFiles/blinky.dir/home/connor/pico/pico-sdk/src/rp2_common/pico_float/float_v1_rom_shim.S.obj
                0x10003d1c                float_table_shim_on_use_helper
 .text          0x10003d50       0x10 CMakeFiles/blinky.dir/home/connor/pico/pico-sdk/src/rp2_common/pico_mem_ops/mem_ops_aeabi.S.obj
                0x10003d50                __aeabi_mem_init
 .text.memcpy   0x10003d60        0xc CMakeFiles/blinky.dir/home/connor/pico/pico-sdk/src/rp2_common/pico_mem_ops/mem_ops_aeabi.S.obj
                0x10003d60                __wrap___aeabi_memcpy
                0x10003d60                __wrap_memcpy
 .text.stdio_out_chars_no_crlf
                0x10003d6c        0xe CMakeFiles/blinky.dir/home/connor/pico/pico-sdk/src/rp2_common/pico_stdio/stdio.c.obj
 *fill*         0x10003d7a        0x2 
 .text.stdio_out_chars_crlf
                0x10003d7c       0x80 CMakeFiles/blinky.dir/home/connor/pico/pico-sdk/src/rp2_common/pico_stdio/stdio.c.obj
 .text.stdio_stack_buffer_flush
                0x10003dfc       0x44 CMakeFiles/blinky.dir/home/connor/pico/pico-sdk/src/rp2_common/pico_stdio/stdio.c.obj
 .text.stdio_buffered_printer
                0x10003e40       0x20 CMakeFiles/blinky.dir/home/connor/pico/pico-sdk/src/rp2_common/pico_stdio/stdio.c.obj
 .text.update_us_since_boot
                0x10003e60       0x24 CMakeFiles/blinky.dir/home/connor/pico/pico-sdk/src/rp2_common/pico_stdio/stdio.c.obj
 .text.get_absolute_time
                0x10003e84       0x22 CMakeFiles/blinky.dir/home/connor/pico/pico-sdk/src/rp2_common/pico_stdio/stdio.c.obj
 *fill*         0x10003ea6        0x2 
 .text.delayed_by_ms
                0x10003ea8       0x44 CMakeFiles/blinky.dir/home/connor/pico/pico-sdk/src/rp2_common/pico_stdio/stdio.c.obj
 .text.make_timeout_time_ms
                0x10003eec       0x20 CMakeFiles/blinky.dir/home/connor/pico/pico-sdk/src/rp2_common/pico_stdio/stdio.c.obj
 .text.stdout_serialize_begin
                0x10003f0c       0x20 CMakeFiles/blinky.dir/home/connor/pico/pico-sdk/src/rp2_common/pico_stdio/stdio.c.obj
                0x10003f0c                stdout_serialize_begin
 .text.stdout_serialize_end
                0x10003f2c       0x10 CMakeFiles/blinky.dir/home/connor/pico/pico-sdk/src/rp2_common/pico_stdio/stdio.c.obj
                0x10003f2c                stdout_serialize_end
 .text.stdio_put_string
                0x10003f3c       0x98 CMakeFiles/blinky.dir/home/connor/pico/pico-sdk/src/rp2_common/pico_stdio/stdio.c.obj
 .text.stdio_flush
                0x10003fd4       0x20 CMakeFiles/blinky.dir/home/connor/pico/pico-sdk/src/rp2_common/pico_stdio/stdio.c.obj
                0x10003fd4                stdio_flush
 .text.__wrap_puts
                0x10003ff4       0x1e CMakeFiles/blinky.dir/home/connor/pico/pico-sdk/src/rp2_common/pico_stdio/stdio.c.obj
                0x10003ff4                __wrap_puts
 *fill*         0x10004012        0x2 
 .text.__wrap_vprintf
                0x10004014       0x40 CMakeFiles/blinky.dir/home/connor/pico/pico-sdk/src/rp2_common/pico_stdio/stdio.c.obj
                0x10004014                __wrap_vprintf
 .text.__wrap_printf
                0x10004054       0x18 CMakeFiles/blinky.dir/home/connor/pico/pico-sdk/src/rp2_common/pico_stdio/stdio.c.obj
                0x10004054                __wrap_printf
 .text.atexit   0x1000406c       0x10 /usr/lib/gcc/arm-none-eabi/13.1.0/../../../../arm-none-eabi/lib/thumb/v6-m/nofp/libg.a(libc_a-atexit.o)
                0x1000406c                atexit
 .text.__libc_fini_array
                0x1000407c       0x28 /usr/lib/gcc/arm-none-eabi/13.1.0/../../../../arm-none-eabi/lib/thumb/v6-m/nofp/libg.a(libc_a-fini.o)
                0x1000407c                __libc_fini_array
 .text.__retarget_lock_acquire_recursive
                0x100040a4        0x4 /usr/lib/gcc/arm-none-eabi/13.1.0/../../../../arm-none-eabi/lib/thumb/v6-m/nofp/libg.a(libc_a-lock.o)
                0x100040a4                __retarget_lock_acquire_recursive
 .text.__retarget_lock_release_recursive
                0x100040a8        0x4 /usr/lib/gcc/arm-none-eabi/13.1.0/../../../../arm-none-eabi/lib/thumb/v6-m/nofp/libg.a(libc_a-lock.o)
                0x100040a8                __retarget_lock_release_recursive
 .text.strlen   0x100040ac       0x5c /usr/lib/gcc/arm-none-eabi/13.1.0/../../../../arm-none-eabi/lib/thumb/v6-m/nofp/libg.a(libc_a-strlen-stub.o)
                0x100040ac                strlen
 .text.__register_exitproc
                0x10004108       0xa8 /usr/lib/gcc/arm-none-eabi/13.1.0/../../../../arm-none-eabi/lib/thumb/v6-m/nofp/libg.a(libc_a-__atexit.o)
                0x10004108                __register_exitproc
 .text.startup.register_fini
                0x100041b0       0x18 /usr/lib/gcc/arm-none-eabi/13.1.0/../../../../arm-none-eabi/lib/thumb/v6-m/nofp/libg.a(libc_a-__call_atexit.o)
 *(.fini)
 .fini          0x100041c8        0x4 /usr/lib/gcc/arm-none-eabi/13.1.0/thumb/v6-m/nofp/crti.o
                0x100041c8                _fini
 *fill*         0x100041cc        0x4 
 .fini.__stub   0x100041d0       0x40 linker stubs
 *crtbegin.o(.ctors)
 *crtbegin?.o(.ctors)
 *(EXCLUDE_FILE(*crtend.o *crtend?.o) .ctors)
 *(SORT_BY_NAME(.ctors.*))
 *(.ctors)
 *crtbegin.o(.dtors)
 *crtbegin?.o(.dtors)
 *(EXCLUDE_FILE(*crtend.o *crtend?.o) .dtors)
 *(SORT_BY_NAME(.dtors.*))
 *(.dtors)
 *(.eh_frame*)
 .eh_frame      0x10004210        0x0 /usr/lib/gcc/arm-none-eabi/13.1.0/thumb/v6-m/nofp/crtbegin.o
                0x10004210                        . = ALIGN (0x4)

.glue_7         0x10004210        0x0
 .glue_7        0x10004210        0x0 linker stubs

.glue_7t        0x10004210        0x0
 .glue_7t       0x10004210        0x0 linker stubs

.vfp11_veneer   0x10004210        0x0
 .vfp11_veneer  0x10004210        0x0 linker stubs

.v4_bx          0x10004210        0x0
 .v4_bx         0x10004210        0x0 linker stubs

.iplt           0x10004210        0x0
 .iplt          0x10004210        0x0 /usr/lib/gcc/arm-none-eabi/13.1.0/thumb/v6-m/nofp/crtbegin.o

.rodata         0x10004210      0xdcc
 *(EXCLUDE_FILE(*libm.a: *libc.a:*lib_a-mem*.o *libgcc.a:) .rodata*)
 .rodata.resolve_branch.str1.4
                0x10004210       0x55 CMakeFiles/blinky.dir/home/connor/pico/pico-sdk/src/rp2_common/hardware_irq/irq.c.obj
 *fill*         0x10004265        0x3 
 .rodata.make_branch.str1.4
                0x10004268       0x30 CMakeFiles/blinky.dir/home/connor/pico/pico-sdk/src/rp2_common/hardware_irq/irq.c.obj
 .rodata.insert_branch_and_link.str1.4
                0x10004298       0x10 CMakeFiles/blinky.dir/home/connor/pico/pico-sdk/src/rp2_common/hardware_irq/irq.c.obj
 .rodata.irq_set_exclusive_handler.str1.4
                0x100042a8       0x36 CMakeFiles/blinky.dir/home/connor/pico/pico-sdk/src/rp2_common/hardware_irq/irq.c.obj
 *fill*         0x100042de        0x2 
 .rodata.irq_remove_handler.str1.4
                0x100042e0       0x3a CMakeFiles/blinky.dir/home/connor/pico/pico-sdk/src/rp2_common/hardware_irq/irq.c.obj
 *fill*         0x1000431a        0x2 
 .rodata.irq_add_tail_to_free_list.str1.4
                0x1000431c       0x3a CMakeFiles/blinky.dir/home/connor/pico/pico-sdk/src/rp2_common/hardware_irq/irq.c.obj
 *fill*         0x10004356        0x2 
 .rodata.__func__.0
                0x10004358       0x1a CMakeFiles/blinky.dir/home/connor/pico/pico-sdk/src/rp2_common/hardware_irq/irq.c.obj
 *fill*         0x10004372        0x2 
 .rodata.__func__.1
                0x10004374       0x17 CMakeFiles/blinky.dir/home/connor/pico/pico-sdk/src/rp2_common/hardware_irq/irq.c.obj
 *fill*         0x1000438b        0x1 
 .rodata.__func__.2
                0x1000438c       0x13 CMakeFiles/blinky.dir/home/connor/pico/pico-sdk/src/rp2_common/hardware_irq/irq.c.obj
 *fill*         0x1000439f        0x1 
 .rodata.__func__.3
                0x100043a0        0xc CMakeFiles/blinky.dir/home/connor/pico/pico-sdk/src/rp2_common/hardware_irq/irq.c.obj
 .rodata.__func__.4
                0x100043ac        0xf CMakeFiles/blinky.dir/home/connor/pico/pico-sdk/src/rp2_common/hardware_irq/irq.c.obj
 *fill*         0x100043bb        0x1 
 .rodata.__func__.6
                0x100043bc       0x1a CMakeFiles/blinky.dir/home/connor/pico/pico-sdk/src/rp2_common/hardware_irq/irq.c.obj
 *fill*         0x100043d6        0x2 
 .rodata.str1.4
                0x100043d8       0x89 CMakeFiles/blinky.dir/home/connor/pico/pico-sdk/src/common/pico_sync/mutex.c.obj
 *fill*         0x10004461        0x3 
 .rodata.__func__.1
                0x10004464        0xb CMakeFiles/blinky.dir/home/connor/pico/pico-sdk/src/common/pico_sync/mutex.c.obj
 *fill*         0x1000446f        0x1 
 .rodata.__func__.3
                0x10004470       0x18 CMakeFiles/blinky.dir/home/connor/pico/pico-sdk/src/common/pico_sync/mutex.c.obj
 .rodata.get_entry.str1.4
                0x10004488       0x5b CMakeFiles/blinky.dir/home/connor/pico/pico-sdk/src/common/pico_time/time.c.obj
 *fill*         0x100044e3        0x1 
 .rodata.update_us_since_boot.str1.4
                0x100044e4       0x61 CMakeFiles/blinky.dir/home/connor/pico/pico-sdk/src/common/pico_time/time.c.obj
 *fill*         0x10004545        0x3 
 .rodata.ph_get_node.str1.4
                0x10004548       0x66 CMakeFiles/blinky.dir/home/connor/pico/pico-sdk/src/common/pico_time/time.c.obj
 *fill*         0x100045ae        0x2 
 .rodata.ph_add_child_node.str1.4
                0x100045b0       0x2e CMakeFiles/blinky.dir/home/connor/pico/pico-sdk/src/common/pico_time/time.c.obj
 *fill*         0x100045de        0x2 
 .rodata.ph_insert_node.str1.4
                0x100045e0        0x3 CMakeFiles/blinky.dir/home/connor/pico/pico-sdk/src/common/pico_time/time.c.obj
 *fill*         0x100045e3        0x1 
 .rodata.ph_free_node.str1.4
                0x100045e4       0x38 CMakeFiles/blinky.dir/home/connor/pico/pico-sdk/src/common/pico_time/time.c.obj
 .rodata.add_alarm_under_lock.str1.4
                0x1000461c       0x28 CMakeFiles/blinky.dir/home/connor/pico/pico-sdk/src/common/pico_time/time.c.obj
 .rodata.alarm_pool_alarm_callback.str1.4
                0x10004644       0x60 CMakeFiles/blinky.dir/home/connor/pico/pico-sdk/src/common/pico_time/time.c.obj
 .rodata.alarm_pool_get_default.str1.4
                0x100046a4       0x21 CMakeFiles/blinky.dir/home/connor/pico/pico-sdk/src/common/pico_time/time.c.obj
 *fill*         0x100046c5        0x3 
 .rodata.alarm_pool_cancel_alarm.str1.4
                0x100046c8       0x27 CMakeFiles/blinky.dir/home/connor/pico/pico-sdk/src/common/pico_time/time.c.obj
 *fill*         0x100046ef        0x1 
 .rodata.sleep_until.str1.4
                0x100046f0       0x4d CMakeFiles/blinky.dir/home/connor/pico/pico-sdk/src/common/pico_time/time.c.obj
 *fill*         0x1000473d        0x3 
 .rodata.__func__.1
                0x10004740       0x18 CMakeFiles/blinky.dir/home/connor/pico/pico-sdk/src/common/pico_time/time.c.obj
 .rodata.__func__.3
                0x10004758       0x17 CMakeFiles/blinky.dir/home/connor/pico/pico-sdk/src/common/pico_time/time.c.obj
 *fill*         0x1000476f        0x1 
 .rodata.__func__.4
                0x10004770       0x12 CMakeFiles/blinky.dir/home/connor/pico/pico-sdk/src/common/pico_time/time.c.obj
 *fill*         0x10004782        0x2 
 .rodata.__func__.5
                0x10004784        0xd CMakeFiles/blinky.dir/home/connor/pico/pico-sdk/src/common/pico_time/time.c.obj
 *fill*         0x10004791        0x3 
 .rodata.__func__.6
                0x10004794       0x12 CMakeFiles/blinky.dir/home/connor/pico/pico-sdk/src/common/pico_time/time.c.obj
 *fill*         0x100047a6        0x2 
 .rodata.__func__.7
                0x100047a8        0xf CMakeFiles/blinky.dir/home/connor/pico/pico-sdk/src/common/pico_time/time.c.obj
 *fill*         0x100047b7        0x1 
 .rodata.__func__.8
                0x100047b8        0xc CMakeFiles/blinky.dir/home/connor/pico/pico-sdk/src/common/pico_time/time.c.obj
 .rodata.__func__.9
                0x100047c4       0x15 CMakeFiles/blinky.dir/home/connor/pico/pico-sdk/src/common/pico_time/time.c.obj
 *fill*         0x100047d9        0x3 
 .rodata.__func__.10
                0x100047dc       0x15 CMakeFiles/blinky.dir/home/connor/pico/pico-sdk/src/common/pico_time/time.c.obj
 *fill*         0x100047f1        0x3 
 .rodata.__func__.11
                0x100047f4       0x1a CMakeFiles/blinky.dir/home/connor/pico/pico-sdk/src/common/pico_time/time.c.obj
 *fill*         0x1000480e        0x2 
 .rodata.__func__.12
                0x10004810        0xa CMakeFiles/blinky.dir/home/connor/pico/pico-sdk/src/common/pico_time/time.c.obj
 *fill*         0x1000481a        0x2 
 .rodata.hardware_alarm_claim.str1.4
                0x1000481c       0x22 CMakeFiles/blinky.dir/home/connor/pico/pico-sdk/src/rp2_common/hardware_timer/timer.c.obj
 *fill*         0x1000483e        0x2 
 .rodata.hardware_alarm_set_target.str1.4
                0x10004840       0x65 CMakeFiles/blinky.dir/home/connor/pico/pico-sdk/src/rp2_common/hardware_timer/timer.c.obj
 *fill*         0x100048a5        0x3 
 .rodata.__func__.0
                0x100048a8       0x1a CMakeFiles/blinky.dir/home/connor/pico/pico-sdk/src/rp2_common/hardware_timer/timer.c.obj
 .rodata.ph_get_node.str1.4
                0x100048c2       0x66 CMakeFiles/blinky.dir/home/connor/pico/pico-sdk/src/common/pico_util/pheap.c.obj
 .rodata.ph_add_child_node.str1.4
                0x100048c2       0x2e CMakeFiles/blinky.dir/home/connor/pico/pico-sdk/src/common/pico_util/pheap.c.obj
 *fill*         0x100048c2        0x2 
 .rodata.ph_remove_any_head.str1.4
                0x100048c4       0x8c CMakeFiles/blinky.dir/home/connor/pico/pico-sdk/src/common/pico_util/pheap.c.obj
                                 0xa0 (size before relaxing)
 .rodata.ph_remove_and_free_node.str1.4
                0x10004950       0x1e CMakeFiles/blinky.dir/home/connor/pico/pico-sdk/src/common/pico_util/pheap.c.obj
                                 0x26 (size before relaxing)
 *fill*         0x1000496e        0x2 
 .rodata.__func__.0
                0x10004970       0x18 CMakeFiles/blinky.dir/home/connor/pico/pico-sdk/src/common/pico_util/pheap.c.obj
 .rodata.__func__.1
                0x10004988       0x13 CMakeFiles/blinky.dir/home/connor/pico/pico-sdk/src/common/pico_util/pheap.c.obj
 *fill*         0x1000499b        0x1 
 .rodata.__func__.2
                0x1000499c       0x12 CMakeFiles/blinky.dir/home/connor/pico/pico-sdk/src/common/pico_util/pheap.c.obj
 *fill*         0x100049ae        0x2 
 .rodata.__func__.3
                0x100049b0        0xc CMakeFiles/blinky.dir/home/connor/pico/pico-sdk/src/common/pico_util/pheap.c.obj
 .rodata.clock_configure.str1.4
                0x100049bc       0x57 CMakeFiles/blinky.dir/home/connor/pico/pico-sdk/src/rp2_common/hardware_clocks/clocks.c.obj
 *fill*         0x10004a13        0x1 
 .rodata.__func__.1
                0x10004a14       0x10 CMakeFiles/blinky.dir/home/connor/pico/pico-sdk/src/rp2_common/hardware_clocks/clocks.c.obj
 .rodata.pll_init.str1.4
                0x10004a24      0x124 CMakeFiles/blinky.dir/home/connor/pico/pico-sdk/src/rp2_common/hardware_pll/pll.c.obj
 .rodata.__func__.0
                0x10004b48        0x9 CMakeFiles/blinky.dir/home/connor/pico/pico-sdk/src/rp2_common/hardware_pll/pll.c.obj
 *fill*         0x10004b51        0x3 
 .rodata.__assert_func.str1.4
                0x10004b54       0x3f CMakeFiles/blinky.dir/home/connor/pico/pico-sdk/src/rp2_common/pico_runtime/runtime.c.obj
                                 0x43 (size before relaxing)
 *fill*         0x10004b93        0x1 
 .rodata.runtime_init.str1.4
                0x10004b94       0x61 CMakeFiles/blinky.dir/home/connor/pico/pico-sdk/src/rp2_common/pico_runtime/runtime.c.obj
 *fill*         0x10004bf5        0x3 
 .rodata.panic.str1.4
                0x10004bf8       0x12 CMakeFiles/blinky.dir/home/connor/pico/pico-sdk/src/rp2_common/pico_runtime/runtime.c.obj
 *fill*         0x10004c0a        0x2 
 .rodata.__func__.2
                0x10004c0c        0xd CMakeFiles/blinky.dir/home/connor/pico/pico-sdk/src/rp2_common/pico_runtime/runtime.c.obj
 *fill*         0x10004c19        0x3 
 .rodata._ftoa.str1.4
                0x10004c1c       0x15 CMakeFiles/blinky.dir/home/connor/pico/pico-sdk/src/rp2_common/pico_printf/printf.c.obj
 *fill*         0x10004c31        0x3 
 .rodata._vsnprintf
                0x10004c34      0x19c CMakeFiles/blinky.dir/home/connor/pico/pico-sdk/src/rp2_common/pico_printf/printf.c.obj
 .rodata.pow10.0
                0x10004dd0       0x50 CMakeFiles/blinky.dir/home/connor/pico/pico-sdk/src/rp2_common/pico_printf/printf.c.obj
 .rodata.__aeabi_double_init.str1.4
                0x10004e20       0x9c CMakeFiles/blinky.dir/home/connor/pico/pico-sdk/src/rp2_common/pico_double/double_init_rom.c.obj
 .rodata.__func__.0
                0x10004ebc       0x14 CMakeFiles/blinky.dir/home/connor/pico/pico-sdk/src/rp2_common/pico_double/double_init_rom.c.obj
 .rodata.__aeabi_float_init.str1.4
                0x10004ed0       0x7a CMakeFiles/blinky.dir/home/connor/pico/pico-sdk/src/rp2_common/pico_float/float_init_rom.c.obj
                                 0x7e (size before relaxing)
 *fill*         0x10004f4a        0x2 
 .rodata.__func__.0
                0x10004f4c       0x13 CMakeFiles/blinky.dir/home/connor/pico/pico-sdk/src/rp2_common/pico_float/float_init_rom.c.obj
 *fill*         0x10004f5f        0x1 
 .rodata.str1.4
                0x10004f60       0x3c CMakeFiles/blinky.dir/home/connor/pico/pico-sdk/src/rp2_common/pico_standard_link/binary_info.c.obj
 .rodata.__bi_81
                0x10004f9c        0xc CMakeFiles/blinky.dir/home/connor/pico/pico-sdk/src/rp2_common/pico_standard_link/binary_info.c.obj
 .rodata.__bi_75
                0x10004fa8        0xc CMakeFiles/blinky.dir/home/connor/pico/pico-sdk/src/rp2_common/pico_standard_link/binary_info.c.obj
 .rodata.__bi_44
                0x10004fb4        0xc CMakeFiles/blinky.dir/home/connor/pico/pico-sdk/src/rp2_common/pico_standard_link/binary_info.c.obj
 .rodata.update_us_since_boot.str1.4
                0x10004fc0       0x61 CMakeFiles/blinky.dir/home/connor/pico/pico-sdk/src/rp2_common/pico_stdio/stdio.c.obj
 .rodata.crlf_str.2
                0x10004fc0        0x2 CMakeFiles/blinky.dir/home/connor/pico/pico-sdk/src/rp2_common/pico_stdio/stdio.c.obj
 *fill*         0x10004fc2        0x2 
 .rodata.__func__.3
                0x10004fc4       0x15 CMakeFiles/blinky.dir/home/connor/pico/pico-sdk/src/rp2_common/pico_stdio/stdio.c.obj
                0x10004fdc                        . = ALIGN (0x4)
 *fill*         0x10004fd9        0x3 
 *(SORT_BY_ALIGNMENT(SORT_BY_NAME(.flashdata*)))
                0x10004fdc                        . = ALIGN (0x4)

.ARM.extab
 *(.ARM.extab* .gnu.linkonce.armextab.*)
                0x10004fdc                        __exidx_start = .

.ARM.exidx
 *(.ARM.exidx* .gnu.linkonce.armexidx.*)
                0x10004fdc                        __exidx_end = .
                0x10004fdc                        . = ALIGN (0x4)
                0x10004fdc                        __binary_info_start = .

.binary_info    0x10004fdc       0x1c
 *(.binary_info.keep.*)
 .binary_info.keep.__bi_ptr81
                0x10004fdc        0x4 CMakeFiles/blinky.dir/home/connor/pico/pico-sdk/src/rp2_common/pico_standard_link/binary_info.c.obj
 .binary_info.keep.__bi_ptr75
                0x10004fe0        0x4 CMakeFiles/blinky.dir/home/connor/pico/pico-sdk/src/rp2_common/pico_standard_link/binary_info.c.obj
 .binary_info.keep.__bi_ptr50
                0x10004fe4        0x4 CMakeFiles/blinky.dir/home/connor/pico/pico-sdk/src/rp2_common/pico_standard_link/binary_info.c.obj
 .binary_info.keep.__bi_ptr44
                0x10004fe8        0x4 CMakeFiles/blinky.dir/home/connor/pico/pico-sdk/src/rp2_common/pico_standard_link/binary_info.c.obj
 .binary_info.keep.__bi_ptr38
                0x10004fec        0x4 CMakeFiles/blinky.dir/home/connor/pico/pico-sdk/src/rp2_common/pico_standard_link/binary_info.c.obj
 .binary_info.keep.__bi_ptr30
                0x10004ff0        0x4 CMakeFiles/blinky.dir/home/connor/pico/pico-sdk/src/rp2_common/pico_standard_link/binary_info.c.obj
 .binary_info.keep.__bi_ptr22
                0x10004ff4        0x4 CMakeFiles/blinky.dir/home/connor/pico/pico-sdk/src/rp2_common/pico_standard_link/binary_info.c.obj
 *(.binary_info.*)
                0x10004ff8                        __binary_info_end = .

.rel.dyn        0x10004ff8        0x0
 .rel.iplt      0x10004ff8        0x0 /usr/lib/gcc/arm-none-eabi/13.1.0/thumb/v6-m/nofp/crtbegin.o
                0x10004ff8                        . = ALIGN (0x4)

.ram_vector_table
                0x20000000       0xc0
 *(.ram_vector_table)
 .ram_vector_table
                0x20000000       0xc0 CMakeFiles/blinky.dir/home/connor/pico/pico-sdk/src/rp2_common/pico_runtime/runtime.c.obj
                0x20000000                ram_vector_table

.data           0x200000c0      0x234 load address 0x10004ff8
                0x200000c0                        __data_start__ = .
 *(vtable)
 *(.time_critical*)
 .time_critical.mutex_try_enter
                0x200000c0       0x46 CMakeFiles/blinky.dir/home/connor/pico/pico-sdk/src/common/pico_sync/mutex.c.obj
                0x200000c0                mutex_try_enter
 *fill*         0x20000106        0x2 
 .time_critical.mutex_enter_block_until
                0x20000108       0x8c CMakeFiles/blinky.dir/home/connor/pico/pico-sdk/src/common/pico_sync/mutex.c.obj
                0x20000108                mutex_enter_block_until
 .time_critical.mutex_try_enter_block_until
                0x20000194       0x34 CMakeFiles/blinky.dir/home/connor/pico/pico-sdk/src/common/pico_sync/mutex.c.obj
                0x20000194                mutex_try_enter_block_until
 .time_critical.mutex_exit
                0x200001c8       0x4c CMakeFiles/blinky.dir/home/connor/pico/pico-sdk/src/common/pico_sync/mutex.c.obj
                0x200001c8                mutex_exit
 *(.text*)
 .text          0x20000214        0x4 /usr/lib/gcc/arm-none-eabi/13.1.0/thumb/v6-m/nofp/libgcc.a(_dvmd_tls.o)
                0x20000214                __aeabi_ldiv0
                0x20000214                __aeabi_idiv0
 .text.__stub   0x20000218       0x20 linker stubs
                0x20000238                        . = ALIGN (0x4)
 *(.rodata*)
                0x20000238                        . = ALIGN (0x4)
 *(.data*)
 .data.striped_spin_lock_num
                0x20000238        0x1 CMakeFiles/blinky.dir/home/connor/pico/pico-sdk/src/rp2_common/hardware_sync/sync.c.obj
 *fill*         0x20000239        0x3 
 .data          0x2000023c       0x48 CMakeFiles/blinky.dir/home/connor/pico/pico-sdk/src/rp2_common/hardware_irq/irq_handler_chain.S.obj
                0x2000023c                irq_handler_chain_slots
                0x2000026c                irq_handler_chain_first_slot
                0x20000276                irq_handler_chain_remove_tail
 .data.default_alarm_pool
                0x20000284       0x18 CMakeFiles/blinky.dir/home/connor/pico/pico-sdk/src/common/pico_time/time.c.obj
 .data.default_alarm_pool_heap
                0x2000029c       0x10 CMakeFiles/blinky.dir/home/connor/pico/pico-sdk/src/common/pico_time/time.c.obj
 *fill*         0x200002ac        0x4 
 .data.aeabi_bits_funcs
                0x200002b0       0x10 CMakeFiles/blinky.dir/home/connor/pico/pico-sdk/src/rp2_common/pico_bit_ops/bit_ops_aeabi.S.obj
                0x200002b0                aeabi_bits_funcs
                0x200002c0                aeabi_bits_funcs_end
 .data.aeabi_mem_funcs
                0x200002c0       0x10 CMakeFiles/blinky.dir/home/connor/pico/pico-sdk/src/rp2_common/pico_mem_ops/mem_ops_aeabi.S.obj
                0x200002c0                aeabi_mem_funcs
                0x200002d0                aeabi_mem_funcs_end
 .data.__atexit_recursive_mutex
                0x200002d0        0x4 /usr/lib/gcc/arm-none-eabi/13.1.0/../../../../arm-none-eabi/lib/thumb/v6-m/nofp/libg.a(libc_a-__call_atexit.o)
                0x200002d0                __atexit_recursive_mutex
                0x200002d4                        . = ALIGN (0x4)
 *(.after_data.*)
                0x200002d4                        . = ALIGN (0x4)
                0x200002d4                        PROVIDE (__mutex_array_start = .)
 *(SORT_BY_NAME(.mutex_array.*))
 *(.mutex_array)
 .mutex_array   0x200002d4        0x8 CMakeFiles/blinky.dir/home/connor/pico/pico-sdk/src/rp2_common/pico_stdio/stdio.c.obj
                0x200002dc                        PROVIDE (__mutex_array_end = .)
                0x200002dc                        . = ALIGN (0x4)
                0x200002dc                        PROVIDE (__preinit_array_start = .)
 *(SORT_BY_NAME(.preinit_array.*))
 .preinit_array.00001
                0x200002dc        0x4 CMakeFiles/blinky.dir/home/connor/pico/pico-sdk/src/rp2_common/pico_mem_ops/mem_ops_aeabi.S.obj
 .preinit_array.00010
                0x200002e0        0x4 CMakeFiles/blinky.dir/home/connor/pico/pico-sdk/src/rp2_common/pico_bit_ops/bit_ops_aeabi.S.obj
 .preinit_array.00020
                0x200002e4        0x4 CMakeFiles/blinky.dir/home/connor/pico/pico-sdk/src/rp2_common/pico_double/double_aeabi.S.obj
 .preinit_array.00020
                0x200002e8        0x4 CMakeFiles/blinky.dir/home/connor/pico/pico-sdk/src/rp2_common/pico_float/float_aeabi.S.obj
 *(.preinit_array)
                0x200002ec                        PROVIDE (__preinit_array_end = .)
                0x200002ec                        . = ALIGN (0x4)
                0x200002ec                        PROVIDE (__init_array_start = .)
 *(SORT_BY_NAME(.init_array.*))
 .init_array.00000
                0x200002ec        0x4 /usr/lib/gcc/arm-none-eabi/13.1.0/../../../../arm-none-eabi/lib/thumb/v6-m/nofp/libg.a(libc_a-__call_atexit.o)
 *(.init_array)
 .init_array    0x200002f0        0x4 /usr/lib/gcc/arm-none-eabi/13.1.0/thumb/v6-m/nofp/crtbegin.o
                0x200002f4                        PROVIDE (__init_array_end = .)
                0x200002f4                        . = ALIGN (0x4)
                0x200002f4                        PROVIDE (__fini_array_start = .)
 *(SORT_BY_NAME(.fini_array.*))
 *(.fini_array)
                0x200002f4                        PROVIDE (__fini_array_end = .)
 *(.jcr)
                0x200002f4                        . = ALIGN (0x4)
                0x200002f4                        __data_end__ = .
                0x10004ff8                        __etext = LOADADDR (.data)

.tm_clone_table
                0x200002f4        0x0 load address 0x1000522c
 .tm_clone_table
                0x200002f4        0x0 /usr/lib/gcc/arm-none-eabi/13.1.0/thumb/v6-m/nofp/crtbegin.o
 .tm_clone_table
                0x200002f4        0x0 /usr/lib/gcc/arm-none-eabi/13.1.0/thumb/v6-m/nofp/crtend.o

.igot.plt       0x200002f4        0x0 load address 0x1000522c
 .igot.plt      0x200002f4        0x0 /usr/lib/gcc/arm-none-eabi/13.1.0/thumb/v6-m/nofp/crtbegin.o

.uninitialized_data
                0x200002f4        0x0 load address 0x1000522c
                0x200002f4                        . = ALIGN (0x4)
 *(.uninitialized_data*)

.scratch_x      0x20040000        0x0 load address 0x1000522c
                0x20040000                        __scratch_x_start__ = .
 *(.scratch_x.*)
                0x20040000                        . = ALIGN (0x4)
                0x20040000                        __scratch_x_end__ = .
                0x1000522c                        __scratch_x_source__ = LOADADDR (.scratch_x)

.scratch_y      0x20041000        0x0 load address 0x1000522c
                0x20041000                        __scratch_y_start__ = .
 *(.scratch_y.*)
                0x20041000                        . = ALIGN (0x4)
                0x20041000                        __scratch_y_end__ = .
                0x1000522c                        __scratch_y_source__ = LOADADDR (.scratch_y)

.bss            0x200002f8      0x560
                0x200002f8                        . = ALIGN (0x4)
                0x200002f8                        __bss_start__ = .
 *(SORT_BY_ALIGNMENT(SORT_BY_NAME(.bss*)))
 .bss.default_alarm_pool_entries
                0x200002f8      0x100 CMakeFiles/blinky.dir/home/connor/pico/pico-sdk/src/common/pico_time/time.c.obj
 .bss           0x200003f8       0x1c /usr/lib/gcc/arm-none-eabi/13.1.0/thumb/v6-m/nofp/crtbegin.o
 .bss.__atexit  0x20000414        0x4 /usr/lib/gcc/arm-none-eabi/13.1.0/../../../../arm-none-eabi/lib/thumb/v6-m/nofp/libg.a(libc_a-__call_atexit.o)
                0x20000414                __atexit
 .bss.__atexit0
                0x20000418      0x190 /usr/lib/gcc/arm-none-eabi/13.1.0/../../../../arm-none-eabi/lib/thumb/v6-m/nofp/libg.a(libc_a-__atexit.o)
                0x20000418                __atexit0
 .bss.__lock___atexit_recursive_mutex
                0x200005a8        0x1 /usr/lib/gcc/arm-none-eabi/13.1.0/../../../../arm-none-eabi/lib/thumb/v6-m/nofp/libg.a(libc_a-lock.o)
                0x200005a8                __lock___atexit_recursive_mutex
 *fill*         0x200005a9        0x3 
 .bss.alarm_callbacks
                0x200005ac       0x10 CMakeFiles/blinky.dir/home/connor/pico/pico-sdk/src/rp2_common/hardware_timer/timer.c.obj
 .bss.configured_freq
                0x200005bc       0x28 CMakeFiles/blinky.dir/home/connor/pico/pico-sdk/src/rp2_common/hardware_clocks/clocks.c.obj
 .bss.default_alarm_pool_entry_ids_high
                0x200005e4       0x10 CMakeFiles/blinky.dir/home/connor/pico/pico-sdk/src/common/pico_time/time.c.obj
 .bss.default_alarm_pool_heap_nodes
                0x200005f4       0x30 CMakeFiles/blinky.dir/home/connor/pico/pico-sdk/src/common/pico_time/time.c.obj
 .bss.drivers   0x20000624        0x4 CMakeFiles/blinky.dir/home/connor/pico/pico-sdk/src/rp2_common/pico_stdio/stdio.c.obj
 .bss.filter    0x20000628        0x4 CMakeFiles/blinky.dir/home/connor/pico/pico-sdk/src/rp2_common/pico_stdio/stdio.c.obj
 .bss.pools     0x2000062c       0x10 CMakeFiles/blinky.dir/home/connor/pico/pico-sdk/src/common/pico_time/time.c.obj
 .bss.sd_table  0x2000063c      0x100 CMakeFiles/blinky.dir/home/connor/pico/pico-sdk/src/rp2_common/pico_double/double_init_rom.c.obj
                0x2000063c                sd_table
 .bss.sf_clz_func
                0x2000073c        0x4 CMakeFiles/blinky.dir/home/connor/pico/pico-sdk/src/rp2_common/pico_double/double_init_rom.c.obj
                0x2000073c                sf_clz_func
 .bss.sf_table  0x20000740      0x100 CMakeFiles/blinky.dir/home/connor/pico/pico-sdk/src/rp2_common/pico_float/float_init_rom.c.obj
                0x20000740                sf_table
 .bss.sleep_notifier
                0x20000840        0x4 CMakeFiles/blinky.dir/home/connor/pico/pico-sdk/src/common/pico_time/time.c.obj
 .bss.target_hi
                0x20000844       0x10 CMakeFiles/blinky.dir/home/connor/pico/pico-sdk/src/rp2_common/hardware_timer/timer.c.obj
 .bss.claimed   0x20000854        0x1 CMakeFiles/blinky.dir/home/connor/pico/pico-sdk/src/rp2_common/hardware_timer/timer.c.obj
 .bss.irq_hander_chain_free_slot_head
                0x20000855        0x1 CMakeFiles/blinky.dir/home/connor/pico/pico-sdk/src/rp2_common/hardware_irq/irq.c.obj
 .bss.timer_callbacks_pending
                0x20000856        0x1 CMakeFiles/blinky.dir/home/connor/pico/pico-sdk/src/rp2_common/hardware_timer/timer.c.obj
 *(COMMON)
                0x20000858                        . = ALIGN (0x4)
 *fill*         0x20000857        0x1 
                0x20000858                        __bss_end__ = .

.heap           0x20000858      0x800
                0x20000858                        __end__ = .
                0x20000858                        end = __end__
 *(.heap*)
 .heap          0x20000858      0x800 CMakeFiles/blinky.dir/home/connor/pico/pico-sdk/src/rp2_common/pico_standard_link/crt0.S.obj
                0x20001058                        __HeapLimit = .

.stack1_dummy
 *(.stack1*)

.stack_dummy    0x20041000      0x800
 *(.stack*)
 .stack         0x20041000      0x800 CMakeFiles/blinky.dir/home/connor/pico/pico-sdk/src/rp2_common/pico_standard_link/crt0.S.obj

.flash_end      0x1000522c        0x0
                0x1000522c                        PROVIDE (__flash_binary_end = .)
                0x20040000                        __StackLimit = (ORIGIN (RAM) + LENGTH (RAM))
                0x20041000                        __StackOneTop = (ORIGIN (SCRATCH_X) + LENGTH (SCRATCH_X))
                0x20042000                        __StackTop = (ORIGIN (SCRATCH_Y) + LENGTH (SCRATCH_Y))
                0x20041000                        __StackOneBottom = (__StackOneTop - SIZEOF (.stack1_dummy))
                0x20041800                        __StackBottom = (__StackTop - SIZEOF (.stack_dummy))
                0x20042000                        PROVIDE (__stack = __StackTop)
                0x00000001                        ASSERT ((__StackLimit >= __HeapLimit), region RAM overflowed)
                0x00000001                        ASSERT (((__binary_info_header_end - __logical_binary_start) <= 0x100), Binary info must be in first 256 bytes of the binary)
LOAD CMakeFiles/blinky.dir/blinky.c.obj
LOAD CMakeFiles/blinky.dir/home/connor/pico/pico-sdk/src/rp2_common/pico_stdlib/stdlib.c.obj
LOAD CMakeFiles/blinky.dir/home/connor/pico/pico-sdk/src/rp2_common/hardware_gpio/gpio.c.obj
LOAD CMakeFiles/blinky.dir/home/connor/pico/pico-sdk/src/rp2_common/pico_platform/platform.c.obj
LOAD CMakeFiles/blinky.dir/home/connor/pico/pico-sdk/src/rp2_common/hardware_claim/claim.c.obj
LOAD CMakeFiles/blinky.dir/home/connor/pico/pico-sdk/src/rp2_common/hardware_sync/sync.c.obj
LOAD CMakeFiles/blinky.dir/home/connor/pico/pico-sdk/src/rp2_common/hardware_irq/irq.c.obj
LOAD CMakeFiles/blinky.dir/home/connor/pico/pico-sdk/src/rp2_common/hardware_irq/irq_handler_chain.S.obj
LOAD CMakeFiles/blinky.dir/home/connor/pico/pico-sdk/src/common/pico_sync/sem.c.obj
LOAD CMakeFiles/blinky.dir/home/connor/pico/pico-sdk/src/common/pico_sync/lock_core.c.obj
LOAD CMakeFiles/blinky.dir/home/connor/pico/pico-sdk/src/common/pico_sync/mutex.c.obj
LOAD CMakeFiles/blinky.dir/home/connor/pico/pico-sdk/src/common/pico_sync/critical_section.c.obj
LOAD CMakeFiles/blinky.dir/home/connor/pico/pico-sdk/src/common/pico_time/time.c.obj
LOAD CMakeFiles/blinky.dir/home/connor/pico/pico-sdk/src/common/pico_time/timeout_helper.c.obj
LOAD CMakeFiles/blinky.dir/home/connor/pico/pico-sdk/src/rp2_common/hardware_timer/timer.c.obj
LOAD CMakeFiles/blinky.dir/home/connor/pico/pico-sdk/src/common/pico_util/datetime.c.obj
LOAD CMakeFiles/blinky.dir/home/connor/pico/pico-sdk/src/common/pico_util/pheap.c.obj
LOAD CMakeFiles/blinky.dir/home/connor/pico/pico-sdk/src/common/pico_util/queue.c.obj
LOAD CMakeFiles/blinky.dir/home/connor/pico/pico-sdk/src/rp2_common/hardware_uart/uart.c.obj
LOAD CMakeFiles/blinky.dir/home/connor/pico/pico-sdk/src/rp2_common/hardware_clocks/clocks.c.obj
LOAD CMakeFiles/blinky.dir/home/connor/pico/pico-sdk/src/rp2_common/hardware_pll/pll.c.obj
LOAD CMakeFiles/blinky.dir/home/connor/pico/pico-sdk/src/rp2_common/hardware_vreg/vreg.c.obj
LOAD CMakeFiles/blinky.dir/home/connor/pico/pico-sdk/src/rp2_common/hardware_watchdog/watchdog.c.obj
LOAD CMakeFiles/blinky.dir/home/connor/pico/pico-sdk/src/rp2_common/hardware_xosc/xosc.c.obj
LOAD CMakeFiles/blinky.dir/home/connor/pico/pico-sdk/src/rp2_common/hardware_divider/divider.S.obj
LOAD CMakeFiles/blinky.dir/home/connor/pico/pico-sdk/src/rp2_common/pico_runtime/runtime.c.obj
LOAD CMakeFiles/blinky.dir/home/connor/pico/pico-sdk/src/rp2_common/pico_printf/printf.c.obj
LOAD CMakeFiles/blinky.dir/home/connor/pico/pico-sdk/src/rp2_common/pico_bit_ops/bit_ops_aeabi.S.obj
LOAD CMakeFiles/blinky.dir/home/connor/pico/pico-sdk/src/rp2_common/pico_bootrom/bootrom.c.obj
LOAD CMakeFiles/blinky.dir/home/connor/pico/pico-sdk/src/rp2_common/pico_divider/divider.S.obj
LOAD CMakeFiles/blinky.dir/home/connor/pico/pico-sdk/src/rp2_common/pico_double/double_aeabi.S.obj
LOAD CMakeFiles/blinky.dir/home/connor/pico/pico-sdk/src/rp2_common/pico_double/double_init_rom.c.obj
LOAD CMakeFiles/blinky.dir/home/connor/pico/pico-sdk/src/rp2_common/pico_double/double_math.c.obj
LOAD CMakeFiles/blinky.dir/home/connor/pico/pico-sdk/src/rp2_common/pico_double/double_v1_rom_shim.S.obj
LOAD CMakeFiles/blinky.dir/home/connor/pico/pico-sdk/src/rp2_common/pico_int64_ops/pico_int64_ops_aeabi.S.obj
LOAD CMakeFiles/blinky.dir/home/connor/pico/pico-sdk/src/rp2_common/pico_float/float_aeabi.S.obj
LOAD CMakeFiles/blinky.dir/home/connor/pico/pico-sdk/src/rp2_common/pico_float/float_init_rom.c.obj
LOAD CMakeFiles/blinky.dir/home/connor/pico/pico-sdk/src/rp2_common/pico_float/float_math.c.obj
LOAD CMakeFiles/blinky.dir/home/connor/pico/pico-sdk/src/rp2_common/pico_float/float_v1_rom_shim.S.obj
LOAD CMakeFiles/blinky.dir/home/connor/pico/pico-sdk/src/rp2_common/pico_malloc/pico_malloc.c.obj
LOAD CMakeFiles/blinky.dir/home/connor/pico/pico-sdk/src/rp2_common/pico_mem_ops/mem_ops_aeabi.S.obj
LOAD CMakeFiles/blinky.dir/home/connor/pico/pico-sdk/src/rp2_common/pico_standard_link/crt0.S.obj
LOAD CMakeFiles/blinky.dir/home/connor/pico/pico-sdk/src/rp2_common/pico_standard_link/new_delete.cpp.obj
LOAD CMakeFiles/blinky.dir/home/connor/pico/pico-sdk/src/rp2_common/pico_standard_link/binary_info.c.obj
LOAD CMakeFiles/blinky.dir/home/connor/pico/pico-sdk/src/rp2_common/pico_stdio/stdio.c.obj
LOAD CMakeFiles/blinky.dir/home/connor/pico/pico-sdk/src/rp2_common/pico_stdio_uart/stdio_uart.c.obj
LOAD /tmp/ccuSYkod.o
LOAD /usr/lib/gcc/arm-none-eabi/13.1.0/../../../../arm-none-eabi/lib/thumb/v6-m/nofp/libstdc++.a
LOAD /usr/lib/gcc/arm-none-eabi/13.1.0/../../../../arm-none-eabi/lib/thumb/v6-m/nofp/libm.a
START GROUP
LOAD /usr/lib/gcc/arm-none-eabi/13.1.0/thumb/v6-m/nofp/libgcc.a
LOAD /usr/lib/gcc/arm-none-eabi/13.1.0/../../../../arm-none-eabi/lib/thumb/v6-m/nofp/libg.a
LOAD /usr/lib/gcc/arm-none-eabi/13.1.0/../../../../arm-none-eabi/lib/thumb/v6-m/nofp/libc.a
END GROUP
START GROUP
LOAD /usr/lib/gcc/arm-none-eabi/13.1.0/thumb/v6-m/nofp/libgcc.a
LOAD /usr/lib/gcc/arm-none-eabi/13.1.0/../../../../arm-none-eabi/lib/thumb/v6-m/nofp/libc.a
LOAD /usr/lib/gcc/arm-none-eabi/13.1.0/../../../../arm-none-eabi/lib/thumb/v6-m/nofp/libnosys.a
END GROUP
LOAD /usr/lib/gcc/arm-none-eabi/13.1.0/thumb/v6-m/nofp/crtend.o
LOAD /usr/lib/gcc/arm-none-eabi/13.1.0/thumb/v6-m/nofp/crtn.o
OUTPUT(blinky.elf elf32-littlearm)
LOAD linker stubs

.ARM.attributes
                0x00000000       0x28
 .ARM.attributes
                0x00000000       0x1e /usr/lib/gcc/arm-none-eabi/13.1.0/thumb/v6-m/nofp/crti.o
 .ARM.attributes
                0x0000001e       0x2c /usr/lib/gcc/arm-none-eabi/13.1.0/thumb/v6-m/nofp/crtbegin.o
 .ARM.attributes
                0x0000004a       0x2c CMakeFiles/blinky.dir/blinky.c.obj
 .ARM.attributes
                0x00000076       0x2c CMakeFiles/blinky.dir/home/connor/pico/pico-sdk/src/rp2_common/hardware_gpio/gpio.c.obj
 .ARM.attributes
                0x000000a2       0x2c CMakeFiles/blinky.dir/home/connor/pico/pico-sdk/src/rp2_common/pico_platform/platform.c.obj
 .ARM.attributes
                0x000000ce       0x2c CMakeFiles/blinky.dir/home/connor/pico/pico-sdk/src/rp2_common/hardware_claim/claim.c.obj
 .ARM.attributes
                0x000000fa       0x2c CMakeFiles/blinky.dir/home/connor/pico/pico-sdk/src/rp2_common/hardware_sync/sync.c.obj
 .ARM.attributes
                0x00000126       0x2c CMakeFiles/blinky.dir/home/connor/pico/pico-sdk/src/rp2_common/hardware_irq/irq.c.obj
 .ARM.attributes
                0x00000152       0x22 CMakeFiles/blinky.dir/home/connor/pico/pico-sdk/src/rp2_common/hardware_irq/irq_handler_chain.S.obj
 .ARM.attributes
                0x00000174       0x2c CMakeFiles/blinky.dir/home/connor/pico/pico-sdk/src/common/pico_sync/lock_core.c.obj
 .ARM.attributes
                0x000001a0       0x2c CMakeFiles/blinky.dir/home/connor/pico/pico-sdk/src/common/pico_sync/mutex.c.obj
 .ARM.attributes
                0x000001cc       0x2c CMakeFiles/blinky.dir/home/connor/pico/pico-sdk/src/common/pico_time/time.c.obj
 .ARM.attributes
                0x000001f8       0x2c CMakeFiles/blinky.dir/home/connor/pico/pico-sdk/src/rp2_common/hardware_timer/timer.c.obj
 .ARM.attributes
                0x00000224       0x2c CMakeFiles/blinky.dir/home/connor/pico/pico-sdk/src/common/pico_util/pheap.c.obj
 .ARM.attributes
                0x00000250       0x2c CMakeFiles/blinky.dir/home/connor/pico/pico-sdk/src/rp2_common/hardware_clocks/clocks.c.obj
 .ARM.attributes
                0x0000027c       0x2c CMakeFiles/blinky.dir/home/connor/pico/pico-sdk/src/rp2_common/hardware_pll/pll.c.obj
 .ARM.attributes
                0x000002a8       0x2c CMakeFiles/blinky.dir/home/connor/pico/pico-sdk/src/rp2_common/hardware_watchdog/watchdog.c.obj
 .ARM.attributes
                0x000002d4       0x2c CMakeFiles/blinky.dir/home/connor/pico/pico-sdk/src/rp2_common/hardware_xosc/xosc.c.obj
 .ARM.attributes
                0x00000300       0x2c CMakeFiles/blinky.dir/home/connor/pico/pico-sdk/src/rp2_common/pico_runtime/runtime.c.obj
 .ARM.attributes
                0x0000032c       0x2c CMakeFiles/blinky.dir/home/connor/pico/pico-sdk/src/rp2_common/pico_printf/printf.c.obj
 .ARM.attributes
                0x00000358       0x22 CMakeFiles/blinky.dir/home/connor/pico/pico-sdk/src/rp2_common/pico_bit_ops/bit_ops_aeabi.S.obj
 .ARM.attributes
                0x0000037a       0x2c CMakeFiles/blinky.dir/home/connor/pico/pico-sdk/src/rp2_common/pico_bootrom/bootrom.c.obj
 .ARM.attributes
                0x000003a6       0x22 CMakeFiles/blinky.dir/home/connor/pico/pico-sdk/src/rp2_common/pico_divider/divider.S.obj
 .ARM.attributes
                0x000003c8       0x22 CMakeFiles/blinky.dir/home/connor/pico/pico-sdk/src/rp2_common/pico_double/double_aeabi.S.obj
 .ARM.attributes
                0x000003ea       0x2c CMakeFiles/blinky.dir/home/connor/pico/pico-sdk/src/rp2_common/pico_double/double_init_rom.c.obj
 .ARM.attributes
                0x00000416       0x22 CMakeFiles/blinky.dir/home/connor/pico/pico-sdk/src/rp2_common/pico_double/double_v1_rom_shim.S.obj
 .ARM.attributes
                0x00000438       0x22 CMakeFiles/blinky.dir/home/connor/pico/pico-sdk/src/rp2_common/pico_int64_ops/pico_int64_ops_aeabi.S.obj
 .ARM.attributes
                0x0000045a       0x22 CMakeFiles/blinky.dir/home/connor/pico/pico-sdk/src/rp2_common/pico_float/float_aeabi.S.obj
 .ARM.attributes
                0x0000047c       0x2c CMakeFiles/blinky.dir/home/connor/pico/pico-sdk/src/rp2_common/pico_float/float_init_rom.c.obj
 .ARM.attributes
                0x000004a8       0x22 CMakeFiles/blinky.dir/home/connor/pico/pico-sdk/src/rp2_common/pico_float/float_v1_rom_shim.S.obj
 .ARM.attributes
                0x000004ca       0x22 CMakeFiles/blinky.dir/home/connor/pico/pico-sdk/src/rp2_common/pico_mem_ops/mem_ops_aeabi.S.obj
 .ARM.attributes
                0x000004ec       0x22 CMakeFiles/blinky.dir/home/connor/pico/pico-sdk/src/rp2_common/pico_standard_link/crt0.S.obj
 .ARM.attributes
                0x0000050e       0x2c CMakeFiles/blinky.dir/home/connor/pico/pico-sdk/src/rp2_common/pico_standard_link/binary_info.c.obj
 .ARM.attributes
                0x0000053a       0x2c CMakeFiles/blinky.dir/home/connor/pico/pico-sdk/src/rp2_common/pico_stdio/stdio.c.obj
 .ARM.attributes
                0x00000566       0x22 /tmp/ccuSYkod.o
 .ARM.attributes
                0x00000588       0x1e /usr/lib/gcc/arm-none-eabi/13.1.0/thumb/v6-m/nofp/libgcc.a(_dvmd_tls.o)
 .ARM.attributes
                0x000005a6       0x2c /usr/lib/gcc/arm-none-eabi/13.1.0/../../../../arm-none-eabi/lib/thumb/v6-m/nofp/libg.a(libc_a-atexit.o)
 .ARM.attributes
                0x000005d2       0x2c /usr/lib/gcc/arm-none-eabi/13.1.0/../../../../arm-none-eabi/lib/thumb/v6-m/nofp/libg.a(libc_a-fini.o)
 .ARM.attributes
                0x000005fe       0x2c /usr/lib/gcc/arm-none-eabi/13.1.0/../../../../arm-none-eabi/lib/thumb/v6-m/nofp/libg.a(libc_a-lock.o)
 .ARM.attributes
                0x0000062a       0x2c /usr/lib/gcc/arm-none-eabi/13.1.0/../../../../arm-none-eabi/lib/thumb/v6-m/nofp/libg.a(libc_a-strlen-stub.o)
 .ARM.attributes
                0x00000656       0x2c /usr/lib/gcc/arm-none-eabi/13.1.0/../../../../arm-none-eabi/lib/thumb/v6-m/nofp/libg.a(libc_a-__atexit.o)
 .ARM.attributes
                0x00000682       0x2c /usr/lib/gcc/arm-none-eabi/13.1.0/../../../../arm-none-eabi/lib/thumb/v6-m/nofp/libg.a(libc_a-__call_atexit.o)
 .ARM.attributes
                0x000006ae       0x2c /usr/lib/gcc/arm-none-eabi/13.1.0/thumb/v6-m/nofp/crtend.o

.comment        0x00000000       0x46
 .comment       0x00000000       0x23 /usr/lib/gcc/arm-none-eabi/13.1.0/thumb/v6-m/nofp/crtbegin.o
                                 0x24 (size before relaxing)
 .comment       0x00000023       0x24 CMakeFiles/blinky.dir/blinky.c.obj
 .comment       0x00000023       0x24 CMakeFiles/blinky.dir/home/connor/pico/pico-sdk/src/rp2_common/hardware_gpio/gpio.c.obj
 .comment       0x00000023       0x24 CMakeFiles/blinky.dir/home/connor/pico/pico-sdk/src/rp2_common/pico_platform/platform.c.obj
 .comment       0x00000023       0x24 CMakeFiles/blinky.dir/home/connor/pico/pico-sdk/src/rp2_common/hardware_claim/claim.c.obj
 .comment       0x00000023       0x24 CMakeFiles/blinky.dir/home/connor/pico/pico-sdk/src/rp2_common/hardware_sync/sync.c.obj
 .comment       0x00000023       0x24 CMakeFiles/blinky.dir/home/connor/pico/pico-sdk/src/rp2_common/hardware_irq/irq.c.obj
 .comment       0x00000023       0x24 CMakeFiles/blinky.dir/home/connor/pico/pico-sdk/src/common/pico_sync/lock_core.c.obj
 .comment       0x00000023       0x24 CMakeFiles/blinky.dir/home/connor/pico/pico-sdk/src/common/pico_sync/mutex.c.obj
 .comment       0x00000023       0x24 CMakeFiles/blinky.dir/home/connor/pico/pico-sdk/src/common/pico_time/time.c.obj
 .comment       0x00000023       0x24 CMakeFiles/blinky.dir/home/connor/pico/pico-sdk/src/rp2_common/hardware_timer/timer.c.obj
 .comment       0x00000023       0x24 CMakeFiles/blinky.dir/home/connor/pico/pico-sdk/src/common/pico_util/pheap.c.obj
 .comment       0x00000023       0x24 CMakeFiles/blinky.dir/home/connor/pico/pico-sdk/src/rp2_common/hardware_clocks/clocks.c.obj
 .comment       0x00000023       0x24 CMakeFiles/blinky.dir/home/connor/pico/pico-sdk/src/rp2_common/hardware_pll/pll.c.obj
 .comment       0x00000023       0x24 CMakeFiles/blinky.dir/home/connor/pico/pico-sdk/src/rp2_common/hardware_watchdog/watchdog.c.obj
 .comment       0x00000023       0x24 CMakeFiles/blinky.dir/home/connor/pico/pico-sdk/src/rp2_common/hardware_xosc/xosc.c.obj
 .comment       0x00000023       0x24 CMakeFiles/blinky.dir/home/connor/pico/pico-sdk/src/rp2_common/pico_runtime/runtime.c.obj
 .comment       0x00000023       0x24 CMakeFiles/blinky.dir/home/connor/pico/pico-sdk/src/rp2_common/pico_printf/printf.c.obj
 .comment       0x00000023       0x24 CMakeFiles/blinky.dir/home/connor/pico/pico-sdk/src/rp2_common/pico_bootrom/bootrom.c.obj
 .comment       0x00000023       0x24 CMakeFiles/blinky.dir/home/connor/pico/pico-sdk/src/rp2_common/pico_double/double_init_rom.c.obj
 .comment       0x00000023       0x24 CMakeFiles/blinky.dir/home/connor/pico/pico-sdk/src/rp2_common/pico_float/float_init_rom.c.obj
 .comment       0x00000023       0x24 CMakeFiles/blinky.dir/home/connor/pico/pico-sdk/src/rp2_common/pico_standard_link/binary_info.c.obj
 .comment       0x00000023       0x24 CMakeFiles/blinky.dir/home/connor/pico/pico-sdk/src/rp2_common/pico_stdio/stdio.c.obj
 .comment       0x00000023       0x23 /usr/lib/gcc/arm-none-eabi/13.1.0/../../../../arm-none-eabi/lib/thumb/v6-m/nofp/libg.a(libc_a-atexit.o)
                                 0x24 (size before relaxing)
 .comment       0x00000046       0x24 /usr/lib/gcc/arm-none-eabi/13.1.0/../../../../arm-none-eabi/lib/thumb/v6-m/nofp/libg.a(libc_a-fini.o)
 .comment       0x00000046       0x24 /usr/lib/gcc/arm-none-eabi/13.1.0/../../../../arm-none-eabi/lib/thumb/v6-m/nofp/libg.a(libc_a-lock.o)
 .comment       0x00000046       0x24 /usr/lib/gcc/arm-none-eabi/13.1.0/../../../../arm-none-eabi/lib/thumb/v6-m/nofp/libg.a(libc_a-strlen-stub.o)
 .comment       0x00000046       0x24 /usr/lib/gcc/arm-none-eabi/13.1.0/../../../../arm-none-eabi/lib/thumb/v6-m/nofp/libg.a(libc_a-__atexit.o)
 .comment       0x00000046       0x24 /usr/lib/gcc/arm-none-eabi/13.1.0/../../../../arm-none-eabi/lib/thumb/v6-m/nofp/libg.a(libc_a-__call_atexit.o)
 .comment       0x00000046       0x24 /usr/lib/gcc/arm-none-eabi/13.1.0/thumb/v6-m/nofp/crtend.o

.debug_info     0x00000000    0x1336d
 .debug_info    0x00000000      0x6a3 CMakeFiles/blinky.dir/blinky.c.obj
 .debug_info    0x000006a3     0x184b CMakeFiles/blinky.dir/home/connor/pico/pico-sdk/src/rp2_common/hardware_gpio/gpio.c.obj
 .debug_info    0x00001eee      0x1fb CMakeFiles/blinky.dir/home/connor/pico/pico-sdk/src/rp2_common/pico_platform/platform.c.obj
 .debug_info    0x000020e9      0x69a CMakeFiles/blinky.dir/home/connor/pico/pico-sdk/src/rp2_common/hardware_claim/claim.c.obj
 .debug_info    0x00002783      0x5fa CMakeFiles/blinky.dir/home/connor/pico/pico-sdk/src/rp2_common/hardware_sync/sync.c.obj
 .debug_info    0x00002d7d     0x1c43 CMakeFiles/blinky.dir/home/connor/pico/pico-sdk/src/rp2_common/hardware_irq/irq.c.obj
 .debug_info    0x000049c0      0x1a3 CMakeFiles/blinky.dir/home/connor/pico/pico-sdk/src/common/pico_sync/lock_core.c.obj
 .debug_info    0x00004b63     0x1d29 CMakeFiles/blinky.dir/home/connor/pico/pico-sdk/src/common/pico_sync/mutex.c.obj
 .debug_info    0x0000688c     0x33f9 CMakeFiles/blinky.dir/home/connor/pico/pico-sdk/src/common/pico_time/time.c.obj
 .debug_info    0x00009c85     0x145b CMakeFiles/blinky.dir/home/connor/pico/pico-sdk/src/rp2_common/hardware_timer/timer.c.obj
 .debug_info    0x0000b0e0      0xe82 CMakeFiles/blinky.dir/home/connor/pico/pico-sdk/src/common/pico_util/pheap.c.obj
 .debug_info    0x0000bf62      0xfe7 CMakeFiles/blinky.dir/home/connor/pico/pico-sdk/src/rp2_common/hardware_clocks/clocks.c.obj
 .debug_info    0x0000cf49      0x505 CMakeFiles/blinky.dir/home/connor/pico/pico-sdk/src/rp2_common/hardware_pll/pll.c.obj
 .debug_info    0x0000d44e      0x4d8 CMakeFiles/blinky.dir/home/connor/pico/pico-sdk/src/rp2_common/hardware_watchdog/watchdog.c.obj
 .debug_info    0x0000d926      0x1c7 CMakeFiles/blinky.dir/home/connor/pico/pico-sdk/src/rp2_common/hardware_xosc/xosc.c.obj
 .debug_info    0x0000daed      0xf23 CMakeFiles/blinky.dir/home/connor/pico/pico-sdk/src/rp2_common/pico_runtime/runtime.c.obj
 .debug_info    0x0000ea10     0x19db CMakeFiles/blinky.dir/home/connor/pico/pico-sdk/src/rp2_common/pico_printf/printf.c.obj
 .debug_info    0x000103eb       0x23 CMakeFiles/blinky.dir/home/connor/pico/pico-sdk/src/rp2_common/pico_bit_ops/bit_ops_aeabi.S.obj
 .debug_info    0x0001040e      0x331 CMakeFiles/blinky.dir/home/connor/pico/pico-sdk/src/rp2_common/pico_bootrom/bootrom.c.obj
 .debug_info    0x0001073f       0x23 CMakeFiles/blinky.dir/home/connor/pico/pico-sdk/src/rp2_common/pico_divider/divider.S.obj
 .debug_info    0x00010762       0x23 CMakeFiles/blinky.dir/home/connor/pico/pico-sdk/src/rp2_common/pico_double/double_aeabi.S.obj
 .debug_info    0x00010785      0x33b CMakeFiles/blinky.dir/home/connor/pico/pico-sdk/src/rp2_common/pico_double/double_init_rom.c.obj
 .debug_info    0x00010ac0       0x23 CMakeFiles/blinky.dir/home/connor/pico/pico-sdk/src/rp2_common/pico_double/double_v1_rom_shim.S.obj
 .debug_info    0x00010ae3       0x24 CMakeFiles/blinky.dir/home/connor/pico/pico-sdk/src/rp2_common/pico_int64_ops/pico_int64_ops_aeabi.S.obj
 .debug_info    0x00010b07       0x23 CMakeFiles/blinky.dir/home/connor/pico/pico-sdk/src/rp2_common/pico_float/float_aeabi.S.obj
 .debug_info    0x00010b2a      0x34f CMakeFiles/blinky.dir/home/connor/pico/pico-sdk/src/rp2_common/pico_float/float_init_rom.c.obj
 .debug_info    0x00010e79       0x23 CMakeFiles/blinky.dir/home/connor/pico/pico-sdk/src/rp2_common/pico_float/float_v1_rom_shim.S.obj
 .debug_info    0x00010e9c       0x23 CMakeFiles/blinky.dir/home/connor/pico/pico-sdk/src/rp2_common/pico_mem_ops/mem_ops_aeabi.S.obj
 .debug_info    0x00010ebf       0x23 CMakeFiles/blinky.dir/home/connor/pico/pico-sdk/src/rp2_common/pico_standard_link/crt0.S.obj
 .debug_info    0x00010ee2      0x2b8 CMakeFiles/blinky.dir/home/connor/pico/pico-sdk/src/rp2_common/pico_standard_link/binary_info.c.obj
 .debug_info    0x0001119a     0x1743 CMakeFiles/blinky.dir/home/connor/pico/pico-sdk/src/rp2_common/pico_stdio/stdio.c.obj
 .debug_info    0x000128dd       0x3c /usr/lib/gcc/arm-none-eabi/13.1.0/thumb/v6-m/nofp/libgcc.a(_dvmd_tls.o)
 .debug_info    0x00012919      0x11e /usr/lib/gcc/arm-none-eabi/13.1.0/../../../../arm-none-eabi/lib/thumb/v6-m/nofp/libg.a(libc_a-atexit.o)
 .debug_info    0x00012a37       0xf7 /usr/lib/gcc/arm-none-eabi/13.1.0/../../../../arm-none-eabi/lib/thumb/v6-m/nofp/libg.a(libc_a-fini.o)
 .debug_info    0x00012b2e      0x218 /usr/lib/gcc/arm-none-eabi/13.1.0/../../../../arm-none-eabi/lib/thumb/v6-m/nofp/libg.a(libc_a-lock.o)
 .debug_info    0x00012d46       0xeb /usr/lib/gcc/arm-none-eabi/13.1.0/../../../../arm-none-eabi/lib/thumb/v6-m/nofp/libg.a(libc_a-strlen-stub.o)
 .debug_info    0x00012e31      0x25f /usr/lib/gcc/arm-none-eabi/13.1.0/../../../../arm-none-eabi/lib/thumb/v6-m/nofp/libg.a(libc_a-__atexit.o)
 .debug_info    0x00013090      0x2dd /usr/lib/gcc/arm-none-eabi/13.1.0/../../../../arm-none-eabi/lib/thumb/v6-m/nofp/libg.a(libc_a-__call_atexit.o)

.debug_abbrev   0x00000000     0x4497
 .debug_abbrev  0x00000000      0x1a2 CMakeFiles/blinky.dir/blinky.c.obj
 .debug_abbrev  0x000001a2      0x3a6 CMakeFiles/blinky.dir/home/connor/pico/pico-sdk/src/rp2_common/hardware_gpio/gpio.c.obj
 .debug_abbrev  0x00000548       0xf8 CMakeFiles/blinky.dir/home/connor/pico/pico-sdk/src/rp2_common/pico_platform/platform.c.obj
 .debug_abbrev  0x00000640      0x2ce CMakeFiles/blinky.dir/home/connor/pico/pico-sdk/src/rp2_common/hardware_claim/claim.c.obj
 .debug_abbrev  0x0000090e      0x249 CMakeFiles/blinky.dir/home/connor/pico/pico-sdk/src/rp2_common/hardware_sync/sync.c.obj
 .debug_abbrev  0x00000b57      0x500 CMakeFiles/blinky.dir/home/connor/pico/pico-sdk/src/rp2_common/hardware_irq/irq.c.obj
 .debug_abbrev  0x00001057      0x116 CMakeFiles/blinky.dir/home/connor/pico/pico-sdk/src/common/pico_sync/lock_core.c.obj
 .debug_abbrev  0x0000116d      0x3f1 CMakeFiles/blinky.dir/home/connor/pico/pico-sdk/src/common/pico_sync/mutex.c.obj
 .debug_abbrev  0x0000155e      0x5c3 CMakeFiles/blinky.dir/home/connor/pico/pico-sdk/src/common/pico_time/time.c.obj
 .debug_abbrev  0x00001b21      0x3d5 CMakeFiles/blinky.dir/home/connor/pico/pico-sdk/src/rp2_common/hardware_timer/timer.c.obj
 .debug_abbrev  0x00001ef6      0x290 CMakeFiles/blinky.dir/home/connor/pico/pico-sdk/src/common/pico_util/pheap.c.obj
 .debug_abbrev  0x00002186      0x434 CMakeFiles/blinky.dir/home/connor/pico/pico-sdk/src/rp2_common/hardware_clocks/clocks.c.obj
 .debug_abbrev  0x000025ba      0x1e7 CMakeFiles/blinky.dir/home/connor/pico/pico-sdk/src/rp2_common/hardware_pll/pll.c.obj
 .debug_abbrev  0x000027a1      0x1a8 CMakeFiles/blinky.dir/home/connor/pico/pico-sdk/src/rp2_common/hardware_watchdog/watchdog.c.obj
 .debug_abbrev  0x00002949      0x10c CMakeFiles/blinky.dir/home/connor/pico/pico-sdk/src/rp2_common/hardware_xosc/xosc.c.obj
 .debug_abbrev  0x00002a55      0x530 CMakeFiles/blinky.dir/home/connor/pico/pico-sdk/src/rp2_common/pico_runtime/runtime.c.obj
 .debug_abbrev  0x00002f85      0x371 CMakeFiles/blinky.dir/home/connor/pico/pico-sdk/src/rp2_common/pico_printf/printf.c.obj
 .debug_abbrev  0x000032f6       0x12 CMakeFiles/blinky.dir/home/connor/pico/pico-sdk/src/rp2_common/pico_bit_ops/bit_ops_aeabi.S.obj
 .debug_abbrev  0x00003308      0x167 CMakeFiles/blinky.dir/home/connor/pico/pico-sdk/src/rp2_common/pico_bootrom/bootrom.c.obj
 .debug_abbrev  0x0000346f       0x12 CMakeFiles/blinky.dir/home/connor/pico/pico-sdk/src/rp2_common/pico_divider/divider.S.obj
 .debug_abbrev  0x00003481       0x12 CMakeFiles/blinky.dir/home/connor/pico/pico-sdk/src/rp2_common/pico_double/double_aeabi.S.obj
 .debug_abbrev  0x00003493      0x1c3 CMakeFiles/blinky.dir/home/connor/pico/pico-sdk/src/rp2_common/pico_double/double_init_rom.c.obj
 .debug_abbrev  0x00003656       0x12 CMakeFiles/blinky.dir/home/connor/pico/pico-sdk/src/rp2_common/pico_double/double_v1_rom_shim.S.obj
 .debug_abbrev  0x00003668       0x14 CMakeFiles/blinky.dir/home/connor/pico/pico-sdk/src/rp2_common/pico_int64_ops/pico_int64_ops_aeabi.S.obj
 .debug_abbrev  0x0000367c       0x12 CMakeFiles/blinky.dir/home/connor/pico/pico-sdk/src/rp2_common/pico_float/float_aeabi.S.obj
 .debug_abbrev  0x0000368e      0x1c6 CMakeFiles/blinky.dir/home/connor/pico/pico-sdk/src/rp2_common/pico_float/float_init_rom.c.obj
 .debug_abbrev  0x00003854       0x12 CMakeFiles/blinky.dir/home/connor/pico/pico-sdk/src/rp2_common/pico_float/float_v1_rom_shim.S.obj
 .debug_abbrev  0x00003866       0x12 CMakeFiles/blinky.dir/home/connor/pico/pico-sdk/src/rp2_common/pico_mem_ops/mem_ops_aeabi.S.obj
 .debug_abbrev  0x00003878       0x12 CMakeFiles/blinky.dir/home/connor/pico/pico-sdk/src/rp2_common/pico_standard_link/crt0.S.obj
 .debug_abbrev  0x0000388a       0xb8 CMakeFiles/blinky.dir/home/connor/pico/pico-sdk/src/rp2_common/pico_standard_link/binary_info.c.obj
 .debug_abbrev  0x00003942      0x47a CMakeFiles/blinky.dir/home/connor/pico/pico-sdk/src/rp2_common/pico_stdio/stdio.c.obj
 .debug_abbrev  0x00003dbc       0x26 /usr/lib/gcc/arm-none-eabi/13.1.0/thumb/v6-m/nofp/libgcc.a(_dvmd_tls.o)
 .debug_abbrev  0x00003de2       0xbe /usr/lib/gcc/arm-none-eabi/13.1.0/../../../../arm-none-eabi/lib/thumb/v6-m/nofp/libg.a(libc_a-atexit.o)
 .debug_abbrev  0x00003ea0       0xc9 /usr/lib/gcc/arm-none-eabi/13.1.0/../../../../arm-none-eabi/lib/thumb/v6-m/nofp/libg.a(libc_a-fini.o)
 .debug_abbrev  0x00003f69      0x115 /usr/lib/gcc/arm-none-eabi/13.1.0/../../../../arm-none-eabi/lib/thumb/v6-m/nofp/libg.a(libc_a-lock.o)
 .debug_abbrev  0x0000407e       0x90 /usr/lib/gcc/arm-none-eabi/13.1.0/../../../../arm-none-eabi/lib/thumb/v6-m/nofp/libg.a(libc_a-strlen-stub.o)
 .debug_abbrev  0x0000410e      0x189 /usr/lib/gcc/arm-none-eabi/13.1.0/../../../../arm-none-eabi/lib/thumb/v6-m/nofp/libg.a(libc_a-__atexit.o)
 .debug_abbrev  0x00004297      0x200 /usr/lib/gcc/arm-none-eabi/13.1.0/../../../../arm-none-eabi/lib/thumb/v6-m/nofp/libg.a(libc_a-__call_atexit.o)

.debug_loclists
                0x00000000     0x7f10
 .debug_loclists
                0x00000000      0x110 CMakeFiles/blinky.dir/blinky.c.obj
 .debug_loclists
                0x00000110      0xb61 CMakeFiles/blinky.dir/home/connor/pico/pico-sdk/src/rp2_common/hardware_gpio/gpio.c.obj
 .debug_loclists
                0x00000c71       0xad CMakeFiles/blinky.dir/home/connor/pico/pico-sdk/src/rp2_common/pico_platform/platform.c.obj
 .debug_loclists
                0x00000d1e      0x2af CMakeFiles/blinky.dir/home/connor/pico/pico-sdk/src/rp2_common/hardware_claim/claim.c.obj
 .debug_loclists
                0x00000fcd      0x182 CMakeFiles/blinky.dir/home/connor/pico/pico-sdk/src/rp2_common/hardware_sync/sync.c.obj
 .debug_loclists
                0x0000114f      0xdb7 CMakeFiles/blinky.dir/home/connor/pico/pico-sdk/src/rp2_common/hardware_irq/irq.c.obj
 .debug_loclists
                0x00001f06       0x50 CMakeFiles/blinky.dir/home/connor/pico/pico-sdk/src/common/pico_sync/lock_core.c.obj
 .debug_loclists
                0x00001f56      0xa5b CMakeFiles/blinky.dir/home/connor/pico/pico-sdk/src/common/pico_sync/mutex.c.obj
 .debug_loclists
                0x000029b1     0x146a CMakeFiles/blinky.dir/home/connor/pico/pico-sdk/src/common/pico_time/time.c.obj
 .debug_loclists
                0x00003e1b      0x698 CMakeFiles/blinky.dir/home/connor/pico/pico-sdk/src/rp2_common/hardware_timer/timer.c.obj
 .debug_loclists
                0x000044b3      0x7aa CMakeFiles/blinky.dir/home/connor/pico/pico-sdk/src/common/pico_util/pheap.c.obj
 .debug_loclists
                0x00004c5d      0x5c2 CMakeFiles/blinky.dir/home/connor/pico/pico-sdk/src/rp2_common/hardware_clocks/clocks.c.obj
 .debug_loclists
                0x0000521f      0x214 CMakeFiles/blinky.dir/home/connor/pico/pico-sdk/src/rp2_common/hardware_pll/pll.c.obj
 .debug_loclists
                0x00005433      0x1fd CMakeFiles/blinky.dir/home/connor/pico/pico-sdk/src/rp2_common/hardware_watchdog/watchdog.c.obj
 .debug_loclists
                0x00005630       0x48 CMakeFiles/blinky.dir/home/connor/pico/pico-sdk/src/rp2_common/hardware_xosc/xosc.c.obj
 .debug_loclists
                0x00005678      0x3d9 CMakeFiles/blinky.dir/home/connor/pico/pico-sdk/src/rp2_common/pico_runtime/runtime.c.obj
 .debug_loclists
                0x00005a51     0x16f9 CMakeFiles/blinky.dir/home/connor/pico/pico-sdk/src/rp2_common/pico_printf/printf.c.obj
 .debug_loclists
                0x0000714a      0x14d CMakeFiles/blinky.dir/home/connor/pico/pico-sdk/src/rp2_common/pico_bootrom/bootrom.c.obj
 .debug_loclists
                0x00007297       0x41 CMakeFiles/blinky.dir/home/connor/pico/pico-sdk/src/rp2_common/pico_double/double_init_rom.c.obj
 .debug_loclists
                0x000072d8       0x4f CMakeFiles/blinky.dir/home/connor/pico/pico-sdk/src/rp2_common/pico_float/float_init_rom.c.obj
 .debug_loclists
                0x00007327      0x8c3 CMakeFiles/blinky.dir/home/connor/pico/pico-sdk/src/rp2_common/pico_stdio/stdio.c.obj
 .debug_loclists
                0x00007bea       0x30 /usr/lib/gcc/arm-none-eabi/13.1.0/../../../../arm-none-eabi/lib/thumb/v6-m/nofp/libg.a(libc_a-atexit.o)
 .debug_loclists
                0x00007c1a       0x34 /usr/lib/gcc/arm-none-eabi/13.1.0/../../../../arm-none-eabi/lib/thumb/v6-m/nofp/libg.a(libc_a-fini.o)
 .debug_loclists
                0x00007c4e       0x29 /usr/lib/gcc/arm-none-eabi/13.1.0/../../../../arm-none-eabi/lib/thumb/v6-m/nofp/libg.a(libc_a-lock.o)
 .debug_loclists
                0x00007c77       0x64 /usr/lib/gcc/arm-none-eabi/13.1.0/../../../../arm-none-eabi/lib/thumb/v6-m/nofp/libg.a(libc_a-strlen-stub.o)
 .debug_loclists
                0x00007cdb      0x122 /usr/lib/gcc/arm-none-eabi/13.1.0/../../../../arm-none-eabi/lib/thumb/v6-m/nofp/libg.a(libc_a-__atexit.o)
 .debug_loclists
                0x00007dfd      0x113 /usr/lib/gcc/arm-none-eabi/13.1.0/../../../../arm-none-eabi/lib/thumb/v6-m/nofp/libg.a(libc_a-__call_atexit.o)

.debug_aranges  0x00000000      0xfe8
 .debug_aranges
                0x00000000       0x20 CMakeFiles/blinky.dir/blinky.c.obj
 .debug_aranges
                0x00000020      0x100 CMakeFiles/blinky.dir/home/connor/pico/pico-sdk/src/rp2_common/hardware_gpio/gpio.c.obj
 .debug_aranges
                0x00000120       0x28 CMakeFiles/blinky.dir/home/connor/pico/pico-sdk/src/rp2_common/pico_platform/platform.c.obj
 .debug_aranges
                0x00000148       0x48 CMakeFiles/blinky.dir/home/connor/pico/pico-sdk/src/rp2_common/hardware_claim/claim.c.obj
 .debug_aranges
                0x00000190       0x58 CMakeFiles/blinky.dir/home/connor/pico/pico-sdk/src/rp2_common/hardware_sync/sync.c.obj
 .debug_aranges
                0x000001e8       0xd0 CMakeFiles/blinky.dir/home/connor/pico/pico-sdk/src/rp2_common/hardware_irq/irq.c.obj
 .debug_aranges
                0x000002b8       0x20 CMakeFiles/blinky.dir/home/connor/pico/pico-sdk/src/common/pico_sync/lock_core.c.obj
 .debug_aranges
                0x000002d8       0xc0 CMakeFiles/blinky.dir/home/connor/pico/pico-sdk/src/common/pico_sync/mutex.c.obj
 .debug_aranges
                0x00000398      0x158 CMakeFiles/blinky.dir/home/connor/pico/pico-sdk/src/common/pico_time/time.c.obj
 .debug_aranges
                0x000004f0       0x90 CMakeFiles/blinky.dir/home/connor/pico/pico-sdk/src/rp2_common/hardware_timer/timer.c.obj
 .debug_aranges
                0x00000580       0x80 CMakeFiles/blinky.dir/home/connor/pico/pico-sdk/src/common/pico_util/pheap.c.obj
 .debug_aranges
                0x00000600       0x70 CMakeFiles/blinky.dir/home/connor/pico/pico-sdk/src/rp2_common/hardware_clocks/clocks.c.obj
 .debug_aranges
                0x00000670       0x28 CMakeFiles/blinky.dir/home/connor/pico/pico-sdk/src/rp2_common/hardware_pll/pll.c.obj
 .debug_aranges
                0x00000698       0x58 CMakeFiles/blinky.dir/home/connor/pico/pico-sdk/src/rp2_common/hardware_watchdog/watchdog.c.obj
 .debug_aranges
                0x000006f0       0x30 CMakeFiles/blinky.dir/home/connor/pico/pico-sdk/src/rp2_common/hardware_xosc/xosc.c.obj
 .debug_aranges
                0x00000720       0x98 CMakeFiles/blinky.dir/home/connor/pico/pico-sdk/src/rp2_common/pico_runtime/runtime.c.obj
 .debug_aranges
                0x000007b8       0x90 CMakeFiles/blinky.dir/home/connor/pico/pico-sdk/src/rp2_common/pico_printf/printf.c.obj
 .debug_aranges
                0x00000848       0x68 CMakeFiles/blinky.dir/home/connor/pico/pico-sdk/src/rp2_common/pico_bit_ops/bit_ops_aeabi.S.obj
 .debug_aranges
                0x000008b0       0x30 CMakeFiles/blinky.dir/home/connor/pico/pico-sdk/src/rp2_common/pico_bootrom/bootrom.c.obj
 .debug_aranges
                0x000008e0       0x40 CMakeFiles/blinky.dir/home/connor/pico/pico-sdk/src/rp2_common/pico_divider/divider.S.obj
 .debug_aranges
                0x00000920      0x140 CMakeFiles/blinky.dir/home/connor/pico/pico-sdk/src/rp2_common/pico_double/double_aeabi.S.obj
 .debug_aranges
                0x00000a60       0x20 CMakeFiles/blinky.dir/home/connor/pico/pico-sdk/src/rp2_common/pico_double/double_init_rom.c.obj
 .debug_aranges